synthesis:  version Diamond (64-bit) 3.13.0.56.2

Copyright (c) 1991-1994 by NeoCAD Inc. All rights reserved.
Copyright (c) 1995 AT&T Corp.   All rights reserved.
Copyright (c) 1995-2001 Lucent Technologies Inc.  All rights reserved.
Copyright (c) 2001 Agere Systems   All rights reserved.
Copyright (c) 2002-2023 Lattice Semiconductor Corporation,  All rights reserved.
Tue Sep 29 19:07:13 2026


Command Line:  synthesis -f UMH_7_UMH_7_1_lattice.synproj 

Synthesis options:
The -a option is MachXO2.
The -s option is 4.
The -t option is CSBGA132.
The -d option is LCMXO2-2000HC.
Using package CSBGA132.
Using performance grade 4.
                                                          

##########################################################

### Lattice Family : MachXO2

### Device  : LCMXO2-2000HC

### Package : CSBGA132

### Speed   : 4

##########################################################

                                                          

INFO - synthesis: User-Selected Strategy Settings
Optimization goal = Balanced
The -top option is not used.
Target frequency = 128.000000 MHz.
Maximum fanout = 1000.
Timing path count = 3
BRAM utilization = 100.000000 %
DSP usage = true
DSP utilization = 100.000000 %
fsm_encoding_style = auto
resolve_mixed_drivers = 0
fix_gated_clocks = 1

Mux style = Auto
Use Carry Chain = true
carry_chain_length = 0
Loop Limit = 1950.
Use IO Insertion = TRUE
Use IO Reg = AUTO

Resource Sharing = TRUE
Propagate Constants = TRUE
Remove Duplicate Registers = TRUE
force_gsr = auto
ROM style = auto
RAM style = auto
The -comp option is FALSE.
The -syn option is FALSE.
-p D:/Data/OneDrive/Projects/UMH/Software/UMH Controller/FPGA (searchpath added)
-p D:/Software/Lattice Diamond/diamond/3.13/ispfpga/xo2c00/data (searchpath added)
-p D:/Data/OneDrive/Projects/UMH/Software/UMH Controller/FPGA/UMH_7_1 (searchpath added)
-p D:/Data/OneDrive/Projects/UMH/Software/UMH Controller/FPGA (searchpath added)
Verilog design file = D:/Data/OneDrive/Projects/UMH/Software/UMH Controller/FPGA/src/umh_fpga_top.v
Verilog design file = D:/Data/OneDrive/Projects/UMH/Software/UMH Controller/FPGA/src/ws2812_stream.v
Verilog design file = D:/Data/OneDrive/Projects/UMH/Software/UMH Controller/FPGA/src/spi_mic_stream.v
NGD file = UMH_7_UMH_7_1.ngd
-sdc option: SDC file input not used.
-lpf option: Output file option is ON.
Hardtimer checking is enabled (default). The -dt option is not used.
The -r option is OFF. [ Remove LOC Properties is OFF. ]
WARNING - synthesis: Setting umh_fpga_top as the top-level module. To specify the top-level module explicitly, use the -top option.
Technology check ok...

Analyzing Verilog file D:/Software/Lattice Diamond/diamond/3.13/ispfpga/userware/NT/SYNTHESIS_HEADERS/machxo2.v. VERI-1482
Compile design.
Compile Design Begin
Analyzing Verilog file d:/data/onedrive/projects/umh/software/umh controller/fpga/src/umh_fpga_top.v. VERI-1482
Analyzing Verilog file d:/data/onedrive/projects/umh/software/umh controller/fpga/src/ws2812_stream.v. VERI-1482
Analyzing Verilog file d:/data/onedrive/projects/umh/software/umh controller/fpga/src/spi_mic_stream.v. VERI-1482
Analyzing Verilog file D:/Software/Lattice Diamond/diamond/3.13/ispfpga/userware/NT/SYNTHESIS_HEADERS/machxo2.v. VERI-1482
Top module name (Verilog): umh_fpga_top
INFO - synthesis: d:/data/onedrive/projects/umh/software/umh controller/fpga/src/umh_fpga_top.v(122): compiling module umh_fpga_top. VERI-1018
INFO - synthesis: D:/Software/Lattice Diamond/diamond/3.13/ispfpga/userware/NT/SYNTHESIS_HEADERS/machxo2.v(1730): compiling module EHXPLLJ(CLKFB_DIV=8,CLKOP_CPHASE=7,FEEDBK_PATH="INT_DIVA"). VERI-1018
WARNING - synthesis: d:/data/onedrive/projects/umh/software/umh controller/fpga/src/umh_fpga_top.v(382): expression size 5 truncated to fit in target size 4. VERI-1209
INFO - synthesis: d:/data/onedrive/projects/umh/software/umh controller/fpga/src/umh_fpga_top.v(49): compiling module umh_channel_ram18. VERI-1018
INFO - synthesis: d:/data/onedrive/projects/umh/software/umh controller/fpga/src/umh_fpga_top.v(65): compiling module umh_toggle_ram84. VERI-1018
INFO - synthesis: d:/data/onedrive/projects/umh/software/umh controller/fpga/src/umh_fpga_top.v(88): compiling module umh_mic_iq_ram. VERI-1018
INFO - synthesis: d:/data/onedrive/projects/umh/software/umh controller/fpga/src/umh_fpga_top.v(108): compiling module umh_audio_fifo. VERI-1018
INFO - synthesis: d:/data/onedrive/projects/umh/software/umh controller/fpga/src/ws2812_stream.v(13): compiling module ws2812_stream. VERI-1018
INFO - synthesis: d:/data/onedrive/projects/umh/software/umh controller/fpga/src/spi_mic_stream.v(5): compiling module spi_mic_stream. VERI-1018
WARNING - synthesis: d:/data/onedrive/projects/umh/software/umh controller/fpga/src/umh_fpga_top.v(191): input port ENCLKOS is not connected on this instance. VDB-1013
Loading NGL library 'D:/Software/Lattice Diamond/diamond/3.13/ispfpga/xo2c00a/data/xo2alib.ngl'...
Loading NGL library 'D:/Software/Lattice Diamond/diamond/3.13/ispfpga/xo2c00/data/xo2clib.ngl'...
Loading NGL library 'D:/Software/Lattice Diamond/diamond/3.13/ispfpga/mg5g00/data/mg5glib.ngl'...
Loading NGL library 'D:/Software/Lattice Diamond/diamond/3.13/ispfpga/or5g00/data/orc5glib.ngl'...
Loading device for application map from file 'xo2c2000.nph' in environment: D:/Software/Lattice Diamond/diamond/3.13/ispfpga.
Package Status:                     Final          Version 1.44.
Top-level module name = umh_fpga_top.
WARNING - synthesis: Bit 127 of Register status_hold is stuck at Zero
WARNING - synthesis: Bit 126 of Register status_hold is stuck at Zero
WARNING - synthesis: Bit 125 of Register status_hold is stuck at Zero
WARNING - synthesis: Bit 124 of Register status_hold is stuck at Zero
WARNING - synthesis: Bit 123 of Register status_hold is stuck at Zero
WARNING - synthesis: Bit 122 of Register status_hold is stuck at Zero
WARNING - synthesis: Bit 121 of Register status_hold is stuck at Zero
WARNING - synthesis: Bit 120 of Register status_hold is stuck at One
WARNING - synthesis: Bit 15 of Register status_hold is stuck at Zero
WARNING - synthesis: Bit 14 of Register status_hold is stuck at Zero
WARNING - synthesis: Bit 13 of Register status_hold is stuck at Zero
WARNING - synthesis: Bit 12 of Register status_hold is stuck at Zero
WARNING - synthesis: Bit 11 of Register status_hold is stuck at Zero
WARNING - synthesis: Bit 10 of Register status_hold is stuck at Zero
WARNING - synthesis: Bit 9 of Register status_hold is stuck at Zero
WARNING - synthesis: Bit 8 of Register status_hold is stuck at Zero
WARNING - synthesis: Bit 7 of Register status_hold is stuck at Zero
WARNING - synthesis: Bit 6 of Register status_hold is stuck at Zero
WARNING - synthesis: Bit 5 of Register status_hold is stuck at Zero
WARNING - synthesis: Bit 4 of Register status_hold is stuck at Zero
WARNING - synthesis: Bit 3 of Register status_hold is stuck at Zero
WARNING - synthesis: Bit 2 of Register status_hold is stuck at Zero
WARNING - synthesis: Bit 1 of Register status_hold is stuck at Zero
WARNING - synthesis: Bit 0 of Register status_hold is stuck at Zero
######## Missing driver on net n10188. Patching with GND.
######## Missing driver on net n10194. Patching with GND.
######## Missing driver on net n10187. Patching with GND.
######## Missing driver on net n10193. Patching with GND.
######## Missing driver on net n10202. Patching with GND.
######## Missing driver on net n10201. Patching with GND.
######## Missing driver on net n10200. Patching with GND.
######## Missing driver on net n10199. Patching with GND.
######## Missing driver on net n10198. Patching with GND.
######## Missing driver on net n10197. Patching with GND.
######## Missing driver on net n10196. Patching with GND.
######## Missing driver on net n10195. Patching with GND.
######## Missing driver on net n10192. Patching with GND.
######## Missing driver on net n10186. Patching with GND.
######## Missing driver on net n10191. Patching with GND.
######## Missing driver on net n10185. Patching with GND.
######## Missing driver on net n10190. Patching with GND.
######## Missing driver on net n10184. Patching with GND.
######## Missing driver on net n10189. Patching with GND.
######## Missing driver on net n10183. Patching with GND.
WARNING - synthesis: Bit 72 of Register status_hold is stuck at Zero
WARNING - synthesis: Bit 111 of Register status_hold is stuck at Zero
WARNING - synthesis: Bit 110 of Register status_hold is stuck at Zero
WARNING - synthesis: Bit 109 of Register status_hold is stuck at Zero
WARNING - synthesis: Bit 108 of Register status_hold is stuck at Zero
WARNING - synthesis: Bit 107 of Register status_hold is stuck at Zero
WARNING - synthesis: Bit 106 of Register status_hold is stuck at Zero
WARNING - synthesis: Bit 105 of Register status_hold is stuck at Zero
WARNING - synthesis: Bit 103 of Register status_hold is stuck at Zero
WARNING - synthesis: Bit 102 of Register status_hold is stuck at Zero
WARNING - synthesis: Bit 101 of Register status_hold is stuck at Zero
WARNING - synthesis: Bit 100 of Register status_hold is stuck at Zero
WARNING - synthesis: Bit 99 of Register status_hold is stuck at Zero
WARNING - synthesis: Bit 98 of Register status_hold is stuck at Zero
WARNING - synthesis: Bit 97 of Register status_hold is stuck at Zero
WARNING - synthesis: Bit 96 of Register status_hold is stuck at Zero
WARNING - synthesis: Bit 95 of Register status_hold is stuck at Zero
WARNING - synthesis: Bit 94 of Register status_hold is stuck at Zero
WARNING - synthesis: Bit 93 of Register status_hold is stuck at Zero
WARNING - synthesis: Bit 92 of Register status_hold is stuck at Zero
WARNING - synthesis: Bit 91 of Register status_hold is stuck at Zero
WARNING - synthesis: Bit 90 of Register status_hold is stuck at Zero
WARNING - synthesis: Bit 89 of Register status_hold is stuck at Zero
WARNING - synthesis: Bit 87 of Register status_hold is stuck at Zero
WARNING - synthesis: Bit 86 of Register status_hold is stuck at Zero
WARNING - synthesis: Bit 85 of Register status_hold is stuck at Zero
WARNING - synthesis: Bit 84 of Register status_hold is stuck at Zero
WARNING - synthesis: Bit 83 of Register status_hold is stuck at Zero
WARNING - synthesis: Bit 82 of Register status_hold is stuck at Zero
WARNING - synthesis: Bit 81 of Register status_hold is stuck at Zero
WARNING - synthesis: Bit 80 of Register status_hold is stuck at Zero
WARNING - synthesis: Bit 79 of Register status_hold is stuck at Zero
WARNING - synthesis: Bit 78 of Register status_hold is stuck at Zero
WARNING - synthesis: Bit 77 of Register status_hold is stuck at Zero
WARNING - synthesis: Bit 75 of Register status_hold is stuck at Zero
WARNING - synthesis: Bit 73 of Register status_hold is stuck at Zero
WARNING - synthesis: Bit 70 of Register status_hold is stuck at Zero
WARNING - synthesis: Bit 68 of Register status_hold is stuck at One
WARNING - synthesis: Bit 67 of Register status_hold is stuck at Zero
WARNING - synthesis: Bit 66 of Register status_hold is stuck at Zero
WARNING - synthesis: Bit 65 of Register status_hold is stuck at Zero
WARNING - synthesis: Bit 64 of Register status_hold is stuck at Zero
INFO - synthesis: Extracted state machine for register 'ev_state' with one-hot encoding
original encoding -> new encoding (one-hot encoding)

 000 -> 000001

 001 -> 000010

 010 -> 000100

 011 -> 001000

 100 -> 010000

 101 -> 100000

INFO - synthesis: Extracted state machine for register '\ws2812_i/state' with gray encoding
original encoding -> new encoding (gray encoding)

 00 -> 00

 01 -> 01

 10 -> 11




WARNING - synthesis: Bit 0 of Register mic_win_i[3] is stuck at Zero
WARNING - synthesis: Bit 0 of Register mic_win_i[3] is stuck at Zero
WARNING - synthesis: Bit 0 of Register mic_win_i[3] is stuck at Zero
WARNING - synthesis: Bit 0 of Register mic_win_i[3] is stuck at Zero
WARNING - synthesis: Bit 0 of Register mic_win_q[3] is stuck at Zero
WARNING - synthesis: Bit 0 of Register mic_win_q[3] is stuck at Zero
WARNING - synthesis: Bit 0 of Register mic_win_q[3] is stuck at Zero
WARNING - synthesis: Bit 0 of Register mic_win_q[3] is stuck at Zero
######## Found 4 RTL RAMs in the design.
######## Mapping RTL RAM \event_ram/mem to 5 EBR blocks in PSEUDO_DUAL_PORT Mode

######## Mapping RTL RAM \mic_iq_ram/mem to 1 EBR blocks in PSEUDO_DUAL_PORT Mode

######## Mapping RTL RAM \staging_ram/mem to 1 EBR blocks in PSEUDO_DUAL_PORT Mode

######## Mapping RTL RAM \audio_fifo/mem to 1 EBR blocks in PSEUDO_DUAL_PORT Mode

Duplicate register/latch removal. \audio_fifo/mem is a one-to-one match with \staging_ram/mem_2856.
Duplicate register/latch removal. \audio_fifo/mem_2890 is a one-to-one match with \staging_ram/mem_2855.
Duplicate register/latch removal. \audio_fifo/mem_2889 is a one-to-one match with \staging_ram/mem_2854.
Duplicate register/latch removal. \audio_fifo/mem_2888 is a one-to-one match with \staging_ram/mem_2853.
Duplicate register/latch removal. \audio_fifo/mem_2887 is a one-to-one match with \staging_ram/mem_2852.
Duplicate register/latch removal. \audio_fifo/mem_2886 is a one-to-one match with \staging_ram/mem_2851.
Duplicate register/latch removal. \audio_fifo/mem_2885 is a one-to-one match with \staging_ram/mem_2850.
Duplicate register/latch removal. \audio_fifo/mem_2884 is a one-to-one match with \staging_ram/mem_2849.
WARNING - synthesis: d:/data/onedrive/projects/umh/software/umh controller/fpga/src/umh_fpga_top.v(1222): Register ws2812_enable_1146 is stuck at One. VDB-5014
WARNING - synthesis: d:/data/onedrive/projects/umh/software/umh controller/fpga/src/spi_mic_stream.v(38): Register \mic_stream_i/shift_register_i0 is stuck at Zero. VDB-5013
WARNING - synthesis: d:/data/onedrive/projects/umh/software/umh controller/fpga/src/umh_fpga_top.v(1222): Register mic_saturated_1196 is stuck at Zero. VDB-5013
Optimized async. reset : fpga_cs_n_c on data cone feeding flop : 


 spi_rgb_index_2596__i1


 spi_rgb_index_2596__i0


 spi_rgb_index_2596__i2


 spi_rgb_index_2596__i3


Duplicate register/latch removal. spi_rx_shift_i1 is a one-to-one match with spi_rx_shift_rep_7_i1.
Duplicate register/latch removal. spi_rx_shift_i2 is a one-to-one match with spi_rx_shift_rep_7_i2.
Duplicate register/latch removal. spi_rx_shift_i3 is a one-to-one match with spi_rx_shift_rep_7_i3.
Duplicate register/latch removal. spi_rx_shift_i4 is a one-to-one match with spi_rx_shift_rep_7_i4.
Duplicate register/latch removal. spi_rx_shift_i5 is a one-to-one match with spi_rx_shift_rep_7_i5.
Duplicate register/latch removal. spi_rx_shift_i6 is a one-to-one match with spi_rx_shift_rep_7_i6.
Duplicate register/latch removal. spi_rx_shift_i7 is a one-to-one match with spi_rx_shift_rep_7_i7.
GSR instance connected to net fpga_cs_n_N_2737.
WARNING - synthesis: Initial value found on instance ws2812_settle_i0_i0 will be ignored.
WARNING - synthesis: Initial value found on instance build_level_eff_i0 will be ignored.
WARNING - synthesis: Initial value found on instance ev_fall_1158 will be ignored.
WARNING - synthesis: Initial value found on instance mic_warm_1166 will be ignored.
WARNING - synthesis: Initial value found on instance mic_cfg_gap_i2 will be ignored.
WARNING - synthesis: Initial value found on instance ws2812_settle_i0_i1 will be ignored.
WARNING - synthesis: Initial value found on instance ws2812_settle_i0_i2 will be ignored.
WARNING - synthesis: Initial value found on instance ws2812_settle_i0_i3 will be ignored.
WARNING - synthesis: Initial value found on instance mic_cfg_settle_i2 will be ignored.
Applying 128.000000 MHz constraint to all clocks

WARNING - synthesis: No user .sdc file.
Results of NGD DRC are available in umh_fpga_top_drc.log.
Loading NGL library 'D:/Software/Lattice Diamond/diamond/3.13/ispfpga/xo2c00a/data/xo2alib.ngl'...
Loading NGL library 'D:/Software/Lattice Diamond/diamond/3.13/ispfpga/xo2c00/data/xo2clib.ngl'...
Loading NGL library 'D:/Software/Lattice Diamond/diamond/3.13/ispfpga/mg5g00/data/mg5glib.ngl'...
Loading NGL library 'D:/Software/Lattice Diamond/diamond/3.13/ispfpga/or5g00/data/orc5glib.ngl'...
All blocks are expanded and NGD expansion is successful.
Writing NGD file UMH_7_UMH_7_1.ngd.

################### Begin Area Report (umh_fpga_top)######################
Number of register bits => 1339 of 2427 (55 % )
CCU2D => 191
DP8KC => 1
EHXPLLJ => 1
FD1P3AX => 657
FD1P3AY => 10
FD1P3DX => 101
FD1P3IX => 204
FD1P3JX => 6
FD1S3AX => 258
FD1S3AY => 3
FD1S3DX => 1
FD1S3IX => 96
FD1S3JX => 3
GSR => 1
IB => 8
INV => 2
L6MUX21 => 24
LUT4 => 1241
OB => 87
OBZ => 1
PDPW8KC => 7
PFUMX => 79
################### End Area Report ##################

################### Begin BlackBox Report ######################
TSALL => 1
################### End BlackBox Report ##################

################### Begin Clock Report ######################
Clock Nets
Number of Clocks: 4
  Net : pll_clk, loads : 1009
  Net : spi1_sck_c, loads : 236
  Net : spi_mic_sck_c, loads : 1
  Net : fpga_clk_8m_c, loads : 1
Clock Enable Nets
Number of Clock Enables: 100
Top 10 highest fanout Clock Enables:
  Net : mic_stream_i/sck_N_3439_enable_101, loads : 101
  Net : fpga_cs_n_c, loads : 74
  Net : pll_clk_enable_403, loads : 50
  Net : pll_clk_enable_465, loads : 50
  Net : pll_clk_enable_580, loads : 46
  Net : pll_clk_enable_326, loads : 32
  Net : ws2812_i/pll_clk_enable_509, loads : 32
  Net : pll_clk_enable_569, loads : 32
  Net : pll_clk_enable_354, loads : 30
  Net : pll_clk_enable_230, loads : 28
Highest fanout non-clock nets
Top 10 highest fanout non-clock nets:
  Net : mic_stream_i/n13, loads : 104
  Net : spi_mic_cs_n_c, loads : 103
  Net : n28218, loads : 103
  Net : sck_N_3439, loads : 102
  Net : mic_stream_i/sck_N_3439_enable_101, loads : 101
  Net : ev_in_clear, loads : 95
  Net : mic_warm, loads : 93
  Net : running, loads : 87
  Net : wrap_s5, loads : 84
  Net : fpga_cs_n_c, loads : 74
################### End Clock Report ##################

Timing Report Summary
--------------
--------------------------------------------------------------------------------
Constraint                              |   Constraint|       Actual|Levels
--------------------------------------------------------------------------------
                                        |             |             |
create_clock -period 7.812500 -name     |             |             |
clk2 [get_nets spi_mic_sck_c]           |  128.008 MHz|  150.038 MHz|     4  
                                        |             |             |
create_clock -period 7.812500 -name     |             |             |
clk1 [get_nets spi1_sck_c]              |  128.008 MHz|   61.222 MHz|    15 *
                                        |             |             |
create_clock -period 7.812500 -name     |             |             |
clk0 [get_nets pll_clk]                 |  128.008 MHz|   67.268 MHz|    14 *
                                        |             |             |
--------------------------------------------------------------------------------


2 constraints not met.


Peak Memory Usage: 101.070  MB

--------------------------------------------------------------
Elapsed CPU time for LSE flow : 0.859  secs
--------------------------------------------------------------
