--------------------------------------------------------------------------------
Lattice Synthesis Timing Report, Version  
Mon Sep 28 13:18:21 2026

Copyright (c) 1991-1994 by NeoCAD Inc. All rights reserved.
Copyright (c) 1995 AT&T Corp.   All rights reserved.
Copyright (c) 1995-2001 Lucent Technologies Inc.  All rights reserved.
Copyright (c) 2001 Agere Systems   All rights reserved.
Copyright (c) 2002-2023 Lattice Semiconductor Corporation,  All rights reserved.

Report Information
------------------
Design:     umh_fpga_top
Constraint file:  
Report level:    verbose report, limited to 3 items per constraint
--------------------------------------------------------------------------------



================================================================================
Constraint: create_clock -period 7.812500 -name clk2 [get_nets spi_mic_sck_c]
            1696 items scored, 0 timing errors detected.
--------------------------------------------------------------------------------


Passed:  The following path meets requirements by 1.147ns

 Logical Details:  Cell type  Pin type       Cell name  (clock net +/-)

   Source:         FD1S3DX    CK             \mic_stream_i/bit_count_i0  (from spi_mic_sck_c +)
   Destination:    FD1P3DX    D              \mic_stream_i/bit_count_i6  (to spi_mic_sck_c -)

   Delay:                   6.505ns  (29.6% logic, 70.4% route), 4 logic levels.

 Constraint Details:

      6.505ns data_path \mic_stream_i/bit_count_i0 to \mic_stream_i/bit_count_i6 meets
      7.812ns delay constraint less
      0.160ns L_S requirement (totaling 7.652ns) by 1.147ns

 Path Details: \mic_stream_i/bit_count_i0 to \mic_stream_i/bit_count_i6

   Name    Fanout   Delay (ns)          Pins               Resource(Cell.Net)
L_CO        ---     0.444             CK to Q              \mic_stream_i/bit_count_i0 (from spi_mic_sck_c)
Route         7   e 1.559                                  \mic_stream_i/bit_count[0]
LUT4        ---     0.493              B to Z              \mic_stream_i/i4150_2_lut_rep_564
Route         2   e 1.141                                  \mic_stream_i/n42397
LUT4        ---     0.493              B to Z              \mic_stream_i/i4171_2_lut_rep_384_3_lut_4_lut
Route         1   e 0.941                                  \mic_stream_i/n42217
LUT4        ---     0.493              D to Z              \mic_stream_i/i17499_4_lut
Route         1   e 0.941                                  \mic_stream_i/n28373
                  --------
                    6.505  (29.6% logic, 70.4% route), 4 logic levels.


Passed:  The following path meets requirements by 1.191ns

 Logical Details:  Cell type  Pin type       Cell name  (clock net +/-)

   Source:         FD1P3DX    CK             \mic_stream_i/bit_count_i1  (from spi_mic_sck_c +)
   Destination:    FD1P3DX    D              \mic_stream_i/bit_count_i6  (to spi_mic_sck_c -)

   Delay:                   6.461ns  (29.8% logic, 70.2% route), 4 logic levels.

 Constraint Details:

      6.461ns data_path \mic_stream_i/bit_count_i1 to \mic_stream_i/bit_count_i6 meets
      7.812ns delay constraint less
      0.160ns L_S requirement (totaling 7.652ns) by 1.191ns

 Path Details: \mic_stream_i/bit_count_i1 to \mic_stream_i/bit_count_i6

   Name    Fanout   Delay (ns)          Pins               Resource(Cell.Net)
L_CO        ---     0.444             CK to Q              \mic_stream_i/bit_count_i1 (from spi_mic_sck_c)
Route         6   e 1.515                                  \mic_stream_i/bit_count[1]
LUT4        ---     0.493              A to Z              \mic_stream_i/i4150_2_lut_rep_564
Route         2   e 1.141                                  \mic_stream_i/n42397
LUT4        ---     0.493              B to Z              \mic_stream_i/i4171_2_lut_rep_384_3_lut_4_lut
Route         1   e 0.941                                  \mic_stream_i/n42217
LUT4        ---     0.493              D to Z              \mic_stream_i/i17499_4_lut
Route         1   e 0.941                                  \mic_stream_i/n28373
                  --------
                    6.461  (29.8% logic, 70.2% route), 4 logic levels.


Passed:  The following path meets requirements by 2.268ns

 Logical Details:  Cell type  Pin type       Cell name  (clock net +/-)

   Source:         FD1S3DX    CK             \mic_stream_i/bit_count_i0  (from spi_mic_sck_c +)
   Destination:    FD1S3DX    D              \mic_stream_i/bit_count_i0  (to spi_mic_sck_c -)

   Delay:                   5.384ns  (35.7% logic, 64.3% route), 4 logic levels.

 Constraint Details:

      5.384ns data_path \mic_stream_i/bit_count_i0 to \mic_stream_i/bit_count_i0 meets
      7.812ns delay constraint less
      0.160ns L_S requirement (totaling 7.652ns) by 2.268ns

 Path Details: \mic_stream_i/bit_count_i0 to \mic_stream_i/bit_count_i0

   Name    Fanout   Delay (ns)          Pins               Resource(Cell.Net)
L_CO        ---     0.444             CK to Q              \mic_stream_i/bit_count_i0 (from spi_mic_sck_c)
Route         7   e 1.559                                  \mic_stream_i/bit_count[0]
LUT4        ---     0.493              A to Z              \mic_stream_i/i5_4_lut
Route         1   e 0.941                                  \mic_stream_i/n12
LUT4        ---     0.493              B to Z              \mic_stream_i/i6_4_lut
Route       104   e 0.020                                  \mic_stream_i/n13
LUT4        ---     0.493              C to Z              \mic_stream_i/i24742_3_lut_4_lut
Route         1   e 0.941                                  \mic_stream_i/bit_count_6__N_4347[0]
                  --------
                    5.384  (35.7% logic, 64.3% route), 4 logic levels.

Report: 6.665 ns is the maximum delay for this constraint.



================================================================================
Constraint: create_clock -period 7.812500 -name clk1 [get_nets spi1_sck_c]
            4096 items scored, 4096 timing errors detected.
--------------------------------------------------------------------------------


Error:  The following path violates requirements by 10.654ns

 Logical Details:  Cell type  Pin type       Cell name  (clock net +/-)

   Source:         FD1P3AX    CK             spi_byte_count_i0_i0  (from spi1_sck_c +)
   Destination:    FD1P3AX    SP             mic_cfg_toggle_spi_1210  (to spi1_sck_c +)

   Delay:                  18.181ns  (41.6% logic, 58.4% route), 21 logic levels.

 Constraint Details:

     18.181ns data_path spi_byte_count_i0_i0 to mic_cfg_toggle_spi_1210 violates
      7.812ns delay constraint less
      0.285ns LCE_S requirement (totaling 7.527ns) by 10.654ns

 Path Details: spi_byte_count_i0_i0 to mic_cfg_toggle_spi_1210

   Name    Fanout   Delay (ns)          Pins               Resource(Cell.Net)
L_CO        ---     0.444             CK to Q              spi_byte_count_i0_i0 (from spi1_sck_c)
Route        19   e 1.883                                  spi_byte_count[0]
A1_TO_FCO   ---     0.827           A[2] to COUT           add_327_1
Route         1   e 0.020                                  n39032
FCI_TO_FCO  ---     0.157            CIN to COUT           add_327_3
Route         1   e 0.020                                  n39033
FCI_TO_FCO  ---     0.157            CIN to COUT           add_327_5
Route         1   e 0.020                                  n39034
FCI_TO_FCO  ---     0.157            CIN to COUT           add_327_7
Route         1   e 0.020                                  n39035
FCI_TO_FCO  ---     0.157            CIN to COUT           add_327_9
Route         1   e 0.020                                  n39036
FCI_TO_FCO  ---     0.157            CIN to COUT           add_327_11
Route         1   e 0.020                                  n39037
FCI_TO_FCO  ---     0.157            CIN to COUT           add_327_13
Route         1   e 0.020                                  n39038
FCI_TO_FCO  ---     0.157            CIN to COUT           add_327_15
Route         1   e 0.020                                  n39039
FCI_TO_F    ---     0.598            CIN to S[2]           add_327_17
Route         2   e 1.486                                  spi_byte_count_15__N_2028[15]
A1_TO_FCO   ---     0.827           B[2] to COUT           equal_8771_11
Route         1   e 0.020                                  n38858
FCI_TO_FCO  ---     0.157            CIN to COUT           equal_8771_13
Route         1   e 0.020                                  n38859
FCI_TO_FCO  ---     0.157            CIN to COUT           equal_8771_15
Route         1   e 0.020                                  n38860
FCI_TO_FCO  ---     0.157            CIN to COUT           equal_8771_17_22587
Route         1   e 0.020                                  n38861
FCI_TO_F    ---     0.598            CIN to S[2]           equal_8771_17
Route         2   e 1.486                                  payload_end_N_3891
LUT4        ---     0.493              B to Z              payload_end_I_0_2_lut
Route         1   e 0.941                                  payload_end
LUT4        ---     0.493              B to Z              header_end_I_0_4_lut
Route         1   e 0.020                                  frame_end_N_3925
MUXL5       ---     0.233           BLUT to Z              frame_end_I_0
Route         2   e 1.141                                  frame_end
LUT4        ---     0.493              C to Z              i1_2_lut_3_lut_4_lut_adj_403
Route         4   e 1.340                                  n40732
LUT4        ---     0.493              C to Z              i24754_2_lut_rep_330_2_lut_3_lut_4_lut
Route         2   e 1.141                                  spi1_sck_c_enable_217
LUT4        ---     0.493              B to Z              i24747_2_lut_3_lut_4_lut_4_lut_4_lut
Route         1   e 0.941                                  spi1_sck_c_enable_219
                  --------
                   18.181  (41.6% logic, 58.4% route), 21 logic levels.


Error:  The following path violates requirements by 10.571ns

 Logical Details:  Cell type  Pin type       Cell name  (clock net +/-)

   Source:         FD1P3AX    CK             spi_byte_count_i0_i0  (from spi1_sck_c +)
   Destination:    FD1P3AX    SP             accepted_update_flags_spi__i1  (to spi1_sck_c +)

   Delay:                  18.098ns  (41.8% logic, 58.2% route), 21 logic levels.

 Constraint Details:

     18.098ns data_path spi_byte_count_i0_i0 to accepted_update_flags_spi__i1 violates
      7.812ns delay constraint less
      0.285ns LCE_S requirement (totaling 7.527ns) by 10.571ns

 Path Details: spi_byte_count_i0_i0 to accepted_update_flags_spi__i1

   Name    Fanout   Delay (ns)          Pins               Resource(Cell.Net)
L_CO        ---     0.444             CK to Q              spi_byte_count_i0_i0 (from spi1_sck_c)
Route        19   e 1.883                                  spi_byte_count[0]
A1_TO_FCO   ---     0.827           A[2] to COUT           add_327_1
Route         1   e 0.020                                  n39032
FCI_TO_FCO  ---     0.157            CIN to COUT           add_327_3
Route         1   e 0.020                                  n39033
FCI_TO_FCO  ---     0.157            CIN to COUT           add_327_5
Route         1   e 0.020                                  n39034
FCI_TO_FCO  ---     0.157            CIN to COUT           add_327_7
Route         1   e 0.020                                  n39035
FCI_TO_FCO  ---     0.157            CIN to COUT           add_327_9
Route         1   e 0.020                                  n39036
FCI_TO_FCO  ---     0.157            CIN to COUT           add_327_11
Route         1   e 0.020                                  n39037
FCI_TO_FCO  ---     0.157            CIN to COUT           add_327_13
Route         1   e 0.020                                  n39038
FCI_TO_FCO  ---     0.157            CIN to COUT           add_327_15
Route         1   e 0.020                                  n39039
FCI_TO_F    ---     0.598            CIN to S[2]           add_327_17
Route         2   e 1.486                                  spi_byte_count_15__N_2028[15]
A1_TO_FCO   ---     0.827           B[2] to COUT           equal_8771_11
Route         1   e 0.020                                  n38858
FCI_TO_FCO  ---     0.157            CIN to COUT           equal_8771_13
Route         1   e 0.020                                  n38859
FCI_TO_FCO  ---     0.157            CIN to COUT           equal_8771_15
Route         1   e 0.020                                  n38860
FCI_TO_FCO  ---     0.157            CIN to COUT           equal_8771_17_22587
Route         1   e 0.020                                  n38861
FCI_TO_F    ---     0.598            CIN to S[2]           equal_8771_17
Route         2   e 1.486                                  payload_end_N_3891
LUT4        ---     0.493              B to Z              payload_end_I_0_2_lut
Route         1   e 0.941                                  payload_end
LUT4        ---     0.493              B to Z              header_end_I_0_4_lut
Route         1   e 0.020                                  frame_end_N_3925
MUXL5       ---     0.233           BLUT to Z              frame_end_I_0
Route         2   e 1.141                                  frame_end
LUT4        ---     0.493              C to Z              i1_2_lut_3_lut_4_lut_adj_402
Route         6   e 1.457                                  spi1_sck_c_enable_180
LUT4        ---     0.493              C to Z              i1_2_lut_rep_331_3_lut_4_lut
Route         1   e 0.941                                  n42164
LUT4        ---     0.493              A to Z              i2_4_lut
Route         1   e 0.941                                  spi1_sck_c_enable_80
                  --------
                   18.098  (41.8% logic, 58.2% route), 21 logic levels.


Error:  The following path violates requirements by 10.482ns

 Logical Details:  Cell type  Pin type       Cell name  (clock net +/-)

   Source:         FD1P3AX    CK             spi_byte_count_i0_i2  (from spi1_sck_c +)
   Destination:    FD1P3AX    SP             mic_cfg_toggle_spi_1210  (to spi1_sck_c +)

   Delay:                  18.009ns  (41.1% logic, 58.9% route), 20 logic levels.

 Constraint Details:

     18.009ns data_path spi_byte_count_i0_i2 to mic_cfg_toggle_spi_1210 violates
      7.812ns delay constraint less
      0.285ns LCE_S requirement (totaling 7.527ns) by 10.482ns

 Path Details: spi_byte_count_i0_i2 to mic_cfg_toggle_spi_1210

   Name    Fanout   Delay (ns)          Pins               Resource(Cell.Net)
L_CO        ---     0.444             CK to Q              spi_byte_count_i0_i2 (from spi1_sck_c)
Route        21   e 1.888                                  spi_byte_count[2]
A1_TO_FCO   ---     0.827           A[2] to COUT           add_327_3
Route         1   e 0.020                                  n39033
FCI_TO_FCO  ---     0.157            CIN to COUT           add_327_5
Route         1   e 0.020                                  n39034
FCI_TO_FCO  ---     0.157            CIN to COUT           add_327_7
Route         1   e 0.020                                  n39035
FCI_TO_FCO  ---     0.157            CIN to COUT           add_327_9
Route         1   e 0.020                                  n39036
FCI_TO_FCO  ---     0.157            CIN to COUT           add_327_11
Route         1   e 0.020                                  n39037
FCI_TO_FCO  ---     0.157            CIN to COUT           add_327_13
Route         1   e 0.020                                  n39038
FCI_TO_FCO  ---     0.157            CIN to COUT           add_327_15
Route         1   e 0.020                                  n39039
FCI_TO_F    ---     0.598            CIN to S[2]           add_327_17
Route         2   e 1.486                                  spi_byte_count_15__N_2028[15]
A1_TO_FCO   ---     0.827           B[2] to COUT           equal_8771_11
Route         1   e 0.020                                  n38858
FCI_TO_FCO  ---     0.157            CIN to COUT           equal_8771_13
Route         1   e 0.020                                  n38859
FCI_TO_FCO  ---     0.157            CIN to COUT           equal_8771_15
Route         1   e 0.020                                  n38860
FCI_TO_FCO  ---     0.157            CIN to COUT           equal_8771_17_22587
Route         1   e 0.020                                  n38861
FCI_TO_F    ---     0.598            CIN to S[2]           equal_8771_17
Route         2   e 1.486                                  payload_end_N_3891
LUT4        ---     0.493              B to Z              payload_end_I_0_2_lut
Route         1   e 0.941                                  payload_end
LUT4        ---     0.493              B to Z              header_end_I_0_4_lut
Route         1   e 0.020                                  frame_end_N_3925
MUXL5       ---     0.233           BLUT to Z              frame_end_I_0
Route         2   e 1.141                                  frame_end
LUT4        ---     0.493              C to Z              i1_2_lut_3_lut_4_lut_adj_403
Route         4   e 1.340                                  n40732
LUT4        ---     0.493              C to Z              i24754_2_lut_rep_330_2_lut_3_lut_4_lut
Route         2   e 1.141                                  spi1_sck_c_enable_217
LUT4        ---     0.493              B to Z              i24747_2_lut_3_lut_4_lut_4_lut_4_lut
Route         1   e 0.941                                  spi1_sck_c_enable_219
                  --------
                   18.009  (41.1% logic, 58.9% route), 20 logic levels.

Warning: 18.466 ns is the maximum delay for this constraint.



================================================================================
Constraint: create_clock -period 7.812500 -name clk0 [get_nets pll_clk]
            4096 items scored, 4096 timing errors detected.
--------------------------------------------------------------------------------


Error:  The following path violates requirements by 8.963ns

 Logical Details:  Cell type  Pin type       Cell name  (clock net +/-)

   Source:         FD1P3IX    CK             mic_warm_edges__i0  (from pll_clk +)
   Destination:    FD1P3IX    SP             mic_xor_q[3]__i28  (to pll_clk +)

   Delay:                  16.490ns  (34.0% logic, 66.0% route), 14 logic levels.

 Constraint Details:

     16.490ns data_path mic_warm_edges__i0 to mic_xor_q[3]__i28 violates
      7.812ns delay constraint less
      0.285ns LCE_S requirement (totaling 7.527ns) by 8.963ns

 Path Details: mic_warm_edges__i0 to mic_xor_q[3]__i28

   Name    Fanout   Delay (ns)          Pins               Resource(Cell.Net)
L_CO        ---     0.444             CK to Q              mic_warm_edges__i0 (from pll_clk)
Route         1   e 0.941                                  mic_warm_edges[0]
A1_TO_FCO   ---     0.827           A[2] to COUT           add_677_1
Route         1   e 0.020                                  n39056
FCI_TO_FCO  ---     0.157            CIN to COUT           add_677_3
Route         1   e 0.020                                  n39057
FCI_TO_FCO  ---     0.157            CIN to COUT           add_677_5
Route         1   e 0.020                                  n39058
FCI_TO_FCO  ---     0.157            CIN to COUT           add_677_7
Route         1   e 0.020                                  n39059
FCI_TO_FCO  ---     0.157            CIN to COUT           add_677_9
Route         1   e 0.020                                  n39060
FCI_TO_FCO  ---     0.157            CIN to COUT           add_677_11
Route         1   e 0.020                                  n39061
FCI_TO_F    ---     0.598            CIN to S[2]           add_677_13
Route         2   e 1.486                                  mic_ultrasonic_N_2961[11]
LUT4        ---     0.493              B to Z              i2_2_lut
Route         1   e 0.941                                  n8_adj_4594
LUT4        ---     0.493              B to Z              i4_4_lut
Route         1   e 0.941                                  n10_adj_4597
LUT4        ---     0.493              C to Z              i1_4_lut
Route         6   e 1.457                                  mic_ultrasonic_N_2960
LUT4        ---     0.493              D to Z              i2_3_lut_rep_335_4_lut
Route        17   e 1.819                                  n42168
LUT4        ---     0.493              D to Z              i1_4_lut_adj_355
Route         2   e 1.141                                  n40729
LUT4        ---     0.493              B to Z              i1_4_lut_adj_394
Route        28   e 2.032                                  pll_clk_enable_503
                  --------
                   16.490  (34.0% logic, 66.0% route), 14 logic levels.


Error:  The following path violates requirements by 8.963ns

 Logical Details:  Cell type  Pin type       Cell name  (clock net +/-)

   Source:         FD1P3IX    CK             mic_warm_edges__i0  (from pll_clk +)
   Destination:    FD1P3IX    SP             mic_xor_q[3]__i27  (to pll_clk +)

   Delay:                  16.490ns  (34.0% logic, 66.0% route), 14 logic levels.

 Constraint Details:

     16.490ns data_path mic_warm_edges__i0 to mic_xor_q[3]__i27 violates
      7.812ns delay constraint less
      0.285ns LCE_S requirement (totaling 7.527ns) by 8.963ns

 Path Details: mic_warm_edges__i0 to mic_xor_q[3]__i27

   Name    Fanout   Delay (ns)          Pins               Resource(Cell.Net)
L_CO        ---     0.444             CK to Q              mic_warm_edges__i0 (from pll_clk)
Route         1   e 0.941                                  mic_warm_edges[0]
A1_TO_FCO   ---     0.827           A[2] to COUT           add_677_1
Route         1   e 0.020                                  n39056
FCI_TO_FCO  ---     0.157            CIN to COUT           add_677_3
Route         1   e 0.020                                  n39057
FCI_TO_FCO  ---     0.157            CIN to COUT           add_677_5
Route         1   e 0.020                                  n39058
FCI_TO_FCO  ---     0.157            CIN to COUT           add_677_7
Route         1   e 0.020                                  n39059
FCI_TO_FCO  ---     0.157            CIN to COUT           add_677_9
Route         1   e 0.020                                  n39060
FCI_TO_FCO  ---     0.157            CIN to COUT           add_677_11
Route         1   e 0.020                                  n39061
FCI_TO_F    ---     0.598            CIN to S[2]           add_677_13
Route         2   e 1.486                                  mic_ultrasonic_N_2961[11]
LUT4        ---     0.493              B to Z              i2_2_lut
Route         1   e 0.941                                  n8_adj_4594
LUT4        ---     0.493              B to Z              i4_4_lut
Route         1   e 0.941                                  n10_adj_4597
LUT4        ---     0.493              C to Z              i1_4_lut
Route         6   e 1.457                                  mic_ultrasonic_N_2960
LUT4        ---     0.493              D to Z              i2_3_lut_rep_335_4_lut
Route        17   e 1.819                                  n42168
LUT4        ---     0.493              D to Z              i1_4_lut_adj_355
Route         2   e 1.141                                  n40729
LUT4        ---     0.493              B to Z              i1_4_lut_adj_394
Route        28   e 2.032                                  pll_clk_enable_503
                  --------
                   16.490  (34.0% logic, 66.0% route), 14 logic levels.


Error:  The following path violates requirements by 8.963ns

 Logical Details:  Cell type  Pin type       Cell name  (clock net +/-)

   Source:         FD1P3IX    CK             mic_warm_edges__i0  (from pll_clk +)
   Destination:    FD1P3IX    SP             mic_xor_q[3]__i26  (to pll_clk +)

   Delay:                  16.490ns  (34.0% logic, 66.0% route), 14 logic levels.

 Constraint Details:

     16.490ns data_path mic_warm_edges__i0 to mic_xor_q[3]__i26 violates
      7.812ns delay constraint less
      0.285ns LCE_S requirement (totaling 7.527ns) by 8.963ns

 Path Details: mic_warm_edges__i0 to mic_xor_q[3]__i26

   Name    Fanout   Delay (ns)          Pins               Resource(Cell.Net)
L_CO        ---     0.444             CK to Q              mic_warm_edges__i0 (from pll_clk)
Route         1   e 0.941                                  mic_warm_edges[0]
A1_TO_FCO   ---     0.827           A[2] to COUT           add_677_1
Route         1   e 0.020                                  n39056
FCI_TO_FCO  ---     0.157            CIN to COUT           add_677_3
Route         1   e 0.020                                  n39057
FCI_TO_FCO  ---     0.157            CIN to COUT           add_677_5
Route         1   e 0.020                                  n39058
FCI_TO_FCO  ---     0.157            CIN to COUT           add_677_7
Route         1   e 0.020                                  n39059
FCI_TO_FCO  ---     0.157            CIN to COUT           add_677_9
Route         1   e 0.020                                  n39060
FCI_TO_FCO  ---     0.157            CIN to COUT           add_677_11
Route         1   e 0.020                                  n39061
FCI_TO_F    ---     0.598            CIN to S[2]           add_677_13
Route         2   e 1.486                                  mic_ultrasonic_N_2961[11]
LUT4        ---     0.493              B to Z              i2_2_lut
Route         1   e 0.941                                  n8_adj_4594
LUT4        ---     0.493              B to Z              i4_4_lut
Route         1   e 0.941                                  n10_adj_4597
LUT4        ---     0.493              C to Z              i1_4_lut
Route         6   e 1.457                                  mic_ultrasonic_N_2960
LUT4        ---     0.493              D to Z              i2_3_lut_rep_335_4_lut
Route        17   e 1.819                                  n42168
LUT4        ---     0.493              D to Z              i1_4_lut_adj_355
Route         2   e 1.141                                  n40729
LUT4        ---     0.493              B to Z              i1_4_lut_adj_394
Route        28   e 2.032                                  pll_clk_enable_503
                  --------
                   16.490  (34.0% logic, 66.0% route), 14 logic levels.

Warning: 16.775 ns is the maximum delay for this constraint.


Timing Report Summary
--------------
--------------------------------------------------------------------------------
Constraint                              |   Constraint|       Actual|Levels
--------------------------------------------------------------------------------
                                        |             |             |
create_clock -period 7.812500 -name     |             |             |
clk2 [get_nets spi_mic_sck_c]           |     7.812 ns|     6.665 ns|     4  
                                        |             |             |
create_clock -period 7.812500 -name     |             |             |
clk1 [get_nets spi1_sck_c]              |     7.812 ns|    18.466 ns|    21 *
                                        |             |             |
create_clock -period 7.812500 -name     |             |             |
clk0 [get_nets pll_clk]                 |     7.812 ns|    16.775 ns|    14 *
                                        |             |             |
--------------------------------------------------------------------------------


2 constraints not met.

--------------------------------------------------------------------------------
Critical Nets                           |   Loads|  Errors| % of total
--------------------------------------------------------------------------------
frame_end                               |       2|    4096|     50.00%
                                        |        |        |
mic_ultrasonic_N_2960                   |       6|    4032|     49.22%
                                        |        |        |
n38861                                  |       1|    3944|     48.14%
                                        |        |        |
payload_end_N_3891                      |       2|    3944|     48.14%
                                        |        |        |
frame_end_N_3925                        |       1|    3904|     47.66%
                                        |        |        |
n38860                                  |       1|    3902|     47.63%
                                        |        |        |
n42168                                  |      17|    3900|     47.61%
                                        |        |        |
spi1_sck_c_enable_180                   |       6|    3895|     47.55%
                                        |        |        |
payload_end                             |       1|    3752|     45.80%
                                        |        |        |
spi1_sck_c_enable_205                   |      32|    3324|     40.58%
                                        |        |        |
n38859                                  |       1|    3310|     40.41%
                                        |        |        |
n40729                                  |       2|    3219|     39.29%
                                        |        |        |
n10_adj_4597                            |       1|    3217|     39.27%
                                        |        |        |
n39059                                  |       1|    2971|     36.27%
                                        |        |        |
n39036                                  |       1|    2826|     34.50%
                                        |        |        |
n39035                                  |       1|    2817|     34.39%
                                        |        |        |
n39058                                  |       1|    2602|     31.76%
                                        |        |        |
n39034                                  |       1|    2477|     30.24%
                                        |        |        |
n39037                                  |       1|    2388|     29.15%
                                        |        |        |
n39060                                  |       1|    2218|     27.08%
                                        |        |        |
n38858                                  |       1|    2107|     25.72%
                                        |        |        |
n39033                                  |       1|    1816|     22.17%
                                        |        |        |
n8_adj_4594                             |       1|    1810|     22.09%
                                        |        |        |
n39038                                  |       1|    1722|     21.02%
                                        |        |        |
n39061                                  |       1|    1638|     20.00%
                                        |        |        |
n39057                                  |       1|    1626|     19.85%
                                        |        |        |
pll_clk_enable_503                      |      28|    1624|     19.82%
                                        |        |        |
pll_clk_enable_496                      |      28|    1595|     19.47%
                                        |        |        |
mic_ultrasonic_N_2961[11]               |       2|    1096|     13.38%
                                        |        |        |
--------------------------------------------------------------------------------


Timing summary:
---------------

Timing errors: 8192  Score: 66177034

Constraints cover  93508 paths, 3716 nets, and 9866 connections (80.5% coverage)


Peak memory: 120561664 bytes, TRCE: 17035264 bytes, DLYMAN: 983040 bytes
CPU_TIME_REPORT: 0 secs 
