
Loading design for application trce from file umh_7_umh_7_1.ncd.
Design name: umh_fpga_top
NCD version: 3.3
Vendor:      LATTICE
Device:      LCMXO2-2000HC
Package:     CSBGA132
Performance: 4
Loading device for application trce from file 'xo2c2000.nph' in environment: D:/Software/Lattice Diamond/diamond/3.13/ispfpga.
Package Status:                     Final          Version 1.44.
Performance Hardware Data Status:   Final          Version 34.4.
Setup and Hold Report

--------------------------------------------------------------------------------
Lattice TRACE Report - Setup, Version Diamond (64-bit) 3.13.0.56.2
Tue Sep 15 22:11:58 2026

Copyright (c) 1991-1994 by NeoCAD Inc. All rights reserved.
Copyright (c) 1995 AT&T Corp.   All rights reserved.
Copyright (c) 1995-2001 Lucent Technologies Inc.  All rights reserved.
Copyright (c) 2001 Agere Systems   All rights reserved.
Copyright (c) 2002-2023 Lattice Semiconductor Corporation,  All rights reserved.

Report Information
------------------
Command line:    trce -v 10 -gt -sethld -sp 4 -sphld m -o UMH_7_UMH_7_1.twr UMH_7_UMH_7_1.ncd UMH_7_UMH_7_1.prf 
Design file:     umh_7_umh_7_1.ncd
Preference file: umh_7_umh_7_1.prf
Device,speed:    LCMXO2-2000HC,4
Report level:    verbose report, limited to 10 items per preference
--------------------------------------------------------------------------------

BLOCK ASYNCPATHS
BLOCK RESETPATHS
--------------------------------------------------------------------------------



================================================================================
Preference: FREQUENCY PORT "fpga_clk_8m" 8.000000 MHz ;
            0 items scored, 0 timing errors detected.
--------------------------------------------------------------------------------


Passed:  The following path meets requirements by 118.334ns
         The internal maximum frequency of the following component is 150.015 MHz

 Logical Details:  Cell type  Pin name       Component name

   Destination:    PDPW8KC    CLKB           staging_ram/mem0

   Delay:               6.666ns -- based on Minimum Pulse Width

Report:  150.015MHz is the maximum frequency for this preference.


================================================================================
Preference: FREQUENCY NET "pll_clk" 128.000000 MHz ;
            4096 items scored, 35 timing errors detected.
--------------------------------------------------------------------------------


Error: The following path exceeds requirements by 0.509ns

 Logical Details:  Cell type  Pin type       Cell/ASIC name  (clock net +/-)

   Source:         PDPW8KC    Port           event_ram/mem3(ASIC)  (from pll_clk +)
   Destination:    FF         Data in        ev_run_hold_s5_i0_i21  (to pll_clk +)

   Delay:               7.801ns  (67.0% logic, 33.0% route), 1 logic levels.

 Constraint Details:

      7.801ns physical path delay event_ram/mem3 to SLICE_807 exceeds
      7.813ns delay constraint less
      0.173ns skew and
      0.348ns M_SET requirement (totaling 7.292ns) by 0.509ns

 Physical Path Details:

      Data path event_ram/mem3 to SLICE_807:

   Name    Fanout   Delay (ns)          Site               Resource
C2Q_DEL     ---     5.224 EBR_R8C11.CLKR to  EBR_R8C11.DO0 event_ram/mem3 (from pll_clk)
ROUTE         2     2.577  EBR_R8C11.DO0 to     R11C16A.M1 ev_rd_data_21 (to pll_clk)
                  --------
                    7.801   (67.0% logic, 33.0% route), 1 logic levels.

 Clock Skew Details: 

      Source Clock Path fpga_pll_i to event_ram/mem3:

   Name    Fanout   Delay (ns)          Site               Resource
ROUTE       550     1.850     LPLL.CLKOP to EBR_R8C11.CLKR pll_clk
                  --------
                    1.850   (0.0% logic, 100.0% route), 0 logic levels.

      Destination Clock Path fpga_pll_i to SLICE_807:

   Name    Fanout   Delay (ns)          Site               Resource
ROUTE       550     1.677     LPLL.CLKOP to    R11C16A.CLK pll_clk
                  --------
                    1.677   (0.0% logic, 100.0% route), 0 logic levels.


Error: The following path exceeds requirements by 0.464ns

 Logical Details:  Cell type  Pin type       Cell/ASIC name  (clock net +/-)

   Source:         PDPW8KC    Port           event_ram/mem0(ASIC)  (from pll_clk +)
   Destination:    FF         Data in        ev_run_hold_s5_i0_i73  (to pll_clk +)

   Delay:               7.756ns  (67.4% logic, 32.6% route), 1 logic levels.

 Constraint Details:

      7.756ns physical path delay event_ram/mem0 to SLICE_849 exceeds
      7.813ns delay constraint less
      0.173ns skew and
      0.348ns M_SET requirement (totaling 7.292ns) by 0.464ns

 Physical Path Details:

      Data path event_ram/mem0 to SLICE_849:

   Name    Fanout   Delay (ns)          Site               Resource
C2Q_DEL     ---     5.224  EBR_R8C8.CLKR to  EBR_R8C8.DO16 event_ram/mem0 (from pll_clk)
ROUTE         2     2.532  EBR_R8C8.DO16 to     R12C15D.M1 ev_rd_data_73 (to pll_clk)
                  --------
                    7.756   (67.4% logic, 32.6% route), 1 logic levels.

 Clock Skew Details: 

      Source Clock Path fpga_pll_i to event_ram/mem0:

   Name    Fanout   Delay (ns)          Site               Resource
ROUTE       550     1.850     LPLL.CLKOP to  EBR_R8C8.CLKR pll_clk
                  --------
                    1.850   (0.0% logic, 100.0% route), 0 logic levels.

      Destination Clock Path fpga_pll_i to SLICE_849:

   Name    Fanout   Delay (ns)          Site               Resource
ROUTE       550     1.677     LPLL.CLKOP to    R12C15D.CLK pll_clk
                  --------
                    1.677   (0.0% logic, 100.0% route), 0 logic levels.


Error: The following path exceeds requirements by 0.401ns

 Logical Details:  Cell type  Pin type       Cell/ASIC name  (clock net +/-)

   Source:         FF         Q              ws2812_i/bit_cell_count_i0_i2  (from pll_clk +)
   Destination:    FF         Data in        ws2812_i/reset_count__i9  (to pll_clk +)
                   FF                        ws2812_i/reset_count__i8

   Delay:               7.932ns  (30.7% logic, 69.3% route), 5 logic levels.

 Constraint Details:

      7.932ns physical path delay ws2812_i/SLICE_112 to ws2812_i/SLICE_757 exceeds
      7.813ns delay constraint less
      0.000ns skew and
      0.282ns CE_SET requirement (totaling 7.531ns) by 0.401ns

 Physical Path Details:

      Data path ws2812_i/SLICE_112 to ws2812_i/SLICE_757:

   Name    Fanout   Delay (ns)          Site               Resource
REG_DEL     ---     0.452      R9C6B.CLK to       R9C6B.Q1 ws2812_i/SLICE_112 (from pll_clk)
ROUTE         4     1.403       R9C6B.Q1 to       R9C5A.A1 ws2812_i/bit_cell_count_2
CTOF_DEL    ---     0.495       R9C5A.A1 to       R9C5A.F1 SLICE_946
ROUTE         1     1.193       R9C5A.F1 to      R11C6A.C1 ws2812_i/n14
CTOF_DEL    ---     0.495      R11C6A.C1 to      R11C6A.F1 SLICE_815
ROUTE        13     0.812      R11C6A.F1 to      R11C4D.C0 n15
CTOF_DEL    ---     0.495      R11C4D.C0 to      R11C4D.F0 SLICE_870
ROUTE         3     0.984      R11C4D.F0 to      R11C4A.A1 ws2812_i/n26052
CTOF_DEL    ---     0.495      R11C4A.A1 to      R11C4A.F1 SLICE_891
ROUTE         5     1.108      R11C4A.F1 to      R10C3D.CE ws2812_i/pll_clk_enable_317 (to pll_clk)
                  --------
                    7.932   (30.7% logic, 69.3% route), 5 logic levels.

 Clock Skew Details: 

      Source Clock Path fpga_pll_i to ws2812_i/SLICE_112:

   Name    Fanout   Delay (ns)          Site               Resource
ROUTE       550     1.677     LPLL.CLKOP to      R9C6B.CLK pll_clk
                  --------
                    1.677   (0.0% logic, 100.0% route), 0 logic levels.

      Destination Clock Path fpga_pll_i to ws2812_i/SLICE_757:

   Name    Fanout   Delay (ns)          Site               Resource
ROUTE       550     1.677     LPLL.CLKOP to     R10C3D.CLK pll_clk
                  --------
                    1.677   (0.0% logic, 100.0% route), 0 logic levels.


Error: The following path exceeds requirements by 0.278ns

 Logical Details:  Cell type  Pin type       Cell/ASIC name  (clock net +/-)

   Source:         PDPW8KC    Port           event_ram/mem1(ASIC)  (from pll_clk +)
   Destination:    FF         Data in        ev_run_hold_s5_i0_i65  (to pll_clk +)

   Delay:               7.570ns  (69.0% logic, 31.0% route), 1 logic levels.

 Constraint Details:

      7.570ns physical path delay event_ram/mem1 to SLICE_948 exceeds
      7.813ns delay constraint less
      0.173ns skew and
      0.348ns M_SET requirement (totaling 7.292ns) by 0.278ns

 Physical Path Details:

      Data path event_ram/mem1 to SLICE_948:

   Name    Fanout   Delay (ns)          Site               Resource
C2Q_DEL     ---     5.224 EBR_R8C18.CLKR to  EBR_R8C18.DO8 event_ram/mem1 (from pll_clk)
ROUTE         2     2.346  EBR_R8C18.DO8 to       R9C8C.M1 ev_rd_data_65 (to pll_clk)
                  --------
                    7.570   (69.0% logic, 31.0% route), 1 logic levels.

 Clock Skew Details: 

      Source Clock Path fpga_pll_i to event_ram/mem1:

   Name    Fanout   Delay (ns)          Site               Resource
ROUTE       550     1.850     LPLL.CLKOP to EBR_R8C18.CLKR pll_clk
                  --------
                    1.850   (0.0% logic, 100.0% route), 0 logic levels.

      Destination Clock Path fpga_pll_i to SLICE_948:

   Name    Fanout   Delay (ns)          Site               Resource
ROUTE       550     1.677     LPLL.CLKOP to      R9C8C.CLK pll_clk
                  --------
                    1.677   (0.0% logic, 100.0% route), 0 logic levels.


Error: The following path exceeds requirements by 0.191ns

 Logical Details:  Cell type  Pin type       Cell/ASIC name  (clock net +/-)

   Source:         PDPW8KC    Port           event_ram/mem2(ASIC)  (from pll_clk +)
   Destination:    FF         Data in        ev_run_hold_s5_i0_i31  (to pll_clk +)

   Delay:               7.483ns  (69.8% logic, 30.2% route), 1 logic levels.

 Constraint Details:

      7.483ns physical path delay event_ram/mem2 to SLICE_815 exceeds
      7.813ns delay constraint less
      0.173ns skew and
      0.348ns M_SET requirement (totaling 7.292ns) by 0.191ns

 Physical Path Details:

      Data path event_ram/mem2 to SLICE_815:

   Name    Fanout   Delay (ns)          Site               Resource
C2Q_DEL     ---     5.224 EBR_R8C15.CLKR to EBR_R8C15.DO10 event_ram/mem2 (from pll_clk)
ROUTE         2     2.259 EBR_R8C15.DO10 to      R11C6A.M0 ev_rd_data_31 (to pll_clk)
                  --------
                    7.483   (69.8% logic, 30.2% route), 1 logic levels.

 Clock Skew Details: 

      Source Clock Path fpga_pll_i to event_ram/mem2:

   Name    Fanout   Delay (ns)          Site               Resource
ROUTE       550     1.850     LPLL.CLKOP to EBR_R8C15.CLKR pll_clk
                  --------
                    1.850   (0.0% logic, 100.0% route), 0 logic levels.

      Destination Clock Path fpga_pll_i to SLICE_815:

   Name    Fanout   Delay (ns)          Site               Resource
ROUTE       550     1.677     LPLL.CLKOP to     R11C6A.CLK pll_clk
                  --------
                    1.677   (0.0% logic, 100.0% route), 0 logic levels.


Error: The following path exceeds requirements by 0.184ns

 Logical Details:  Cell type  Pin type       Cell/ASIC name  (clock net +/-)

   Source:         PDPW8KC    Port           event_ram/mem0(ASIC)  (from pll_clk +)
   Destination:    FF         Data in        ev_rd_hold_i78  (to pll_clk +)

   Delay:               7.476ns  (69.9% logic, 30.1% route), 1 logic levels.

 Constraint Details:

      7.476ns physical path delay event_ram/mem0 to SLICE_896 exceeds
      7.813ns delay constraint less
      0.173ns skew and
      0.348ns M_SET requirement (totaling 7.292ns) by 0.184ns

 Physical Path Details:

      Data path event_ram/mem0 to SLICE_896:

   Name    Fanout   Delay (ns)          Site               Resource
C2Q_DEL     ---     5.224  EBR_R8C8.CLKR to   EBR_R8C8.DO3 event_ram/mem0 (from pll_clk)
ROUTE         2     2.252   EBR_R8C8.DO3 to     R10C17D.M0 ev_rd_data_78 (to pll_clk)
                  --------
                    7.476   (69.9% logic, 30.1% route), 1 logic levels.

 Clock Skew Details: 

      Source Clock Path fpga_pll_i to event_ram/mem0:

   Name    Fanout   Delay (ns)          Site               Resource
ROUTE       550     1.850     LPLL.CLKOP to  EBR_R8C8.CLKR pll_clk
                  --------
                    1.850   (0.0% logic, 100.0% route), 0 logic levels.

      Destination Clock Path fpga_pll_i to SLICE_896:

   Name    Fanout   Delay (ns)          Site               Resource
ROUTE       550     1.677     LPLL.CLKOP to    R10C17D.CLK pll_clk
                  --------
                    1.677   (0.0% logic, 100.0% route), 0 logic levels.


Error: The following path exceeds requirements by 0.184ns

 Logical Details:  Cell type  Pin type       Cell/ASIC name  (clock net +/-)

   Source:         PDPW8KC    Port           event_ram/mem0(ASIC)  (from pll_clk +)
   Destination:    FF         Data in        ev_rd_hold_i75  (to pll_clk +)

   Delay:               7.476ns  (69.9% logic, 30.1% route), 1 logic levels.

 Constraint Details:

      7.476ns physical path delay event_ram/mem0 to SLICE_894 exceeds
      7.813ns delay constraint less
      0.173ns skew and
      0.348ns M_SET requirement (totaling 7.292ns) by 0.184ns

 Physical Path Details:

      Data path event_ram/mem0 to SLICE_894:

   Name    Fanout   Delay (ns)          Site               Resource
C2Q_DEL     ---     5.224  EBR_R8C8.CLKR to   EBR_R8C8.DO0 event_ram/mem0 (from pll_clk)
ROUTE         2     2.252   EBR_R8C8.DO0 to      R9C17C.M1 ev_rd_data_75 (to pll_clk)
                  --------
                    7.476   (69.9% logic, 30.1% route), 1 logic levels.

 Clock Skew Details: 

      Source Clock Path fpga_pll_i to event_ram/mem0:

   Name    Fanout   Delay (ns)          Site               Resource
ROUTE       550     1.850     LPLL.CLKOP to  EBR_R8C8.CLKR pll_clk
                  --------
                    1.850   (0.0% logic, 100.0% route), 0 logic levels.

      Destination Clock Path fpga_pll_i to SLICE_894:

   Name    Fanout   Delay (ns)          Site               Resource
ROUTE       550     1.677     LPLL.CLKOP to     R9C17C.CLK pll_clk
                  --------
                    1.677   (0.0% logic, 100.0% route), 0 logic levels.


Error: The following path exceeds requirements by 0.184ns

 Logical Details:  Cell type  Pin type       Cell/ASIC name  (clock net +/-)

   Source:         PDPW8KC    Port           event_ram/mem1(ASIC)  (from pll_clk +)
   Destination:    FF         Data in        ev_run_hold_s5_i0_i64  (to pll_clk +)

   Delay:               7.476ns  (69.9% logic, 30.1% route), 1 logic levels.

 Constraint Details:

      7.476ns physical path delay event_ram/mem1 to SLICE_948 exceeds
      7.813ns delay constraint less
      0.173ns skew and
      0.348ns M_SET requirement (totaling 7.292ns) by 0.184ns

 Physical Path Details:

      Data path event_ram/mem1 to SLICE_948:

   Name    Fanout   Delay (ns)          Site               Resource
C2Q_DEL     ---     5.224 EBR_R8C18.CLKR to  EBR_R8C18.DO7 event_ram/mem1 (from pll_clk)
ROUTE         2     2.252  EBR_R8C18.DO7 to       R9C8C.M0 ev_rd_data_64 (to pll_clk)
                  --------
                    7.476   (69.9% logic, 30.1% route), 1 logic levels.

 Clock Skew Details: 

      Source Clock Path fpga_pll_i to event_ram/mem1:

   Name    Fanout   Delay (ns)          Site               Resource
ROUTE       550     1.850     LPLL.CLKOP to EBR_R8C18.CLKR pll_clk
                  --------
                    1.850   (0.0% logic, 100.0% route), 0 logic levels.

      Destination Clock Path fpga_pll_i to SLICE_948:

   Name    Fanout   Delay (ns)          Site               Resource
ROUTE       550     1.677     LPLL.CLKOP to      R9C8C.CLK pll_clk
                  --------
                    1.677   (0.0% logic, 100.0% route), 0 logic levels.


Error: The following path exceeds requirements by 0.184ns

 Logical Details:  Cell type  Pin type       Cell/ASIC name  (clock net +/-)

   Source:         PDPW8KC    Port           event_ram/mem0(ASIC)  (from pll_clk +)
   Destination:    FF         Data in        ev_rd_hold_i66  (to pll_clk +)

   Delay:               7.476ns  (69.9% logic, 30.1% route), 1 logic levels.

 Constraint Details:

      7.476ns physical path delay event_ram/mem0 to SLICE_939 exceeds
      7.813ns delay constraint less
      0.173ns skew and
      0.348ns M_SET requirement (totaling 7.292ns) by 0.184ns

 Physical Path Details:

      Data path event_ram/mem0 to SLICE_939:

   Name    Fanout   Delay (ns)          Site               Resource
C2Q_DEL     ---     5.224  EBR_R8C8.CLKR to   EBR_R8C8.DO9 event_ram/mem0 (from pll_clk)
ROUTE         2     2.252   EBR_R8C8.DO9 to      R9C18D.M0 ev_rd_data_66 (to pll_clk)
                  --------
                    7.476   (69.9% logic, 30.1% route), 1 logic levels.

 Clock Skew Details: 

      Source Clock Path fpga_pll_i to event_ram/mem0:

   Name    Fanout   Delay (ns)          Site               Resource
ROUTE       550     1.850     LPLL.CLKOP to  EBR_R8C8.CLKR pll_clk
                  --------
                    1.850   (0.0% logic, 100.0% route), 0 logic levels.

      Destination Clock Path fpga_pll_i to SLICE_939:

   Name    Fanout   Delay (ns)          Site               Resource
ROUTE       550     1.677     LPLL.CLKOP to     R9C18D.CLK pll_clk
                  --------
                    1.677   (0.0% logic, 100.0% route), 0 logic levels.


Error: The following path exceeds requirements by 0.161ns

 Logical Details:  Cell type  Pin type       Cell/ASIC name  (clock net +/-)

   Source:         PDPW8KC    Port           event_ram/mem4(ASIC)  (from pll_clk +)
   Destination:    FF         Data in        ev_rd_hold_i2  (to pll_clk +)

   Delay:               7.453ns  (70.1% logic, 29.9% route), 1 logic levels.

 Constraint Details:

      7.453ns physical path delay event_ram/mem4 to SLICE_887 exceeds
      7.813ns delay constraint less
      0.173ns skew and
      0.348ns M_SET requirement (totaling 7.292ns) by 0.161ns

 Physical Path Details:

      Data path event_ram/mem4 to SLICE_887:

   Name    Fanout   Delay (ns)          Site               Resource
C2Q_DEL     ---     5.224 EBR_R8C21.CLKR to EBR_R8C21.DO11 event_ram/mem4 (from pll_clk)
ROUTE         2     2.229 EBR_R8C21.DO11 to     R11C14C.M0 ev_rd_data_2 (to pll_clk)
                  --------
                    7.453   (70.1% logic, 29.9% route), 1 logic levels.

 Clock Skew Details: 

      Source Clock Path fpga_pll_i to event_ram/mem4:

   Name    Fanout   Delay (ns)          Site               Resource
ROUTE       550     1.850     LPLL.CLKOP to EBR_R8C21.CLKR pll_clk
                  --------
                    1.850   (0.0% logic, 100.0% route), 0 logic levels.

      Destination Clock Path fpga_pll_i to SLICE_887:

   Name    Fanout   Delay (ns)          Site               Resource
ROUTE       550     1.677     LPLL.CLKOP to    R11C14C.CLK pll_clk
                  --------
                    1.677   (0.0% logic, 100.0% route), 0 logic levels.

Warning: 120.163MHz is the maximum frequency for this preference.


================================================================================
Preference: FREQUENCY PORT "spi1_sck" 42.500000 MHz ;
            4096 items scored, 0 timing errors detected.
--------------------------------------------------------------------------------


Passed: The following path meets requirements by 5.380ns

 Logical Details:  Cell type  Pin type       Cell/ASIC name  (clock net +/-)

   Source:         FF         Q              spi_byte_count_i0_i11  (from spi1_sck_c +)
   Destination:    FF         Data in        rgb_values_i0_i6  (to spi1_sck_c +)
                   FF                        rgb_values_i0_i7

   Delay:              17.867ns  (21.9% logic, 78.1% route), 8 logic levels.

 Constraint Details:

     17.867ns physical path delay SLICE_56 to SLICE_1247 meets
     23.529ns delay constraint less
      0.000ns skew and
      0.282ns CE_SET requirement (totaling 23.247ns) by 5.380ns

 Physical Path Details:

      Data path SLICE_56 to SLICE_1247:

   Name    Fanout   Delay (ns)          Site               Resource
REG_DEL     ---     0.452    R12C10C.CLK to     R12C10C.Q0 SLICE_56 (from spi1_sck_c)
ROUTE         4     2.248     R12C10C.Q0 to     R12C13A.A1 spi_byte_count_11
CTOF_DEL    ---     0.495     R12C13A.A1 to     R12C13A.F1 SLICE_952
ROUTE         4     2.025     R12C13A.F1 to     R12C17A.C0 n26094
CTOF_DEL    ---     0.495     R12C17A.C0 to     R12C17A.F0 SLICE_803
ROUTE         4     2.071     R12C17A.F0 to     R11C16D.C1 n26047
CTOF_DEL    ---     0.495     R11C16D.C1 to     R11C16D.F1 SLICE_839
ROUTE         2     0.445     R11C16D.F1 to     R11C16D.C0 n26030
CTOF_DEL    ---     0.495     R11C16D.C0 to     R11C16D.F0 SLICE_839
ROUTE         3     1.824     R11C16D.F0 to     R12C14C.A1 n121
CTOF_DEL    ---     0.495     R12C14C.A1 to     R12C14C.F1 SLICE_949
ROUTE         1     0.986     R12C14C.F1 to     R12C15C.A1 n8
CTOF_DEL    ---     0.495     R12C15C.A1 to     R12C15C.F1 SLICE_846
ROUTE         3     0.445     R12C15C.F1 to     R12C15C.C0 n180
CTOF_DEL    ---     0.495     R12C15C.C0 to     R12C15C.F0 SLICE_846
ROUTE         4     3.906     R12C15C.F0 to       R6C6C.CE spi1_sck_c_enable_136 (to spi1_sck_c)
                  --------
                   17.867   (21.9% logic, 78.1% route), 8 logic levels.

 Clock Skew Details: 

      Source Clock Path spi1_sck to SLICE_56:

   Name    Fanout   Delay (ns)          Site               Resource
ROUTE       126     2.209       K1.PADDI to    R12C10C.CLK spi1_sck_c
                  --------
                    2.209   (0.0% logic, 100.0% route), 0 logic levels.

      Destination Clock Path spi1_sck to SLICE_1247:

   Name    Fanout   Delay (ns)          Site               Resource
ROUTE       126     2.209       K1.PADDI to      R6C6C.CLK spi1_sck_c
                  --------
                    2.209   (0.0% logic, 100.0% route), 0 logic levels.


Passed: The following path meets requirements by 5.633ns

 Logical Details:  Cell type  Pin type       Cell/ASIC name  (clock net +/-)

   Source:         FF         Q              spi_byte_count_i0_i11  (from spi1_sck_c +)
   Destination:    FF         Data in        rgb_values_i0_i18  (to spi1_sck_c +)
                   FF                        rgb_values_i0_i19

   Delay:              17.614ns  (22.2% logic, 77.8% route), 8 logic levels.

 Constraint Details:

     17.614ns physical path delay SLICE_56 to SLICE_1253 meets
     23.529ns delay constraint less
      0.000ns skew and
      0.282ns CE_SET requirement (totaling 23.247ns) by 5.633ns

 Physical Path Details:

      Data path SLICE_56 to SLICE_1253:

   Name    Fanout   Delay (ns)          Site               Resource
REG_DEL     ---     0.452    R12C10C.CLK to     R12C10C.Q0 SLICE_56 (from spi1_sck_c)
ROUTE         4     2.248     R12C10C.Q0 to     R12C13A.A1 spi_byte_count_11
CTOF_DEL    ---     0.495     R12C13A.A1 to     R12C13A.F1 SLICE_952
ROUTE         4     2.025     R12C13A.F1 to     R12C17A.C0 n26094
CTOF_DEL    ---     0.495     R12C17A.C0 to     R12C17A.F0 SLICE_803
ROUTE         4     2.071     R12C17A.F0 to     R11C16D.C1 n26047
CTOF_DEL    ---     0.495     R11C16D.C1 to     R11C16D.F1 SLICE_839
ROUTE         2     0.445     R11C16D.F1 to     R11C16D.C0 n26030
CTOF_DEL    ---     0.495     R11C16D.C0 to     R11C16D.F0 SLICE_839
ROUTE         3     1.824     R11C16D.F0 to     R12C14C.A1 n121
CTOF_DEL    ---     0.495     R12C14C.A1 to     R12C14C.F1 SLICE_949
ROUTE         1     0.986     R12C14C.F1 to     R12C15C.A1 n8
CTOF_DEL    ---     0.495     R12C15C.A1 to     R12C15C.F1 SLICE_846
ROUTE         3     1.024     R12C15C.F1 to     R12C14A.B1 n180
CTOF_DEL    ---     0.495     R12C14A.B1 to     R12C14A.F1 SLICE_884
ROUTE         4     3.074     R12C14A.F1 to       R5C6C.CE spi1_sck_c_enable_152 (to spi1_sck_c)
                  --------
                   17.614   (22.2% logic, 77.8% route), 8 logic levels.

 Clock Skew Details: 

      Source Clock Path spi1_sck to SLICE_56:

   Name    Fanout   Delay (ns)          Site               Resource
ROUTE       126     2.209       K1.PADDI to    R12C10C.CLK spi1_sck_c
                  --------
                    2.209   (0.0% logic, 100.0% route), 0 logic levels.

      Destination Clock Path spi1_sck to SLICE_1253:

   Name    Fanout   Delay (ns)          Site               Resource
ROUTE       126     2.209       K1.PADDI to      R5C6C.CLK spi1_sck_c
                  --------
                    2.209   (0.0% logic, 100.0% route), 0 logic levels.


Passed: The following path meets requirements by 5.633ns

 Logical Details:  Cell type  Pin type       Cell/ASIC name  (clock net +/-)

   Source:         FF         Q              spi_byte_count_i0_i11  (from spi1_sck_c +)
   Destination:    FF         Data in        rgb_values_i0_i22  (to spi1_sck_c +)
                   FF                        rgb_values_i0_i23

   Delay:              17.614ns  (22.2% logic, 77.8% route), 8 logic levels.

 Constraint Details:

     17.614ns physical path delay SLICE_56 to SLICE_1255 meets
     23.529ns delay constraint less
      0.000ns skew and
      0.282ns CE_SET requirement (totaling 23.247ns) by 5.633ns

 Physical Path Details:

      Data path SLICE_56 to SLICE_1255:

   Name    Fanout   Delay (ns)          Site               Resource
REG_DEL     ---     0.452    R12C10C.CLK to     R12C10C.Q0 SLICE_56 (from spi1_sck_c)
ROUTE         4     2.248     R12C10C.Q0 to     R12C13A.A1 spi_byte_count_11
CTOF_DEL    ---     0.495     R12C13A.A1 to     R12C13A.F1 SLICE_952
ROUTE         4     2.025     R12C13A.F1 to     R12C17A.C0 n26094
CTOF_DEL    ---     0.495     R12C17A.C0 to     R12C17A.F0 SLICE_803
ROUTE         4     2.071     R12C17A.F0 to     R11C16D.C1 n26047
CTOF_DEL    ---     0.495     R11C16D.C1 to     R11C16D.F1 SLICE_839
ROUTE         2     0.445     R11C16D.F1 to     R11C16D.C0 n26030
CTOF_DEL    ---     0.495     R11C16D.C0 to     R11C16D.F0 SLICE_839
ROUTE         3     1.824     R11C16D.F0 to     R12C14C.A1 n121
CTOF_DEL    ---     0.495     R12C14C.A1 to     R12C14C.F1 SLICE_949
ROUTE         1     0.986     R12C14C.F1 to     R12C15C.A1 n8
CTOF_DEL    ---     0.495     R12C15C.A1 to     R12C15C.F1 SLICE_846
ROUTE         3     1.024     R12C15C.F1 to     R12C14A.B1 n180
CTOF_DEL    ---     0.495     R12C14A.B1 to     R12C14A.F1 SLICE_884
ROUTE         4     3.074     R12C14A.F1 to       R6C6D.CE spi1_sck_c_enable_152 (to spi1_sck_c)
                  --------
                   17.614   (22.2% logic, 77.8% route), 8 logic levels.

 Clock Skew Details: 

      Source Clock Path spi1_sck to SLICE_56:

   Name    Fanout   Delay (ns)          Site               Resource
ROUTE       126     2.209       K1.PADDI to    R12C10C.CLK spi1_sck_c
                  --------
                    2.209   (0.0% logic, 100.0% route), 0 logic levels.

      Destination Clock Path spi1_sck to SLICE_1255:

   Name    Fanout   Delay (ns)          Site               Resource
ROUTE       126     2.209       K1.PADDI to      R6C6D.CLK spi1_sck_c
                  --------
                    2.209   (0.0% logic, 100.0% route), 0 logic levels.


Passed: The following path meets requirements by 5.767ns

 Logical Details:  Cell type  Pin type       Cell/ASIC name  (clock net +/-)

   Source:         FF         Q              spi_byte_count_i0_i12  (from spi1_sck_c +)
   Destination:    FF         Data in        rgb_values_i0_i6  (to spi1_sck_c +)
                   FF                        rgb_values_i0_i7

   Delay:              17.480ns  (22.4% logic, 77.6% route), 8 logic levels.

 Constraint Details:

     17.480ns physical path delay SLICE_56 to SLICE_1247 meets
     23.529ns delay constraint less
      0.000ns skew and
      0.282ns CE_SET requirement (totaling 23.247ns) by 5.767ns

 Physical Path Details:

      Data path SLICE_56 to SLICE_1247:

   Name    Fanout   Delay (ns)          Site               Resource
REG_DEL     ---     0.452    R12C10C.CLK to     R12C10C.Q1 SLICE_56 (from spi1_sck_c)
ROUTE         4     1.861     R12C10C.Q1 to     R12C13A.B1 spi_byte_count_12
CTOF_DEL    ---     0.495     R12C13A.B1 to     R12C13A.F1 SLICE_952
ROUTE         4     2.025     R12C13A.F1 to     R12C17A.C0 n26094
CTOF_DEL    ---     0.495     R12C17A.C0 to     R12C17A.F0 SLICE_803
ROUTE         4     2.071     R12C17A.F0 to     R11C16D.C1 n26047
CTOF_DEL    ---     0.495     R11C16D.C1 to     R11C16D.F1 SLICE_839
ROUTE         2     0.445     R11C16D.F1 to     R11C16D.C0 n26030
CTOF_DEL    ---     0.495     R11C16D.C0 to     R11C16D.F0 SLICE_839
ROUTE         3     1.824     R11C16D.F0 to     R12C14C.A1 n121
CTOF_DEL    ---     0.495     R12C14C.A1 to     R12C14C.F1 SLICE_949
ROUTE         1     0.986     R12C14C.F1 to     R12C15C.A1 n8
CTOF_DEL    ---     0.495     R12C15C.A1 to     R12C15C.F1 SLICE_846
ROUTE         3     0.445     R12C15C.F1 to     R12C15C.C0 n180
CTOF_DEL    ---     0.495     R12C15C.C0 to     R12C15C.F0 SLICE_846
ROUTE         4     3.906     R12C15C.F0 to       R6C6C.CE spi1_sck_c_enable_136 (to spi1_sck_c)
                  --------
                   17.480   (22.4% logic, 77.6% route), 8 logic levels.

 Clock Skew Details: 

      Source Clock Path spi1_sck to SLICE_56:

   Name    Fanout   Delay (ns)          Site               Resource
ROUTE       126     2.209       K1.PADDI to    R12C10C.CLK spi1_sck_c
                  --------
                    2.209   (0.0% logic, 100.0% route), 0 logic levels.

      Destination Clock Path spi1_sck to SLICE_1247:

   Name    Fanout   Delay (ns)          Site               Resource
ROUTE       126     2.209       K1.PADDI to      R6C6C.CLK spi1_sck_c
                  --------
                    2.209   (0.0% logic, 100.0% route), 0 logic levels.


Passed: The following path meets requirements by 6.020ns

 Logical Details:  Cell type  Pin type       Cell/ASIC name  (clock net +/-)

   Source:         FF         Q              spi_byte_count_i0_i12  (from spi1_sck_c +)
   Destination:    FF         Data in        rgb_values_i0_i18  (to spi1_sck_c +)
                   FF                        rgb_values_i0_i19

   Delay:              17.227ns  (22.7% logic, 77.3% route), 8 logic levels.

 Constraint Details:

     17.227ns physical path delay SLICE_56 to SLICE_1253 meets
     23.529ns delay constraint less
      0.000ns skew and
      0.282ns CE_SET requirement (totaling 23.247ns) by 6.020ns

 Physical Path Details:

      Data path SLICE_56 to SLICE_1253:

   Name    Fanout   Delay (ns)          Site               Resource
REG_DEL     ---     0.452    R12C10C.CLK to     R12C10C.Q1 SLICE_56 (from spi1_sck_c)
ROUTE         4     1.861     R12C10C.Q1 to     R12C13A.B1 spi_byte_count_12
CTOF_DEL    ---     0.495     R12C13A.B1 to     R12C13A.F1 SLICE_952
ROUTE         4     2.025     R12C13A.F1 to     R12C17A.C0 n26094
CTOF_DEL    ---     0.495     R12C17A.C0 to     R12C17A.F0 SLICE_803
ROUTE         4     2.071     R12C17A.F0 to     R11C16D.C1 n26047
CTOF_DEL    ---     0.495     R11C16D.C1 to     R11C16D.F1 SLICE_839
ROUTE         2     0.445     R11C16D.F1 to     R11C16D.C0 n26030
CTOF_DEL    ---     0.495     R11C16D.C0 to     R11C16D.F0 SLICE_839
ROUTE         3     1.824     R11C16D.F0 to     R12C14C.A1 n121
CTOF_DEL    ---     0.495     R12C14C.A1 to     R12C14C.F1 SLICE_949
ROUTE         1     0.986     R12C14C.F1 to     R12C15C.A1 n8
CTOF_DEL    ---     0.495     R12C15C.A1 to     R12C15C.F1 SLICE_846
ROUTE         3     1.024     R12C15C.F1 to     R12C14A.B1 n180
CTOF_DEL    ---     0.495     R12C14A.B1 to     R12C14A.F1 SLICE_884
ROUTE         4     3.074     R12C14A.F1 to       R5C6C.CE spi1_sck_c_enable_152 (to spi1_sck_c)
                  --------
                   17.227   (22.7% logic, 77.3% route), 8 logic levels.

 Clock Skew Details: 

      Source Clock Path spi1_sck to SLICE_56:

   Name    Fanout   Delay (ns)          Site               Resource
ROUTE       126     2.209       K1.PADDI to    R12C10C.CLK spi1_sck_c
                  --------
                    2.209   (0.0% logic, 100.0% route), 0 logic levels.

      Destination Clock Path spi1_sck to SLICE_1253:

   Name    Fanout   Delay (ns)          Site               Resource
ROUTE       126     2.209       K1.PADDI to      R5C6C.CLK spi1_sck_c
                  --------
                    2.209   (0.0% logic, 100.0% route), 0 logic levels.


Passed: The following path meets requirements by 6.020ns

 Logical Details:  Cell type  Pin type       Cell/ASIC name  (clock net +/-)

   Source:         FF         Q              spi_byte_count_i0_i12  (from spi1_sck_c +)
   Destination:    FF         Data in        rgb_values_i0_i22  (to spi1_sck_c +)
                   FF                        rgb_values_i0_i23

   Delay:              17.227ns  (22.7% logic, 77.3% route), 8 logic levels.

 Constraint Details:

     17.227ns physical path delay SLICE_56 to SLICE_1255 meets
     23.529ns delay constraint less
      0.000ns skew and
      0.282ns CE_SET requirement (totaling 23.247ns) by 6.020ns

 Physical Path Details:

      Data path SLICE_56 to SLICE_1255:

   Name    Fanout   Delay (ns)          Site               Resource
REG_DEL     ---     0.452    R12C10C.CLK to     R12C10C.Q1 SLICE_56 (from spi1_sck_c)
ROUTE         4     1.861     R12C10C.Q1 to     R12C13A.B1 spi_byte_count_12
CTOF_DEL    ---     0.495     R12C13A.B1 to     R12C13A.F1 SLICE_952
ROUTE         4     2.025     R12C13A.F1 to     R12C17A.C0 n26094
CTOF_DEL    ---     0.495     R12C17A.C0 to     R12C17A.F0 SLICE_803
ROUTE         4     2.071     R12C17A.F0 to     R11C16D.C1 n26047
CTOF_DEL    ---     0.495     R11C16D.C1 to     R11C16D.F1 SLICE_839
ROUTE         2     0.445     R11C16D.F1 to     R11C16D.C0 n26030
CTOF_DEL    ---     0.495     R11C16D.C0 to     R11C16D.F0 SLICE_839
ROUTE         3     1.824     R11C16D.F0 to     R12C14C.A1 n121
CTOF_DEL    ---     0.495     R12C14C.A1 to     R12C14C.F1 SLICE_949
ROUTE         1     0.986     R12C14C.F1 to     R12C15C.A1 n8
CTOF_DEL    ---     0.495     R12C15C.A1 to     R12C15C.F1 SLICE_846
ROUTE         3     1.024     R12C15C.F1 to     R12C14A.B1 n180
CTOF_DEL    ---     0.495     R12C14A.B1 to     R12C14A.F1 SLICE_884
ROUTE         4     3.074     R12C14A.F1 to       R6C6D.CE spi1_sck_c_enable_152 (to spi1_sck_c)
                  --------
                   17.227   (22.7% logic, 77.3% route), 8 logic levels.

 Clock Skew Details: 

      Source Clock Path spi1_sck to SLICE_56:

   Name    Fanout   Delay (ns)          Site               Resource
ROUTE       126     2.209       K1.PADDI to    R12C10C.CLK spi1_sck_c
                  --------
                    2.209   (0.0% logic, 100.0% route), 0 logic levels.

      Destination Clock Path spi1_sck to SLICE_1255:

   Name    Fanout   Delay (ns)          Site               Resource
ROUTE       126     2.209       K1.PADDI to      R6C6D.CLK spi1_sck_c
                  --------
                    2.209   (0.0% logic, 100.0% route), 0 logic levels.


Passed: The following path meets requirements by 6.102ns

 Logical Details:  Cell type  Pin type       Cell/ASIC name  (clock net +/-)

   Source:         FF         Q              spi_byte_count_i0_i10  (from spi1_sck_c +)
   Destination:    FF         Data in        accepted_sequence_spi_i0_i22  (to spi1_sck_c +)
                   FF                        accepted_sequence_spi_i0_i21

   Delay:              17.145ns  (22.2% logic, 77.8% route), 8 logic levels.

 Constraint Details:

     17.145ns physical path delay SLICE_57 to SLICE_43 meets
     23.529ns delay constraint less
      0.000ns skew and
      0.282ns CE_SET requirement (totaling 23.247ns) by 6.102ns

 Physical Path Details:

      Data path SLICE_57 to SLICE_43:

   Name    Fanout   Delay (ns)          Site               Resource
REG_DEL     ---     0.452    R12C10B.CLK to     R12C10B.Q1 SLICE_57 (from spi1_sck_c)
ROUTE         7     2.409     R12C10B.Q1 to     R11C17B.B1 spi_byte_count_10
CTOF_DEL    ---     0.495     R11C17B.B1 to     R11C17B.F1 SLICE_812
ROUTE         3     1.912     R11C17B.F1 to     R12C15D.A1 n26068
CTOF_DEL    ---     0.495     R12C15D.A1 to     R12C15D.F1 SLICE_849
ROUTE         2     0.775     R12C15D.F1 to     R10C15D.C1 n25345
CTOF_DEL    ---     0.495     R10C15D.C1 to     R10C15D.F1 SLICE_860
ROUTE         2     1.013     R10C15D.F1 to     R10C15D.B0 n10
CTOF_DEL    ---     0.495     R10C15D.B0 to     R10C15D.F0 SLICE_860
ROUTE         1     1.829     R10C15D.F0 to     R10C10D.M0 n26027
MTOOFX_DEL  ---     0.376     R10C10D.M0 to   R10C10D.OFX0 frame_end_I_0/SLICE_789
ROUTE         2     2.148   R10C10D.OFX0 to      R7C17D.C0 frame_end
CTOF_DEL    ---     0.495      R7C17D.C0 to      R7C17D.F0 SLICE_800
ROUTE        13     0.445      R7C17D.F0 to      R7C17D.C1 spi1_sck_c_enable_170
CTOF_DEL    ---     0.495      R7C17D.C1 to      R7C17D.F1 SLICE_800
ROUTE        17     2.816      R7C17D.F1 to       R5C8D.CE spi1_sck_c_enable_200 (to spi1_sck_c)
                  --------
                   17.145   (22.2% logic, 77.8% route), 8 logic levels.

 Clock Skew Details: 

      Source Clock Path spi1_sck to SLICE_57:

   Name    Fanout   Delay (ns)          Site               Resource
ROUTE       126     2.209       K1.PADDI to    R12C10B.CLK spi1_sck_c
                  --------
                    2.209   (0.0% logic, 100.0% route), 0 logic levels.

      Destination Clock Path spi1_sck to SLICE_43:

   Name    Fanout   Delay (ns)          Site               Resource
ROUTE       126     2.209       K1.PADDI to      R5C8D.CLK spi1_sck_c
                  --------
                    2.209   (0.0% logic, 100.0% route), 0 logic levels.


Passed: The following path meets requirements by 6.102ns

 Logical Details:  Cell type  Pin type       Cell/ASIC name  (clock net +/-)

   Source:         FF         Q              spi_byte_count_i0_i10  (from spi1_sck_c +)
   Destination:    FF         Data in        accepted_sequence_spi_i0_i20  (to spi1_sck_c +)
                   FF                        accepted_sequence_spi_i0_i2

   Delay:              17.145ns  (22.2% logic, 77.8% route), 8 logic levels.

 Constraint Details:

     17.145ns physical path delay SLICE_57 to SLICE_45 meets
     23.529ns delay constraint less
      0.000ns skew and
      0.282ns CE_SET requirement (totaling 23.247ns) by 6.102ns

 Physical Path Details:

      Data path SLICE_57 to SLICE_45:

   Name    Fanout   Delay (ns)          Site               Resource
REG_DEL     ---     0.452    R12C10B.CLK to     R12C10B.Q1 SLICE_57 (from spi1_sck_c)
ROUTE         7     2.409     R12C10B.Q1 to     R11C17B.B1 spi_byte_count_10
CTOF_DEL    ---     0.495     R11C17B.B1 to     R11C17B.F1 SLICE_812
ROUTE         3     1.912     R11C17B.F1 to     R12C15D.A1 n26068
CTOF_DEL    ---     0.495     R12C15D.A1 to     R12C15D.F1 SLICE_849
ROUTE         2     0.775     R12C15D.F1 to     R10C15D.C1 n25345
CTOF_DEL    ---     0.495     R10C15D.C1 to     R10C15D.F1 SLICE_860
ROUTE         2     1.013     R10C15D.F1 to     R10C15D.B0 n10
CTOF_DEL    ---     0.495     R10C15D.B0 to     R10C15D.F0 SLICE_860
ROUTE         1     1.829     R10C15D.F0 to     R10C10D.M0 n26027
MTOOFX_DEL  ---     0.376     R10C10D.M0 to   R10C10D.OFX0 frame_end_I_0/SLICE_789
ROUTE         2     2.148   R10C10D.OFX0 to      R7C17D.C0 frame_end
CTOF_DEL    ---     0.495      R7C17D.C0 to      R7C17D.F0 SLICE_800
ROUTE        13     0.445      R7C17D.F0 to      R7C17D.C1 spi1_sck_c_enable_170
CTOF_DEL    ---     0.495      R7C17D.C1 to      R7C17D.F1 SLICE_800
ROUTE        17     2.816      R7C17D.F1 to       R5C8C.CE spi1_sck_c_enable_200 (to spi1_sck_c)
                  --------
                   17.145   (22.2% logic, 77.8% route), 8 logic levels.

 Clock Skew Details: 

      Source Clock Path spi1_sck to SLICE_57:

   Name    Fanout   Delay (ns)          Site               Resource
ROUTE       126     2.209       K1.PADDI to    R12C10B.CLK spi1_sck_c
                  --------
                    2.209   (0.0% logic, 100.0% route), 0 logic levels.

      Destination Clock Path spi1_sck to SLICE_45:

   Name    Fanout   Delay (ns)          Site               Resource
ROUTE       126     2.209       K1.PADDI to      R5C8C.CLK spi1_sck_c
                  --------
                    2.209   (0.0% logic, 100.0% route), 0 logic levels.


Passed: The following path meets requirements by 6.102ns

 Logical Details:  Cell type  Pin type       Cell/ASIC name  (clock net +/-)

   Source:         FF         Q              spi_byte_count_i0_i10  (from spi1_sck_c +)
   Destination:    FF         Data in        accepted_sequence_spi_i0_i19  (to spi1_sck_c +)
                   FF                        accepted_sequence_spi_i0_i18

   Delay:              17.145ns  (22.2% logic, 77.8% route), 8 logic levels.

 Constraint Details:

     17.145ns physical path delay SLICE_57 to SLICE_46 meets
     23.529ns delay constraint less
      0.000ns skew and
      0.282ns CE_SET requirement (totaling 23.247ns) by 6.102ns

 Physical Path Details:

      Data path SLICE_57 to SLICE_46:

   Name    Fanout   Delay (ns)          Site               Resource
REG_DEL     ---     0.452    R12C10B.CLK to     R12C10B.Q1 SLICE_57 (from spi1_sck_c)
ROUTE         7     2.409     R12C10B.Q1 to     R11C17B.B1 spi_byte_count_10
CTOF_DEL    ---     0.495     R11C17B.B1 to     R11C17B.F1 SLICE_812
ROUTE         3     1.912     R11C17B.F1 to     R12C15D.A1 n26068
CTOF_DEL    ---     0.495     R12C15D.A1 to     R12C15D.F1 SLICE_849
ROUTE         2     0.775     R12C15D.F1 to     R10C15D.C1 n25345
CTOF_DEL    ---     0.495     R10C15D.C1 to     R10C15D.F1 SLICE_860
ROUTE         2     1.013     R10C15D.F1 to     R10C15D.B0 n10
CTOF_DEL    ---     0.495     R10C15D.B0 to     R10C15D.F0 SLICE_860
ROUTE         1     1.829     R10C15D.F0 to     R10C10D.M0 n26027
MTOOFX_DEL  ---     0.376     R10C10D.M0 to   R10C10D.OFX0 frame_end_I_0/SLICE_789
ROUTE         2     2.148   R10C10D.OFX0 to      R7C17D.C0 frame_end
CTOF_DEL    ---     0.495      R7C17D.C0 to      R7C17D.F0 SLICE_800
ROUTE        13     0.445      R7C17D.F0 to      R7C17D.C1 spi1_sck_c_enable_170
CTOF_DEL    ---     0.495      R7C17D.C1 to      R7C17D.F1 SLICE_800
ROUTE        17     2.816      R7C17D.F1 to       R5C8B.CE spi1_sck_c_enable_200 (to spi1_sck_c)
                  --------
                   17.145   (22.2% logic, 77.8% route), 8 logic levels.

 Clock Skew Details: 

      Source Clock Path spi1_sck to SLICE_57:

   Name    Fanout   Delay (ns)          Site               Resource
ROUTE       126     2.209       K1.PADDI to    R12C10B.CLK spi1_sck_c
                  --------
                    2.209   (0.0% logic, 100.0% route), 0 logic levels.

      Destination Clock Path spi1_sck to SLICE_46:

   Name    Fanout   Delay (ns)          Site               Resource
ROUTE       126     2.209       K1.PADDI to      R5C8B.CLK spi1_sck_c
                  --------
                    2.209   (0.0% logic, 100.0% route), 0 logic levels.


Passed: The following path meets requirements by 6.102ns

 Logical Details:  Cell type  Pin type       Cell/ASIC name  (clock net +/-)

   Source:         FF         Q              spi_byte_count_i0_i10  (from spi1_sck_c +)
   Destination:    FF         Data in        accepted_sequence_spi_i0_i1  (to spi1_sck_c +)
                   FF                        accepted_sequence_spi_i0_i0

   Delay:              17.145ns  (22.2% logic, 77.8% route), 8 logic levels.

 Constraint Details:

     17.145ns physical path delay SLICE_57 to SLICE_48 meets
     23.529ns delay constraint less
      0.000ns skew and
      0.282ns CE_SET requirement (totaling 23.247ns) by 6.102ns

 Physical Path Details:

      Data path SLICE_57 to SLICE_48:

   Name    Fanout   Delay (ns)          Site               Resource
REG_DEL     ---     0.452    R12C10B.CLK to     R12C10B.Q1 SLICE_57 (from spi1_sck_c)
ROUTE         7     2.409     R12C10B.Q1 to     R11C17B.B1 spi_byte_count_10
CTOF_DEL    ---     0.495     R11C17B.B1 to     R11C17B.F1 SLICE_812
ROUTE         3     1.912     R11C17B.F1 to     R12C15D.A1 n26068
CTOF_DEL    ---     0.495     R12C15D.A1 to     R12C15D.F1 SLICE_849
ROUTE         2     0.775     R12C15D.F1 to     R10C15D.C1 n25345
CTOF_DEL    ---     0.495     R10C15D.C1 to     R10C15D.F1 SLICE_860
ROUTE         2     1.013     R10C15D.F1 to     R10C15D.B0 n10
CTOF_DEL    ---     0.495     R10C15D.B0 to     R10C15D.F0 SLICE_860
ROUTE         1     1.829     R10C15D.F0 to     R10C10D.M0 n26027
MTOOFX_DEL  ---     0.376     R10C10D.M0 to   R10C10D.OFX0 frame_end_I_0/SLICE_789
ROUTE         2     2.148   R10C10D.OFX0 to      R7C17D.C0 frame_end
CTOF_DEL    ---     0.495      R7C17D.C0 to      R7C17D.F0 SLICE_800
ROUTE        13     0.445      R7C17D.F0 to      R7C17D.C1 spi1_sck_c_enable_170
CTOF_DEL    ---     0.495      R7C17D.C1 to      R7C17D.F1 SLICE_800
ROUTE        17     2.816      R7C17D.F1 to       R5C8A.CE spi1_sck_c_enable_200 (to spi1_sck_c)
                  --------
                   17.145   (22.2% logic, 77.8% route), 8 logic levels.

 Clock Skew Details: 

      Source Clock Path spi1_sck to SLICE_57:

   Name    Fanout   Delay (ns)          Site               Resource
ROUTE       126     2.209       K1.PADDI to    R12C10B.CLK spi1_sck_c
                  --------
                    2.209   (0.0% logic, 100.0% route), 0 logic levels.

      Destination Clock Path spi1_sck to SLICE_48:

   Name    Fanout   Delay (ns)          Site               Resource
ROUTE       126     2.209       K1.PADDI to      R5C8A.CLK spi1_sck_c
                  --------
                    2.209   (0.0% logic, 100.0% route), 0 logic levels.

Report:   55.099MHz is the maximum frequency for this preference.


================================================================================
Preference: FREQUENCY NET "fpga_clk_8m_c" 8.000000 MHz ;
            0 items scored, 0 timing errors detected.
--------------------------------------------------------------------------------

Report Summary
--------------
----------------------------------------------------------------------------
Preference                              |   Constraint|       Actual|Levels
----------------------------------------------------------------------------
                                        |             |             |
FREQUENCY PORT "fpga_clk_8m" 8.000000   |             |             |
MHz ;                                   |    8.000 MHz|  150.015 MHz|   0  
                                        |             |             |
FREQUENCY NET "pll_clk" 128.000000 MHz  |             |             |
;                                       |  128.000 MHz|  120.163 MHz|   1 *
                                        |             |             |
FREQUENCY PORT "spi1_sck" 42.500000 MHz |             |             |
;                                       |   42.500 MHz|   55.099 MHz|   8  
                                        |             |             |
FREQUENCY NET "fpga_clk_8m_c" 8.000000  |             |             |
MHz ;                                   |            -|            -|   0  
                                        |             |             |
----------------------------------------------------------------------------


1 preference(marked by "*" above) not met.

No net is responsible for more than 10% of the timing errors.


Clock Domains Analysis
------------------------

Found 5 clocks:

Clock Domain: spi_mic_sck_c   Source: spi_mic_sck.PAD   Loads: 52
   No transfer within this clock domain is found

Clock Domain: spi1_sck_c   Source: spi1_sck.PAD   Loads: 126
   Covered under: FREQUENCY PORT "spi1_sck" 42.500000 MHz ;

Clock Domain: pll_feedback   Source: fpga_pll_i.CLKINTFB   Loads: 1
   No transfer within this clock domain is found

Clock Domain: pll_clk   Source: fpga_pll_i.CLKOP   Loads: 550
   Covered under: FREQUENCY NET "pll_clk" 128.000000 MHz ;

   Data transfers from:
   Clock Domain: spi1_sck_c   Source: spi1_sck.PAD
      Not reported because source and destination domains are unrelated.

Clock Domain: fpga_clk_8m_c   Source: fpga_clk_8m.PAD   Loads: 1
   No transfer within this clock domain is found


Timing summary (Setup):
---------------

Timing errors: 35  Score: 4753
Cumulative negative slack: 4753

Constraints cover 23766 paths, 4 nets, and 5422 connections (84.11% coverage)

--------------------------------------------------------------------------------
Lattice TRACE Report - Hold, Version Diamond (64-bit) 3.13.0.56.2
Tue Sep 15 22:11:58 2026

Copyright (c) 1991-1994 by NeoCAD Inc. All rights reserved.
Copyright (c) 1995 AT&T Corp.   All rights reserved.
Copyright (c) 1995-2001 Lucent Technologies Inc.  All rights reserved.
Copyright (c) 2001 Agere Systems   All rights reserved.
Copyright (c) 2002-2023 Lattice Semiconductor Corporation,  All rights reserved.

Report Information
------------------
Command line:    trce -v 10 -gt -sethld -sp 4 -sphld m -o UMH_7_UMH_7_1.twr UMH_7_UMH_7_1.ncd UMH_7_UMH_7_1.prf 
Design file:     umh_7_umh_7_1.ncd
Preference file: umh_7_umh_7_1.prf
Device,speed:    LCMXO2-2000HC,m
Report level:    verbose report, limited to 10 items per preference
--------------------------------------------------------------------------------

BLOCK ASYNCPATHS
BLOCK RESETPATHS
--------------------------------------------------------------------------------



================================================================================
Preference: FREQUENCY PORT "fpga_clk_8m" 8.000000 MHz ;
            0 items scored, 0 timing errors detected.
--------------------------------------------------------------------------------


================================================================================
Preference: FREQUENCY NET "pll_clk" 128.000000 MHz ;
            4096 items scored, 0 timing errors detected.
--------------------------------------------------------------------------------


Passed: The following path meets requirements by 0.304ns

 Logical Details:  Cell type  Pin type       Cell/ASIC name  (clock net +/-)

   Source:         FF         Q              frame_toggle_meta_515  (from pll_clk +)
   Destination:    FF         Data in        frame_toggle_sync_516  (to pll_clk +)

   Delay:               0.285ns  (46.7% logic, 53.3% route), 1 logic levels.

 Constraint Details:

      0.285ns physical path delay SLICE_1131 to SLICE_1132 meets
     -0.019ns M_HLD and
      0.000ns delay constraint less
      0.000ns skew requirement (totaling -0.019ns) by 0.304ns

 Physical Path Details:

      Data path SLICE_1131 to SLICE_1132:

   Name    Fanout   Delay (ns)          Site               Resource
REG_DEL     ---     0.133     R5C18A.CLK to      R5C18A.Q0 SLICE_1131 (from pll_clk)
ROUTE         1     0.152      R5C18A.Q0 to      R5C18B.M1 frame_toggle_meta (to pll_clk)
                  --------
                    0.285   (46.7% logic, 53.3% route), 1 logic levels.

 Clock Skew Details: 

      Source Clock Path fpga_pll_i to SLICE_1131:

   Name    Fanout   Delay (ns)          Site               Resource
ROUTE       550     0.644     LPLL.CLKOP to     R5C18A.CLK pll_clk
                  --------
                    0.644   (0.0% logic, 100.0% route), 0 logic levels.

      Destination Clock Path fpga_pll_i to SLICE_1132:

   Name    Fanout   Delay (ns)          Site               Resource
ROUTE       550     0.644     LPLL.CLKOP to     R5C18B.CLK pll_clk
                  --------
                    0.644   (0.0% logic, 100.0% route), 0 logic levels.


Passed: The following path meets requirements by 0.304ns

 Logical Details:  Cell type  Pin type       Cell/ASIC name  (clock net +/-)

   Source:         FF         Q              accepted_sequence_i0  (from pll_clk +)
   Destination:    FF         Data in        status_hold__i25  (to pll_clk +)

   Delay:               0.285ns  (46.7% logic, 53.3% route), 1 logic levels.

 Constraint Details:

      0.285ns physical path delay SLICE_115 to SLICE_672 meets
     -0.019ns M_HLD and
      0.000ns delay constraint less
      0.000ns skew requirement (totaling -0.019ns) by 0.304ns

 Physical Path Details:

      Data path SLICE_115 to SLICE_672:

   Name    Fanout   Delay (ns)          Site               Resource
REG_DEL     ---     0.133     R6C19B.CLK to      R6C19B.Q0 SLICE_115 (from pll_clk)
ROUTE         1     0.152      R6C19B.Q0 to      R6C19C.M0 accepted_sequence_0 (to pll_clk)
                  --------
                    0.285   (46.7% logic, 53.3% route), 1 logic levels.

 Clock Skew Details: 

      Source Clock Path fpga_pll_i to SLICE_115:

   Name    Fanout   Delay (ns)          Site               Resource
ROUTE       550     0.644     LPLL.CLKOP to     R6C19B.CLK pll_clk
                  --------
                    0.644   (0.0% logic, 100.0% route), 0 logic levels.

      Destination Clock Path fpga_pll_i to SLICE_672:

   Name    Fanout   Delay (ns)          Site               Resource
ROUTE       550     0.644     LPLL.CLKOP to     R6C19C.CLK pll_clk
                  --------
                    0.644   (0.0% logic, 100.0% route), 0 logic levels.


Passed: The following path meets requirements by 0.304ns

 Logical Details:  Cell type  Pin type       Cell/ASIC name  (clock net +/-)

   Source:         FF         Q              accepted_sequence_i9  (from pll_clk +)
   Destination:    FF         Data in        status_hold__i18  (to pll_clk +)

   Delay:               0.285ns  (46.7% logic, 53.3% route), 1 logic levels.

 Constraint Details:

      0.285ns physical path delay SLICE_119 to SLICE_1310 meets
     -0.019ns M_HLD and
      0.000ns delay constraint less
      0.000ns skew requirement (totaling -0.019ns) by 0.304ns

 Physical Path Details:

      Data path SLICE_119 to SLICE_1310:

   Name    Fanout   Delay (ns)          Site               Resource
REG_DEL     ---     0.133     R4C20B.CLK to      R4C20B.Q1 SLICE_119 (from pll_clk)
ROUTE         1     0.152      R4C20B.Q1 to      R4C20A.M0 accepted_sequence_9 (to pll_clk)
                  --------
                    0.285   (46.7% logic, 53.3% route), 1 logic levels.

 Clock Skew Details: 

      Source Clock Path fpga_pll_i to SLICE_119:

   Name    Fanout   Delay (ns)          Site               Resource
ROUTE       550     0.644     LPLL.CLKOP to     R4C20B.CLK pll_clk
                  --------
                    0.644   (0.0% logic, 100.0% route), 0 logic levels.

      Destination Clock Path fpga_pll_i to SLICE_1310:

   Name    Fanout   Delay (ns)          Site               Resource
ROUTE       550     0.644     LPLL.CLKOP to     R4C20A.CLK pll_clk
                  --------
                    0.644   (0.0% logic, 100.0% route), 0 logic levels.


Passed: The following path meets requirements by 0.304ns

 Logical Details:  Cell type  Pin type       Cell/ASIC name  (clock net +/-)

   Source:         FF         Q              accepted_sequence_i8  (from pll_clk +)
   Destination:    FF         Data in        status_hold__i17  (to pll_clk +)

   Delay:               0.285ns  (46.7% logic, 53.3% route), 1 logic levels.

 Constraint Details:

      0.285ns physical path delay SLICE_119 to SLICE_1310 meets
     -0.019ns M_HLD and
      0.000ns delay constraint less
      0.000ns skew requirement (totaling -0.019ns) by 0.304ns

 Physical Path Details:

      Data path SLICE_119 to SLICE_1310:

   Name    Fanout   Delay (ns)          Site               Resource
REG_DEL     ---     0.133     R4C20B.CLK to      R4C20B.Q0 SLICE_119 (from pll_clk)
ROUTE         1     0.152      R4C20B.Q0 to      R4C20A.M1 accepted_sequence_8 (to pll_clk)
                  --------
                    0.285   (46.7% logic, 53.3% route), 1 logic levels.

 Clock Skew Details: 

      Source Clock Path fpga_pll_i to SLICE_119:

   Name    Fanout   Delay (ns)          Site               Resource
ROUTE       550     0.644     LPLL.CLKOP to     R4C20B.CLK pll_clk
                  --------
                    0.644   (0.0% logic, 100.0% route), 0 logic levels.

      Destination Clock Path fpga_pll_i to SLICE_1310:

   Name    Fanout   Delay (ns)          Site               Resource
ROUTE       550     0.644     LPLL.CLKOP to     R4C20A.CLK pll_clk
                  --------
                    0.644   (0.0% logic, 100.0% route), 0 logic levels.


Passed: The following path meets requirements by 0.304ns

 Logical Details:  Cell type  Pin type       Cell/ASIC name  (clock net +/-)

   Source:         FF         Q              mic_shift_1_r__i15  (from pll_clk +)
   Destination:    FF         Data in        mic_latest_i0_i15  (to pll_clk +)

   Delay:               0.285ns  (46.7% logic, 53.3% route), 1 logic levels.

 Constraint Details:

      0.285ns physical path delay SLICE_1198 to SLICE_921 meets
     -0.019ns M_HLD and
      0.000ns delay constraint less
      0.000ns skew requirement (totaling -0.019ns) by 0.304ns

 Physical Path Details:

      Data path SLICE_1198 to SLICE_921:

   Name    Fanout   Delay (ns)          Site               Resource
REG_DEL     ---     0.133     R6C13A.CLK to      R6C13A.Q1 SLICE_1198 (from pll_clk)
ROUTE         1     0.152      R6C13A.Q1 to      R6C13C.M1 mic_shift_1_r_14 (to pll_clk)
                  --------
                    0.285   (46.7% logic, 53.3% route), 1 logic levels.

 Clock Skew Details: 

      Source Clock Path fpga_pll_i to SLICE_1198:

   Name    Fanout   Delay (ns)          Site               Resource
ROUTE       550     0.644     LPLL.CLKOP to     R6C13A.CLK pll_clk
                  --------
                    0.644   (0.0% logic, 100.0% route), 0 logic levels.

      Destination Clock Path fpga_pll_i to SLICE_921:

   Name    Fanout   Delay (ns)          Site               Resource
ROUTE       550     0.644     LPLL.CLKOP to     R6C13C.CLK pll_clk
                  --------
                    0.644   (0.0% logic, 100.0% route), 0 logic levels.


Passed: The following path meets requirements by 0.304ns

 Logical Details:  Cell type  Pin type       Cell/ASIC name  (clock net +/-)

   Source:         FF         Q              rgb_hold__i17  (from pll_clk +)
   Destination:    FF         Data in        ws2812_i/shift_register_i0_i0  (to pll_clk +)

   Delay:               0.285ns  (46.7% logic, 53.3% route), 1 logic levels.

 Constraint Details:

      0.285ns physical path delay SLICE_1240 to ws2812_i/SLICE_590 meets
     -0.019ns M_HLD and
      0.000ns delay constraint less
      0.000ns skew requirement (totaling -0.019ns) by 0.304ns

 Physical Path Details:

      Data path SLICE_1240 to ws2812_i/SLICE_590:

   Name    Fanout   Delay (ns)          Site               Resource
REG_DEL     ---     0.133      R7C4A.CLK to       R7C4A.Q1 SLICE_1240 (from pll_clk)
ROUTE         1     0.152       R7C4A.Q1 to       R7C4C.M0 rgb_hold_16 (to pll_clk)
                  --------
                    0.285   (46.7% logic, 53.3% route), 1 logic levels.

 Clock Skew Details: 

      Source Clock Path fpga_pll_i to SLICE_1240:

   Name    Fanout   Delay (ns)          Site               Resource
ROUTE       550     0.644     LPLL.CLKOP to      R7C4A.CLK pll_clk
                  --------
                    0.644   (0.0% logic, 100.0% route), 0 logic levels.

      Destination Clock Path fpga_pll_i to ws2812_i/SLICE_590:

   Name    Fanout   Delay (ns)          Site               Resource
ROUTE       550     0.644     LPLL.CLKOP to      R7C4C.CLK pll_clk
                  --------
                    0.644   (0.0% logic, 100.0% route), 0 logic levels.


Passed: The following path meets requirements by 0.304ns

 Logical Details:  Cell type  Pin type       Cell/ASIC name  (clock net +/-)

   Source:         FF         Q              accepted_sequence_meta_i9  (from pll_clk +)
   Destination:    FF         Data in        accepted_sequence_sync_i9  (to pll_clk +)

   Delay:               0.285ns  (46.7% logic, 53.3% route), 1 logic levels.

 Constraint Details:

      0.285ns physical path delay SLICE_163 to SLICE_1131 meets
     -0.019ns M_HLD and
      0.000ns delay constraint less
      0.000ns skew requirement (totaling -0.019ns) by 0.304ns

 Physical Path Details:

      Data path SLICE_163 to SLICE_1131:

   Name    Fanout   Delay (ns)          Site               Resource
REG_DEL     ---     0.133     R5C18D.CLK to      R5C18D.Q1 SLICE_163 (from pll_clk)
ROUTE         1     0.152      R5C18D.Q1 to      R5C18A.M1 accepted_sequence_meta_9 (to pll_clk)
                  --------
                    0.285   (46.7% logic, 53.3% route), 1 logic levels.

 Clock Skew Details: 

      Source Clock Path fpga_pll_i to SLICE_163:

   Name    Fanout   Delay (ns)          Site               Resource
ROUTE       550     0.644     LPLL.CLKOP to     R5C18D.CLK pll_clk
                  --------
                    0.644   (0.0% logic, 100.0% route), 0 logic levels.

      Destination Clock Path fpga_pll_i to SLICE_1131:

   Name    Fanout   Delay (ns)          Site               Resource
ROUTE       550     0.644     LPLL.CLKOP to     R5C18A.CLK pll_clk
                  --------
                    0.644   (0.0% logic, 100.0% route), 0 logic levels.


Passed: The following path meets requirements by 0.304ns

 Logical Details:  Cell type  Pin type       Cell/ASIC name  (clock net +/-)

   Source:         FF         Q              stop_toggle_meta_517  (from pll_clk +)
   Destination:    FF         Data in        stop_toggle_sync_518  (to pll_clk +)

   Delay:               0.285ns  (46.7% logic, 53.3% route), 1 logic levels.

 Constraint Details:

      0.285ns physical path delay SLICE_700 to SLICE_700 meets
     -0.019ns M_HLD and
      0.000ns delay constraint less
      0.000ns skew requirement (totaling -0.019ns) by 0.304ns

 Physical Path Details:

      Data path SLICE_700 to SLICE_700:

   Name    Fanout   Delay (ns)          Site               Resource
REG_DEL     ---     0.133      R7C8C.CLK to       R7C8C.Q1 SLICE_700 (from pll_clk)
ROUTE         1     0.152       R7C8C.Q1 to       R7C8C.M0 stop_toggle_meta (to pll_clk)
                  --------
                    0.285   (46.7% logic, 53.3% route), 1 logic levels.

 Clock Skew Details: 

      Source Clock Path fpga_pll_i to SLICE_700:

   Name    Fanout   Delay (ns)          Site               Resource
ROUTE       550     0.644     LPLL.CLKOP to      R7C8C.CLK pll_clk
                  --------
                    0.644   (0.0% logic, 100.0% route), 0 logic levels.

      Destination Clock Path fpga_pll_i to SLICE_700:

   Name    Fanout   Delay (ns)          Site               Resource
ROUTE       550     0.644     LPLL.CLKOP to      R7C8C.CLK pll_clk
                  --------
                    0.644   (0.0% logic, 100.0% route), 0 logic levels.


Passed: The following path meets requirements by 0.304ns

 Logical Details:  Cell type  Pin type       Cell/ASIC name  (clock net +/-)

   Source:         FF         Q              swap_now_s3_501  (from pll_clk +)
   Destination:    FF         Data in        swap_now_s4_508  (to pll_clk +)

   Delay:               0.285ns  (46.7% logic, 53.3% route), 1 logic levels.

 Constraint Details:

      0.285ns physical path delay SLICE_701 to SLICE_701 meets
     -0.019ns M_HLD and
      0.000ns delay constraint less
      0.000ns skew requirement (totaling -0.019ns) by 0.304ns

 Physical Path Details:

      Data path SLICE_701 to SLICE_701:

   Name    Fanout   Delay (ns)          Site               Resource
REG_DEL     ---     0.133    R10C13C.CLK to     R10C13C.Q0 SLICE_701 (from pll_clk)
ROUTE         1     0.152     R10C13C.Q0 to     R10C13C.M1 swap_now_s3 (to pll_clk)
                  --------
                    0.285   (46.7% logic, 53.3% route), 1 logic levels.

 Clock Skew Details: 

      Source Clock Path fpga_pll_i to SLICE_701:

   Name    Fanout   Delay (ns)          Site               Resource
ROUTE       550     0.644     LPLL.CLKOP to    R10C13C.CLK pll_clk
                  --------
                    0.644   (0.0% logic, 100.0% route), 0 logic levels.

      Destination Clock Path fpga_pll_i to SLICE_701:

   Name    Fanout   Delay (ns)          Site               Resource
ROUTE       550     0.644     LPLL.CLKOP to    R10C13C.CLK pll_clk
                  --------
                    0.644   (0.0% logic, 100.0% route), 0 logic levels.


Passed: The following path meets requirements by 0.304ns

 Logical Details:  Cell type  Pin type       Cell/ASIC name  (clock net +/-)

   Source:         FF         Q              ws2812_toggle_meta_519  (from pll_clk +)
   Destination:    FF         Data in        ws2812_toggle_sync_520  (to pll_clk +)

   Delay:               0.285ns  (46.7% logic, 53.3% route), 1 logic levels.

 Constraint Details:

      0.285ns physical path delay SLICE_769 to SLICE_769 meets
     -0.019ns M_HLD and
      0.000ns delay constraint less
      0.000ns skew requirement (totaling -0.019ns) by 0.304ns

 Physical Path Details:

      Data path SLICE_769 to SLICE_769:

   Name    Fanout   Delay (ns)          Site               Resource
REG_DEL     ---     0.133    R10C18C.CLK to     R10C18C.Q1 SLICE_769 (from pll_clk)
ROUTE         1     0.152     R10C18C.Q1 to     R10C18C.M0 ws2812_toggle_meta (to pll_clk)
                  --------
                    0.285   (46.7% logic, 53.3% route), 1 logic levels.

 Clock Skew Details: 

      Source Clock Path fpga_pll_i to SLICE_769:

   Name    Fanout   Delay (ns)          Site               Resource
ROUTE       550     0.644     LPLL.CLKOP to    R10C18C.CLK pll_clk
                  --------
                    0.644   (0.0% logic, 100.0% route), 0 logic levels.

      Destination Clock Path fpga_pll_i to SLICE_769:

   Name    Fanout   Delay (ns)          Site               Resource
ROUTE       550     0.644     LPLL.CLKOP to    R10C18C.CLK pll_clk
                  --------
                    0.644   (0.0% logic, 100.0% route), 0 logic levels.


================================================================================
Preference: FREQUENCY PORT "spi1_sck" 42.500000 MHz ;
            4096 items scored, 0 timing errors detected.
--------------------------------------------------------------------------------


Passed: The following path meets requirements by 0.241ns

 Logical Details:  Cell type  Pin type       Cell/ASIC name  (clock net +/-)

   Source:         FF         Q              spi_phase_pending_i0_i5  (from spi1_sck_c +)
   Destination:    PDPW8KC    Port           staging_ram/mem0(ASIC)  (to spi1_sck_c +)

   Delay:               0.306ns  (43.5% logic, 56.5% route), 1 logic levels.

 Constraint Details:

      0.306ns physical path delay SLICE_1290 to staging_ram/mem0 meets
      0.011ns DATA_HLD and
      0.000ns delay constraint less
     -0.054ns skew requirement (totaling 0.065ns) by 0.241ns

 Physical Path Details:

      Data path SLICE_1290 to staging_ram/mem0:

   Name    Fanout   Delay (ns)          Site               Resource
REG_DEL     ---     0.133      R7C7D.CLK to       R7C7D.Q0 SLICE_1290 (from spi1_sck_c)
ROUTE         2     0.173       R7C7D.Q0 to  EBR_R8C5.DI13 spi_phase_pending_5 (to spi1_sck_c)
                  --------
                    0.306   (43.5% logic, 56.5% route), 1 logic levels.

 Clock Skew Details: 

      Source Clock Path spi1_sck to SLICE_1290:

   Name    Fanout   Delay (ns)          Site               Resource
ROUTE       126     0.815       K1.PADDI to      R7C7D.CLK spi1_sck_c
                  --------
                    0.815   (0.0% logic, 100.0% route), 0 logic levels.

      Destination Clock Path spi1_sck to staging_ram/mem0:

   Name    Fanout   Delay (ns)          Site               Resource
ROUTE       126     0.869       K1.PADDI to  EBR_R8C5.CLKW spi1_sck_c
                  --------
                    0.869   (0.0% logic, 100.0% route), 0 logic levels.


Passed: The following path meets requirements by 0.241ns

 Logical Details:  Cell type  Pin type       Cell/ASIC name  (clock net +/-)

   Source:         FF         Q              spi_phase_pending_i0_i6  (from spi1_sck_c +)
   Destination:    PDPW8KC    Port           staging_ram/mem0(ASIC)  (to spi1_sck_c +)

   Delay:               0.306ns  (43.5% logic, 56.5% route), 1 logic levels.

 Constraint Details:

      0.306ns physical path delay SLICE_1291 to staging_ram/mem0 meets
      0.011ns DATA_HLD and
      0.000ns delay constraint less
     -0.054ns skew requirement (totaling 0.065ns) by 0.241ns

 Physical Path Details:

      Data path SLICE_1291 to staging_ram/mem0:

   Name    Fanout   Delay (ns)          Site               Resource
REG_DEL     ---     0.133      R7C7A.CLK to       R7C7A.Q1 SLICE_1291 (from spi1_sck_c)
ROUTE         2     0.173       R7C7A.Q1 to  EBR_R8C5.DI14 spi_phase_pending_6 (to spi1_sck_c)
                  --------
                    0.306   (43.5% logic, 56.5% route), 1 logic levels.

 Clock Skew Details: 

      Source Clock Path spi1_sck to SLICE_1291:

   Name    Fanout   Delay (ns)          Site               Resource
ROUTE       126     0.815       K1.PADDI to      R7C7A.CLK spi1_sck_c
                  --------
                    0.815   (0.0% logic, 100.0% route), 0 logic levels.

      Destination Clock Path spi1_sck to staging_ram/mem0:

   Name    Fanout   Delay (ns)          Site               Resource
ROUTE       126     0.869       K1.PADDI to  EBR_R8C5.CLKW spi1_sck_c
                  --------
                    0.869   (0.0% logic, 100.0% route), 0 logic levels.


Passed: The following path meets requirements by 0.278ns

 Logical Details:  Cell type  Pin type       Cell/ASIC name  (clock net +/-)

   Source:         FF         Q              spi_phase_pending_i0_i1  (from spi1_sck_c +)
   Destination:    PDPW8KC    Port           staging_ram/mem0(ASIC)  (to spi1_sck_c +)

   Delay:               0.343ns  (38.8% logic, 61.2% route), 1 logic levels.

 Constraint Details:

      0.343ns physical path delay SLICE_1288 to staging_ram/mem0 meets
      0.011ns DATA_HLD and
      0.000ns delay constraint less
     -0.054ns skew requirement (totaling 0.065ns) by 0.278ns

 Physical Path Details:

      Data path SLICE_1288 to staging_ram/mem0:

   Name    Fanout   Delay (ns)          Site               Resource
REG_DEL     ---     0.133      R7C7B.CLK to       R7C7B.Q0 SLICE_1288 (from spi1_sck_c)
ROUTE         2     0.210       R7C7B.Q0 to   EBR_R8C5.DI9 spi_phase_pending_1 (to spi1_sck_c)
                  --------
                    0.343   (38.8% logic, 61.2% route), 1 logic levels.

 Clock Skew Details: 

      Source Clock Path spi1_sck to SLICE_1288:

   Name    Fanout   Delay (ns)          Site               Resource
ROUTE       126     0.815       K1.PADDI to      R7C7B.CLK spi1_sck_c
                  --------
                    0.815   (0.0% logic, 100.0% route), 0 logic levels.

      Destination Clock Path spi1_sck to staging_ram/mem0:

   Name    Fanout   Delay (ns)          Site               Resource
ROUTE       126     0.869       K1.PADDI to  EBR_R8C5.CLKW spi1_sck_c
                  --------
                    0.869   (0.0% logic, 100.0% route), 0 logic levels.


Passed: The following path meets requirements by 0.290ns

 Logical Details:  Cell type  Pin type       Cell/ASIC name  (clock net +/-)

   Source:         FF         Q              spi_rx_shift_i4  (from spi1_sck_c +)
   Destination:    PDPW8KC    Port           staging_ram/mem0(ASIC)  (to spi1_sck_c +)

   Delay:               0.395ns  (33.7% logic, 66.3% route), 1 logic levels.

 Constraint Details:

      0.395ns physical path delay SLICE_641 to staging_ram/mem0 meets
      0.051ns DATA_HLD and
      0.000ns delay constraint less
     -0.054ns skew requirement (totaling 0.105ns) by 0.290ns

 Physical Path Details:

      Data path SLICE_641 to staging_ram/mem0:

   Name    Fanout   Delay (ns)          Site               Resource
REG_DEL     ---     0.133      R5C7D.CLK to       R5C7D.Q1 SLICE_641 (from spi1_sck_c)
ROUTE        16     0.262       R5C7D.Q1 to   EBR_R8C5.DI4 spi_rx_shift_3 (to spi1_sck_c)
                  --------
                    0.395   (33.7% logic, 66.3% route), 1 logic levels.

 Clock Skew Details: 

      Source Clock Path spi1_sck to SLICE_641:

   Name    Fanout   Delay (ns)          Site               Resource
ROUTE       126     0.815       K1.PADDI to      R5C7D.CLK spi1_sck_c
                  --------
                    0.815   (0.0% logic, 100.0% route), 0 logic levels.

      Destination Clock Path spi1_sck to staging_ram/mem0:

   Name    Fanout   Delay (ns)          Site               Resource
ROUTE       126     0.869       K1.PADDI to  EBR_R8C5.CLKW spi1_sck_c
                  --------
                    0.869   (0.0% logic, 100.0% route), 0 logic levels.


Passed: The following path meets requirements by 0.304ns

 Logical Details:  Cell type  Pin type       Cell/ASIC name  (clock net +/-)

   Source:         FF         Q              spi_frame_sequence_i0_i16  (from spi1_sck_c +)
   Destination:    FF         Data in        accepted_sequence_spi_i0_i16  (to spi1_sck_c +)

   Delay:               0.285ns  (46.7% logic, 53.3% route), 1 logic levels.

 Constraint Details:

      0.285ns physical path delay SLICE_1280 to SLICE_36 meets
     -0.019ns M_HLD and
      0.000ns delay constraint less
      0.000ns skew requirement (totaling -0.019ns) by 0.304ns

 Physical Path Details:

      Data path SLICE_1280 to SLICE_36:

   Name    Fanout   Delay (ns)          Site               Resource
REG_DEL     ---     0.133     R5C10C.CLK to      R5C10C.Q1 SLICE_1280 (from spi1_sck_c)
ROUTE         1     0.152      R5C10C.Q1 to      R5C10A.M0 spi_frame_sequence_16 (to spi1_sck_c)
                  --------
                    0.285   (46.7% logic, 53.3% route), 1 logic levels.

 Clock Skew Details: 

      Source Clock Path spi1_sck to SLICE_1280:

   Name    Fanout   Delay (ns)          Site               Resource
ROUTE       126     0.815       K1.PADDI to     R5C10C.CLK spi1_sck_c
                  --------
                    0.815   (0.0% logic, 100.0% route), 0 logic levels.

      Destination Clock Path spi1_sck to SLICE_36:

   Name    Fanout   Delay (ns)          Site               Resource
ROUTE       126     0.815       K1.PADDI to     R5C10A.CLK spi1_sck_c
                  --------
                    0.815   (0.0% logic, 100.0% route), 0 logic levels.


Passed: The following path meets requirements by 0.304ns

 Logical Details:  Cell type  Pin type       Cell/ASIC name  (clock net +/-)

   Source:         FF         Q              spi_frame_sequence_i0_i17  (from spi1_sck_c +)
   Destination:    FF         Data in        accepted_sequence_spi_i0_i17  (to spi1_sck_c +)

   Delay:               0.285ns  (46.7% logic, 53.3% route), 1 logic levels.

 Constraint Details:

      0.285ns physical path delay SLICE_1280 to SLICE_36 meets
     -0.019ns M_HLD and
      0.000ns delay constraint less
      0.000ns skew requirement (totaling -0.019ns) by 0.304ns

 Physical Path Details:

      Data path SLICE_1280 to SLICE_36:

   Name    Fanout   Delay (ns)          Site               Resource
REG_DEL     ---     0.133     R5C10C.CLK to      R5C10C.Q0 SLICE_1280 (from spi1_sck_c)
ROUTE         1     0.152      R5C10C.Q0 to      R5C10A.M1 spi_frame_sequence_17 (to spi1_sck_c)
                  --------
                    0.285   (46.7% logic, 53.3% route), 1 logic levels.

 Clock Skew Details: 

      Source Clock Path spi1_sck to SLICE_1280:

   Name    Fanout   Delay (ns)          Site               Resource
ROUTE       126     0.815       K1.PADDI to     R5C10C.CLK spi1_sck_c
                  --------
                    0.815   (0.0% logic, 100.0% route), 0 logic levels.

      Destination Clock Path spi1_sck to SLICE_36:

   Name    Fanout   Delay (ns)          Site               Resource
ROUTE       126     0.815       K1.PADDI to     R5C10A.CLK spi1_sck_c
                  --------
                    0.815   (0.0% logic, 100.0% route), 0 logic levels.


Passed: The following path meets requirements by 0.306ns

 Logical Details:  Cell type  Pin type       Cell/ASIC name  (clock net +/-)

   Source:         FF         Q              spi_frame_sequence_i0_i11  (from spi1_sck_c +)
   Destination:    FF         Data in        accepted_sequence_spi_i0_i11  (to spi1_sck_c +)

   Delay:               0.287ns  (46.3% logic, 53.7% route), 1 logic levels.

 Constraint Details:

      0.287ns physical path delay SLICE_1277 to SLICE_41 meets
     -0.019ns M_HLD and
      0.000ns delay constraint less
      0.000ns skew requirement (totaling -0.019ns) by 0.306ns

 Physical Path Details:

      Data path SLICE_1277 to SLICE_41:

   Name    Fanout   Delay (ns)          Site               Resource
REG_DEL     ---     0.133      R4C9B.CLK to       R4C9B.Q0 SLICE_1277 (from spi1_sck_c)
ROUTE         1     0.154       R4C9B.Q0 to       R5C9B.M1 spi_frame_sequence_11 (to spi1_sck_c)
                  --------
                    0.287   (46.3% logic, 53.7% route), 1 logic levels.

 Clock Skew Details: 

      Source Clock Path spi1_sck to SLICE_1277:

   Name    Fanout   Delay (ns)          Site               Resource
ROUTE       126     0.815       K1.PADDI to      R4C9B.CLK spi1_sck_c
                  --------
                    0.815   (0.0% logic, 100.0% route), 0 logic levels.

      Destination Clock Path spi1_sck to SLICE_41:

   Name    Fanout   Delay (ns)          Site               Resource
ROUTE       126     0.815       K1.PADDI to      R5C9B.CLK spi1_sck_c
                  --------
                    0.815   (0.0% logic, 100.0% route), 0 logic levels.


Passed: The following path meets requirements by 0.308ns

 Logical Details:  Cell type  Pin type       Cell/ASIC name  (clock net +/-)

   Source:         FF         Q              spi_rx_shift_i2  (from spi1_sck_c +)
   Destination:    FF         Data in        spi_rx_shift_i3  (to spi1_sck_c +)

   Delay:               0.289ns  (46.0% logic, 54.0% route), 1 logic levels.

 Constraint Details:

      0.289ns physical path delay SLICE_640 to SLICE_640 meets
     -0.019ns M_HLD and
      0.000ns delay constraint less
      0.000ns skew requirement (totaling -0.019ns) by 0.308ns

 Physical Path Details:

      Data path SLICE_640 to SLICE_640:

   Name    Fanout   Delay (ns)          Site               Resource
REG_DEL     ---     0.133      R4C7B.CLK to       R4C7B.Q1 SLICE_640 (from spi1_sck_c)
ROUTE        16     0.156       R4C7B.Q1 to       R4C7B.M0 spi_rx_shift_1 (to spi1_sck_c)
                  --------
                    0.289   (46.0% logic, 54.0% route), 1 logic levels.

 Clock Skew Details: 

      Source Clock Path spi1_sck to SLICE_640:

   Name    Fanout   Delay (ns)          Site               Resource
ROUTE       126     0.815       K1.PADDI to      R4C7B.CLK spi1_sck_c
                  --------
                    0.815   (0.0% logic, 100.0% route), 0 logic levels.

      Destination Clock Path spi1_sck to SLICE_640:

   Name    Fanout   Delay (ns)          Site               Resource
ROUTE       126     0.815       K1.PADDI to      R4C7B.CLK spi1_sck_c
                  --------
                    0.815   (0.0% logic, 100.0% route), 0 logic levels.


Passed: The following path meets requirements by 0.308ns

 Logical Details:  Cell type  Pin type       Cell/ASIC name  (clock net +/-)

   Source:         FF         Q              spi_rx_shift_i5  (from spi1_sck_c +)
   Destination:    FF         Data in        spi_frame_sequence_i0_i21  (to spi1_sck_c +)

   Delay:               0.289ns  (46.0% logic, 54.0% route), 1 logic levels.

 Constraint Details:

      0.289ns physical path delay SLICE_641 to SLICE_1282 meets
     -0.019ns M_HLD and
      0.000ns delay constraint less
      0.000ns skew requirement (totaling -0.019ns) by 0.308ns

 Physical Path Details:

      Data path SLICE_641 to SLICE_1282:

   Name    Fanout   Delay (ns)          Site               Resource
REG_DEL     ---     0.133      R5C7D.CLK to       R5C7D.Q0 SLICE_641 (from spi1_sck_c)
ROUTE        16     0.156       R5C7D.Q0 to       R5C7B.M0 spi_rx_shift_4 (to spi1_sck_c)
                  --------
                    0.289   (46.0% logic, 54.0% route), 1 logic levels.

 Clock Skew Details: 

      Source Clock Path spi1_sck to SLICE_641:

   Name    Fanout   Delay (ns)          Site               Resource
ROUTE       126     0.815       K1.PADDI to      R5C7D.CLK spi1_sck_c
                  --------
                    0.815   (0.0% logic, 100.0% route), 0 logic levels.

      Destination Clock Path spi1_sck to SLICE_1282:

   Name    Fanout   Delay (ns)          Site               Resource
ROUTE       126     0.815       K1.PADDI to      R5C7B.CLK spi1_sck_c
                  --------
                    0.815   (0.0% logic, 100.0% route), 0 logic levels.


Passed: The following path meets requirements by 0.309ns

 Logical Details:  Cell type  Pin type       Cell/ASIC name  (clock net +/-)

   Source:         FF         Q              spi_rx_shift_i4  (from spi1_sck_c +)
   Destination:    FF         Data in        spi_rx_shift_i5  (to spi1_sck_c +)

   Delay:               0.290ns  (45.9% logic, 54.1% route), 1 logic levels.

 Constraint Details:

      0.290ns physical path delay SLICE_641 to SLICE_641 meets
     -0.019ns M_HLD and
      0.000ns delay constraint less
      0.000ns skew requirement (totaling -0.019ns) by 0.309ns

 Physical Path Details:

      Data path SLICE_641 to SLICE_641:

   Name    Fanout   Delay (ns)          Site               Resource
REG_DEL     ---     0.133      R5C7D.CLK to       R5C7D.Q1 SLICE_641 (from spi1_sck_c)
ROUTE        16     0.157       R5C7D.Q1 to       R5C7D.M0 spi_rx_shift_3 (to spi1_sck_c)
                  --------
                    0.290   (45.9% logic, 54.1% route), 1 logic levels.

 Clock Skew Details: 

      Source Clock Path spi1_sck to SLICE_641:

   Name    Fanout   Delay (ns)          Site               Resource
ROUTE       126     0.815       K1.PADDI to      R5C7D.CLK spi1_sck_c
                  --------
                    0.815   (0.0% logic, 100.0% route), 0 logic levels.

      Destination Clock Path spi1_sck to SLICE_641:

   Name    Fanout   Delay (ns)          Site               Resource
ROUTE       126     0.815       K1.PADDI to      R5C7D.CLK spi1_sck_c
                  --------
                    0.815   (0.0% logic, 100.0% route), 0 logic levels.


================================================================================
Preference: FREQUENCY NET "fpga_clk_8m_c" 8.000000 MHz ;
            0 items scored, 0 timing errors detected.
--------------------------------------------------------------------------------

Report Summary
--------------
----------------------------------------------------------------------------
Preference(MIN Delays)                  |   Constraint|       Actual|Levels
----------------------------------------------------------------------------
                                        |             |             |
FREQUENCY PORT "fpga_clk_8m" 8.000000   |             |             |
MHz ;                                   |            -|            -|   0  
                                        |             |             |
FREQUENCY NET "pll_clk" 128.000000 MHz  |             |             |
;                                       |     0.000 ns|     0.304 ns|   1  
                                        |             |             |
FREQUENCY PORT "spi1_sck" 42.500000 MHz |             |             |
;                                       |            -|            -|   1  
                                        |             |             |
FREQUENCY NET "fpga_clk_8m_c" 8.000000  |             |             |
MHz ;                                   |            -|            -|   0  
                                        |             |             |
----------------------------------------------------------------------------


All preferences were met.


Clock Domains Analysis
------------------------

Found 5 clocks:

Clock Domain: spi_mic_sck_c   Source: spi_mic_sck.PAD   Loads: 52
   No transfer within this clock domain is found

Clock Domain: spi1_sck_c   Source: spi1_sck.PAD   Loads: 126
   Covered under: FREQUENCY PORT "spi1_sck" 42.500000 MHz ;

Clock Domain: pll_feedback   Source: fpga_pll_i.CLKINTFB   Loads: 1
   No transfer within this clock domain is found

Clock Domain: pll_clk   Source: fpga_pll_i.CLKOP   Loads: 550
   Covered under: FREQUENCY NET "pll_clk" 128.000000 MHz ;

   Data transfers from:
   Clock Domain: spi1_sck_c   Source: spi1_sck.PAD
      Not reported because source and destination domains are unrelated.

Clock Domain: fpga_clk_8m_c   Source: fpga_clk_8m.PAD   Loads: 1
   No transfer within this clock domain is found


Timing summary (Hold):
---------------

Timing errors: 0  Score: 0
Cumulative negative slack: 0

Constraints cover 23766 paths, 4 nets, and 5422 connections (84.11% coverage)



Timing summary (Setup and Hold):
---------------

Timing errors: 35 (setup), 0 (hold)
Score: 4753 (setup), 0 (hold)
Cumulative negative slack: 4753 (4753+0)
--------------------------------------------------------------------------------

--------------------------------------------------------------------------------

