
         Lattice Mapping Report File for Design Module 'umh_fpga_top'


Design Information
------------------

Command line:   map -a MachXO2 -p LCMXO2-2000HC -t CSBGA132 -s 4 -oc Commercial
     UMH_7_UMH_7_1.ngd -o UMH_7_UMH_7_1_map.ncd -pr UMH_7_UMH_7_1.prf -mp
     UMH_7_UMH_7_1.mrp -lpf D:/Data/OneDrive/Projects/UMH/Software/UMH
     Controller/FPGA/UMH_7_1/UMH_7_UMH_7_1.lpf -lpf
     D:/Data/OneDrive/Projects/UMH/Software/UMH Controller/FPGA/UMH_7.lpf -c 0 
Target Vendor:  LATTICE
Target Device:  LCMXO2-2000HCCSBGA132
Target Performance:   4
Mapper:  xo2c00,  version:  Diamond (64-bit) 3.13.0.56.2
Mapped on:  09/29/26  19:07:16

Design Summary
--------------

   Number of registers:   1339 out of  2427 (55%)
      PFU registers:         1339 out of  2112 (63%)
      PIO registers:            0 out of   315 (0%)
   Number of SLICEs:       818 out of  1056 (77%)
      SLICEs as Logic/ROM:    818 out of  1056 (77%)
      SLICEs as RAM:            0 out of   792 (0%)
      SLICEs as Carry:        191 out of  1056 (18%)
   Number of LUT4s:        1625 out of  2112 (77%)
      Number used as logic LUTs:        1243
      Number used as distributed RAM:     0
      Number used as ripple logic:      382
      Number used as shift registers:     0
   Number of PIO sites used: 96 + 4(JTAG) out of 105 (95%)
   Number of block RAMs:  8 out of 8 (100%)
   Number of GSRs:        1 out of 1 (100%)
   EFB used :        No
   JTAG used :       No
   Readback used :   No
   Oscillator used : No
   Startup used :    No
   POR :             On
   Bandgap :         On
   Number of Power Controller:  0 out of 1 (0%)
   Number of Dynamic Bank Controller (BCINRD):  0 out of 6 (0%)
   Number of Dynamic Bank Controller (BCLVDSO):  0 out of 1 (0%)
   Number of DCCA:  0 out of 8 (0%)
   Number of DCMA:  0 out of 2 (0%)
   Number of PLLs:  1 out of 1 (100%)
   Number of DQSDLLs:  0 out of 2 (0%)
   Number of CLKDIVC:  0 out of 4 (0%)
   Number of ECLKSYNCA:  0 out of 4 (0%)
   Number of ECLKBRIDGECS:  0 out of 2 (0%)
   Notes:-
      1. Total number of LUT4s = (Number of logic LUT4s) + 2*(Number of
     distributed RAMs) + 2*(Number of ripple logic)
      2. Number of logic LUT4s does not include count of distributed RAM and
     ripple logic.
   Number of clocks:  4
     Net pll_clk: 567 loads, 567 rising, 0 falling (Driver: fpga_pll_i )
     Net fpga_clk_8m_c: 1 loads, 1 rising, 0 falling (Driver: PIO fpga_clk_8m )
     Net spi1_sck_c: 133 loads, 128 rising, 5 falling (Driver: PIO spi1_sck )

                                    Page 1




Design:  umh_fpga_top                                  Date:  09/29/26  19:07:16

Design Summary (cont)
---------------------
     Net spi_mic_sck_c: 52 loads, 0 rising, 52 falling (Driver: PIO spi_mic_sck
     )
   Number of Clock Enables:  100
     Net spi_write: 1 loads, 0 LSLICEs
     Net pll_clk_enable_1: 1 loads, 1 LSLICEs
     Net pll_clk_enable_2: 1 loads, 1 LSLICEs
     Net pll_clk_enable_3: 1 loads, 1 LSLICEs
     Net ev_fall_N_2921: 1 loads, 1 LSLICEs
     Net spi1_sck_c_enable_32: 4 loads, 4 LSLICEs
     Net spi1_sck_c_enable_39: 4 loads, 4 LSLICEs
     Net spi1_sck_c_enable_40: 1 loads, 1 LSLICEs
     Net spi1_sck_c_enable_47: 4 loads, 4 LSLICEs
     Net spi1_sck_c_enable_62: 4 loads, 4 LSLICEs
     Net spi1_sck_c_enable_76: 4 loads, 4 LSLICEs
     Net spi1_sck_c_enable_83: 4 loads, 4 LSLICEs
     Net spi1_sck_c_enable_8: 1 loads, 1 LSLICEs
     Net spi1_sck_c_enable_89: 4 loads, 4 LSLICEs
     Net spi1_sck_c_enable_135: 4 loads, 4 LSLICEs
     Net pll_clk_enable_58: 1 loads, 1 LSLICEs
     Net pll_clk_enable_66: 4 loads, 4 LSLICEs
     Net pll_clk_enable_230: 16 loads, 16 LSLICEs
     Net pll_clk_enable_116: 12 loads, 12 LSLICEs
     Net spi1_sck_c_enable_166: 8 loads, 8 LSLICEs
     Net spi1_sck_c_enable_12: 1 loads, 1 LSLICEs
     Net pll_clk_enable_296: 13 loads, 13 LSLICEs
     Net pll_clk_enable_580: 25 loads, 25 LSLICEs
     Net pll_clk_enable_158: 3 loads, 3 LSLICEs
     Net spi1_sck_c_enable_181: 5 loads, 5 LSLICEs
     Net pll_clk_enable_29: 2 loads, 2 LSLICEs
     Net pll_clk_enable_207: 3 loads, 3 LSLICEs
     Net fpga_cs_n_c: 31 loads, 31 LSLICEs
     Net phase_step_s1: 5 loads, 5 LSLICEs
     Net pll_clk_enable_266: 8 loads, 8 LSLICEs
     Net pll_clk_enable_274: 5 loads, 5 LSLICEs
     Net cs_rise: 4 loads, 4 LSLICEs
     Net pll_clk_enable_281: 8 loads, 8 LSLICEs
     Net pll_clk_enable_326: 16 loads, 16 LSLICEs
     Net pll_clk_enable_354: 15 loads, 15 LSLICEs
     Net pll_clk_enable_403: 25 loads, 25 LSLICEs
     Net pll_clk_enable_465: 25 loads, 25 LSLICEs
     Net pll_clk_enable_576: 15 loads, 15 LSLICEs
     Net pll_clk_enable_52: 1 loads, 1 LSLICEs
     Net pll_clk_enable_28: 1 loads, 1 LSLICEs
     Net mic_ram_we: 1 loads, 0 LSLICEs
     Net pll_clk_enable_55: 4 loads, 4 LSLICEs
     Net spi1_sck_c_enable_22: 5 loads, 5 LSLICEs
     Net pll_clk_enable_34: 2 loads, 2 LSLICEs
     Net ev_we: 5 loads, 0 LSLICEs
     Net pll_clk_enable_530: 4 loads, 4 LSLICEs
     Net pll_clk_enable_46: 1 loads, 1 LSLICEs
     Net afifo_we: 5 loads, 5 LSLICEs
     Net spi1_sck_c_enable_184: 2 loads, 2 LSLICEs
     Net pll_clk_enable_537: 3 loads, 3 LSLICEs
     Net pll_clk_enable_49: 1 loads, 1 LSLICEs
     Net pll_clk_enable_533: 1 loads, 1 LSLICEs
     Net pll_clk_enable_200: 1 loads, 1 LSLICEs

                                    Page 2




Design:  umh_fpga_top                                  Date:  09/29/26  19:07:16

Design Summary (cont)
---------------------
     Net stop_event: 1 loads, 1 LSLICEs
     Net pll_clk_enable_53: 1 loads, 1 LSLICEs
     Net pll_clk_enable_54: 1 loads, 1 LSLICEs
     Net pll_clk_enable_569: 17 loads, 17 LSLICEs
     Net pll_clk_enable_57: 1 loads, 1 LSLICEs
     Net pll_clk_enable_582: 5 loads, 5 LSLICEs
     Net spi1_sck_c_enable_24: 1 loads, 1 LSLICEs
     Net spi1_sck_c_enable_25: 1 loads, 1 LSLICEs
     Net spi1_sck_N_247_enable_9: 5 loads, 5 LSLICEs
     Net spi1_sck_c_enable_143: 4 loads, 4 LSLICEs
     Net spi1_sck_c_enable_151: 4 loads, 4 LSLICEs
     Net spi1_sck_c_enable_105: 4 loads, 4 LSLICEs
     Net spi1_sck_c_enable_121: 4 loads, 4 LSLICEs
     Net pll_clk_enable_474: 2 loads, 2 LSLICEs
     Net pll_clk_enable_239: 1 loads, 1 LSLICEs
     Net pll_clk_enable_198: 2 loads, 2 LSLICEs
     Net pll_clk_enable_570: 1 loads, 1 LSLICEs
     Net pll_clk_enable_581: 1 loads, 1 LSLICEs
     Net spi1_sck_c_enable_70: 4 loads, 4 LSLICEs
     Net spi1_sck_c_enable_55: 4 loads, 4 LSLICEs
     Net spi1_sck_c_enable_97: 4 loads, 4 LSLICEs
     Net spi1_sck_c_enable_113: 4 loads, 4 LSLICEs
     Net spi1_sck_c_enable_128: 4 loads, 4 LSLICEs
     Net pll_clk_enable_237: 16 loads, 16 LSLICEs
     Net pll_clk_enable_137: 1 loads, 1 LSLICEs
     Net pll_clk_enable_210: 2 loads, 2 LSLICEs
     Net pll_clk_enable_579: 9 loads, 9 LSLICEs
     Net pll_clk_enable_471: 3 loads, 3 LSLICEs
     Net spi1_sck_c_enable_169: 1 loads, 1 LSLICEs
     Net spi1_sck_c_enable_172: 1 loads, 1 LSLICEs
     Net pll_clk_enable_417: 7 loads, 7 LSLICEs
     Net pll_clk_enable_172: 1 loads, 1 LSLICEs
     Net pll_clk_enable_173: 1 loads, 1 LSLICEs
     Net pll_clk_enable_578: 4 loads, 4 LSLICEs
     Net pll_clk_enable_583: 4 loads, 4 LSLICEs
     Net pll_clk_enable_195: 1 loads, 1 LSLICEs
     Net spi1_sck_c_enable_174: 1 loads, 1 LSLICEs
     Net spi1_sck_c_enable_170: 1 loads, 1 LSLICEs
     Net spi1_sck_c_enable_171: 1 loads, 1 LSLICEs
     Net spi1_sck_c_enable_173: 1 loads, 1 LSLICEs
     Net pll_clk_enable_204: 1 loads, 1 LSLICEs
     Net pll_clk_enable_577: 4 loads, 4 LSLICEs
     Net mic_stream_i/sck_N_3439_enable_101: 51 loads, 51 LSLICEs
     Net ws2812_i/state_0: 8 loads, 8 LSLICEs
     Net ws2812_i/pll_clk_enable_509: 13 loads, 13 LSLICEs
     Net ws2812_i/pll_clk_enable_575: 9 loads, 9 LSLICEs
     Net ws2812_i/pll_clk_enable_199: 1 loads, 1 LSLICEs
   Number of LSRs:  31
     Net n28126: 10 loads, 10 LSLICEs
     Net n28111: 1 loads, 1 LSLICEs
     Net ev_fall_N_2921: 1 loads, 1 LSLICEs
     Net n14367: 1 loads, 1 LSLICEs
     Net pll_clk_enable_58: 3 loads, 3 LSLICEs
     Net n14350: 4 loads, 4 LSLICEs
     Net n28218: 42 loads, 42 LSLICEs
     Net cs_fall: 3 loads, 3 LSLICEs

                                    Page 3




Design:  umh_fpga_top                                  Date:  09/29/26  19:07:16

Design Summary (cont)
---------------------
     Net n16545: 2 loads, 2 LSLICEs
     Net phase_step_s1: 1 loads, 1 LSLICEs
     Net pll_clk_enable_52: 4 loads, 4 LSLICEs
     Net n19321: 9 loads, 9 LSLICEs
     Net mic_acc_busy_N_2550: 2 loads, 2 LSLICEs
     Net n16551: 2 loads, 2 LSLICEs
     Net n19944: 1 loads, 1 LSLICEs
     Net n28178: 1 loads, 1 LSLICEs
     Net n19248: 9 loads, 9 LSLICEs
     Net spi_mic_cs_n_c: 52 loads, 52 LSLICEs
     Net n28280: 1 loads, 1 LSLICEs
     Net n19303: 9 loads, 9 LSLICEs
     Net n19286: 5 loads, 5 LSLICEs
     Net n19279: 4 loads, 4 LSLICEs
     Net n19244: 3 loads, 3 LSLICEs
     Net n25927: 1 loads, 1 LSLICEs
     Net ev_run_hold_s5_83__N_1810: 17 loads, 17 LSLICEs
     Net n28695: 25 loads, 25 LSLICEs
     Net ws2812_i/pll_clk_enable_509: 5 loads, 5 LSLICEs
     Net ws2812_i/n28114: 2 loads, 2 LSLICEs
     Net ws2812_i/n19345: 7 loads, 7 LSLICEs
     Net ws2812_i/n28283: 3 loads, 3 LSLICEs
     Net ws2812_i/n26908: 1 loads, 1 LSLICEs
   Number of nets driven by tri-state buffers:  0
   Top 10 highest fanout non-clock nets:
     Net mic_stream_i/n13: 104 loads
     Net ev_in_clear: 95 loads
     Net mic_warm: 93 loads
     Net running: 87 loads
     Net wrap_s5: 84 loads
     Net n28218: 74 loads
     Net status_bit_index_0: 54 loads
     Net spi_mic_cs_n_c: 53 loads
     Net mic_stream_i/sck_N_3439_enable_101: 51 loads
     Net fpga_cs_n_c: 43 loads




   Number of warnings:  0
   Number of errors:    0
     

Design Errors/Warnings
----------------------

   No errors or warnings present.

IO (PIO) Attributes
-------------------

+---------------------+-----------+-----------+------------+
| IO Name             | Direction | Levelmode | IO         |
|                     |           |  IO_TYPE  | Register   |
+---------------------+-----------+-----------+------------+
| us_tx[75]           | OUTPUT    | LVCMOS33  |            |

                                    Page 4




Design:  umh_fpga_top                                  Date:  09/29/26  19:07:16

IO (PIO) Attributes (cont)
--------------------------
+---------------------+-----------+-----------+------------+
| us_tx[76]           | OUTPUT    | LVCMOS33  |            |
+---------------------+-----------+-----------+------------+
| us_tx[77]           | OUTPUT    | LVCMOS33  |            |
+---------------------+-----------+-----------+------------+
| us_tx[78]           | OUTPUT    | LVCMOS33  |            |
+---------------------+-----------+-----------+------------+
| us_tx[79]           | OUTPUT    | LVCMOS33  |            |
+---------------------+-----------+-----------+------------+
| us_tx[80]           | OUTPUT    | LVCMOS33  |            |
+---------------------+-----------+-----------+------------+
| us_tx[81]           | OUTPUT    | LVCMOS33  |            |
+---------------------+-----------+-----------+------------+
| us_tx[82]           | OUTPUT    | LVCMOS33  |            |
+---------------------+-----------+-----------+------------+
| us_tx[83]           | OUTPUT    | LVCMOS33  |            |
+---------------------+-----------+-----------+------------+
| spi1_miso           | OUTPUT    | LVCMOS33  |            |
+---------------------+-----------+-----------+------------+
| us_tx[74]           | OUTPUT    | LVCMOS33  |            |
+---------------------+-----------+-----------+------------+
| us_tx[73]           | OUTPUT    | LVCMOS33  |            |
+---------------------+-----------+-----------+------------+
| us_tx[72]           | OUTPUT    | LVCMOS33  |            |
+---------------------+-----------+-----------+------------+
| us_tx[71]           | OUTPUT    | LVCMOS33  |            |
+---------------------+-----------+-----------+------------+
| us_tx[70]           | OUTPUT    | LVCMOS33  |            |
+---------------------+-----------+-----------+------------+
| us_tx[69]           | OUTPUT    | LVCMOS33  |            |
+---------------------+-----------+-----------+------------+
| us_tx[68]           | OUTPUT    | LVCMOS33  |            |
+---------------------+-----------+-----------+------------+
| us_tx[67]           | OUTPUT    | LVCMOS33  |            |
+---------------------+-----------+-----------+------------+
| us_tx[66]           | OUTPUT    | LVCMOS33  |            |
+---------------------+-----------+-----------+------------+
| us_tx[65]           | OUTPUT    | LVCMOS33  |            |
+---------------------+-----------+-----------+------------+
| us_tx[64]           | OUTPUT    | LVCMOS33  |            |
+---------------------+-----------+-----------+------------+
| us_tx[63]           | OUTPUT    | LVCMOS33  |            |
+---------------------+-----------+-----------+------------+
| us_tx[62]           | OUTPUT    | LVCMOS33  |            |
+---------------------+-----------+-----------+------------+
| us_tx[61]           | OUTPUT    | LVCMOS33  |            |
+---------------------+-----------+-----------+------------+
| us_tx[60]           | OUTPUT    | LVCMOS33  |            |
+---------------------+-----------+-----------+------------+
| us_tx[59]           | OUTPUT    | LVCMOS33  |            |
+---------------------+-----------+-----------+------------+
| us_tx[58]           | OUTPUT    | LVCMOS33  |            |
+---------------------+-----------+-----------+------------+
| us_tx[57]           | OUTPUT    | LVCMOS33  |            |
+---------------------+-----------+-----------+------------+
| us_tx[56]           | OUTPUT    | LVCMOS33  |            |

                                    Page 5




Design:  umh_fpga_top                                  Date:  09/29/26  19:07:16

IO (PIO) Attributes (cont)
--------------------------
+---------------------+-----------+-----------+------------+
| us_tx[55]           | OUTPUT    | LVCMOS33  |            |
+---------------------+-----------+-----------+------------+
| us_tx[54]           | OUTPUT    | LVCMOS33  |            |
+---------------------+-----------+-----------+------------+
| us_tx[53]           | OUTPUT    | LVCMOS33  |            |
+---------------------+-----------+-----------+------------+
| us_tx[52]           | OUTPUT    | LVCMOS33  |            |
+---------------------+-----------+-----------+------------+
| us_tx[51]           | OUTPUT    | LVCMOS33  |            |
+---------------------+-----------+-----------+------------+
| us_tx[50]           | OUTPUT    | LVCMOS33  |            |
+---------------------+-----------+-----------+------------+
| us_tx[49]           | OUTPUT    | LVCMOS33  |            |
+---------------------+-----------+-----------+------------+
| us_tx[48]           | OUTPUT    | LVCMOS33  |            |
+---------------------+-----------+-----------+------------+
| us_tx[47]           | OUTPUT    | LVCMOS33  |            |
+---------------------+-----------+-----------+------------+
| us_tx[46]           | OUTPUT    | LVCMOS33  |            |
+---------------------+-----------+-----------+------------+
| us_tx[45]           | OUTPUT    | LVCMOS33  |            |
+---------------------+-----------+-----------+------------+
| us_tx[44]           | OUTPUT    | LVCMOS33  |            |
+---------------------+-----------+-----------+------------+
| us_tx[43]           | OUTPUT    | LVCMOS33  |            |
+---------------------+-----------+-----------+------------+
| us_tx[42]           | OUTPUT    | LVCMOS33  |            |
+---------------------+-----------+-----------+------------+
| us_tx[41]           | OUTPUT    | LVCMOS33  |            |
+---------------------+-----------+-----------+------------+
| us_tx[40]           | OUTPUT    | LVCMOS33  |            |
+---------------------+-----------+-----------+------------+
| us_tx[39]           | OUTPUT    | LVCMOS33  |            |
+---------------------+-----------+-----------+------------+
| us_tx[38]           | OUTPUT    | LVCMOS33  |            |
+---------------------+-----------+-----------+------------+
| us_tx[37]           | OUTPUT    | LVCMOS33  |            |
+---------------------+-----------+-----------+------------+
| us_tx[36]           | OUTPUT    | LVCMOS33  |            |
+---------------------+-----------+-----------+------------+
| us_tx[35]           | OUTPUT    | LVCMOS33  |            |
+---------------------+-----------+-----------+------------+
| us_tx[34]           | OUTPUT    | LVCMOS33  |            |
+---------------------+-----------+-----------+------------+
| us_tx[33]           | OUTPUT    | LVCMOS33  |            |
+---------------------+-----------+-----------+------------+
| us_tx[32]           | OUTPUT    | LVCMOS33  |            |
+---------------------+-----------+-----------+------------+
| us_tx[31]           | OUTPUT    | LVCMOS33  |            |
+---------------------+-----------+-----------+------------+
| us_tx[30]           | OUTPUT    | LVCMOS33  |            |
+---------------------+-----------+-----------+------------+
| us_tx[29]           | OUTPUT    | LVCMOS33  |            |
+---------------------+-----------+-----------+------------+
| us_tx[28]           | OUTPUT    | LVCMOS33  |            |

                                    Page 6




Design:  umh_fpga_top                                  Date:  09/29/26  19:07:16

IO (PIO) Attributes (cont)
--------------------------
+---------------------+-----------+-----------+------------+
| us_tx[27]           | OUTPUT    | LVCMOS33  |            |
+---------------------+-----------+-----------+------------+
| us_tx[26]           | OUTPUT    | LVCMOS33  |            |
+---------------------+-----------+-----------+------------+
| us_tx[25]           | OUTPUT    | LVCMOS33  |            |
+---------------------+-----------+-----------+------------+
| us_tx[24]           | OUTPUT    | LVCMOS33  |            |
+---------------------+-----------+-----------+------------+
| us_tx[23]           | OUTPUT    | LVCMOS33  |            |
+---------------------+-----------+-----------+------------+
| us_tx[22]           | OUTPUT    | LVCMOS33  |            |
+---------------------+-----------+-----------+------------+
| us_tx[21]           | OUTPUT    | LVCMOS33  |            |
+---------------------+-----------+-----------+------------+
| us_tx[20]           | OUTPUT    | LVCMOS33  |            |
+---------------------+-----------+-----------+------------+
| us_tx[19]           | OUTPUT    | LVCMOS33  |            |
+---------------------+-----------+-----------+------------+
| us_tx[18]           | OUTPUT    | LVCMOS33  |            |
+---------------------+-----------+-----------+------------+
| us_tx[17]           | OUTPUT    | LVCMOS33  |            |
+---------------------+-----------+-----------+------------+
| us_tx[16]           | OUTPUT    | LVCMOS33  |            |
+---------------------+-----------+-----------+------------+
| us_tx[15]           | OUTPUT    | LVCMOS33  |            |
+---------------------+-----------+-----------+------------+
| us_tx[14]           | OUTPUT    | LVCMOS33  |            |
+---------------------+-----------+-----------+------------+
| us_tx[13]           | OUTPUT    | LVCMOS33  |            |
+---------------------+-----------+-----------+------------+
| us_tx[12]           | OUTPUT    | LVCMOS33  |            |
+---------------------+-----------+-----------+------------+
| us_tx[11]           | OUTPUT    | LVCMOS33  |            |
+---------------------+-----------+-----------+------------+
| us_tx[10]           | OUTPUT    | LVCMOS33  |            |
+---------------------+-----------+-----------+------------+
| us_tx[9]            | OUTPUT    | LVCMOS33  |            |
+---------------------+-----------+-----------+------------+
| us_tx[8]            | OUTPUT    | LVCMOS33  |            |
+---------------------+-----------+-----------+------------+
| us_tx[7]            | OUTPUT    | LVCMOS33  |            |
+---------------------+-----------+-----------+------------+
| us_tx[6]            | OUTPUT    | LVCMOS33  |            |
+---------------------+-----------+-----------+------------+
| us_tx[5]            | OUTPUT    | LVCMOS33  |            |
+---------------------+-----------+-----------+------------+
| us_tx[4]            | OUTPUT    | LVCMOS33  |            |
+---------------------+-----------+-----------+------------+
| us_tx[3]            | OUTPUT    | LVCMOS33  |            |
+---------------------+-----------+-----------+------------+
| us_tx[2]            | OUTPUT    | LVCMOS33  |            |
+---------------------+-----------+-----------+------------+
| us_tx[1]            | OUTPUT    | LVCMOS33  |            |
+---------------------+-----------+-----------+------------+
| us_tx[0]            | OUTPUT    | LVCMOS33  |            |

                                    Page 7




Design:  umh_fpga_top                                  Date:  09/29/26  19:07:16

IO (PIO) Attributes (cont)
--------------------------
+---------------------+-----------+-----------+------------+
| rgb_data            | OUTPUT    | LVCMOS33  |            |
+---------------------+-----------+-----------+------------+
| mic_clk             | OUTPUT    | LVCMOS33  |            |
+---------------------+-----------+-----------+------------+
| spi_mic_miso        | OUTPUT    | LVCMOS33  |            |
+---------------------+-----------+-----------+------------+
| fpga_clk_8m         | INPUT     | LVCMOS33  |            |
+---------------------+-----------+-----------+------------+
| fpga_cs_n           | INPUT     | LVCMOS33  |            |
+---------------------+-----------+-----------+------------+
| spi1_sck            | INPUT     | LVCMOS33  |            |
+---------------------+-----------+-----------+------------+
| spi1_mosi           | INPUT     | LVCMOS33  |            |
+---------------------+-----------+-----------+------------+
| mic_data_0          | INPUT     | LVCMOS33  |            |
+---------------------+-----------+-----------+------------+
| mic_data_1          | INPUT     | LVCMOS33  |            |
+---------------------+-----------+-----------+------------+
| spi_mic_cs_n        | INPUT     | LVCMOS33  |            |
+---------------------+-----------+-----------+------------+
| spi_mic_sck         | INPUT     | LVCMOS33  |            |
+---------------------+-----------+-----------+------------+

Removed logic
-------------

Signal spi1_sck_N_247 was merged into signal spi1_sck_c
Signal sck_N_3439 was merged into signal spi_mic_sck_c
Signal n28265 was merged into signal status_bit_index_1
Signal fpga_cs_n_N_2737 was merged into signal fpga_cs_n_c
Signal n19263 was merged into signal phase_step_s1
Signal GND_net undriven or does not drive anything - clipped.
Signal equal_1437_0/S1 undriven or does not drive anything - clipped.
Signal equal_1437_0/S0 undriven or does not drive anything - clipped.
Signal equal_1437_0/CI undriven or does not drive anything - clipped.
Signal sub_894_add_2_17/S1 undriven or does not drive anything - clipped.
Signal sub_894_add_2_17/CO undriven or does not drive anything - clipped.
Signal afifo_wr_spi_2598_add_4_1/S0 undriven or does not drive anything -
     clipped.
Signal afifo_wr_spi_2598_add_4_1/CI undriven or does not drive anything -
     clipped.
Signal afifo_wr_spi_2598_add_4_9/S1 undriven or does not drive anything -
     clipped.
Signal afifo_wr_spi_2598_add_4_9/CO undriven or does not drive anything -
     clipped.
Signal ws2812_i/add_2045_1/S0 undriven or does not drive anything - clipped.
Signal ws2812_i/add_2045_1/CI undriven or does not drive anything - clipped.
Signal ws2812_i/add_2045_17/S1 undriven or does not drive anything - clipped.
Signal ws2812_i/add_2045_17/CO undriven or does not drive anything - clipped.
Signal ws2812_i/add_15_1/S0 undriven or does not drive anything - clipped.
Signal ws2812_i/add_15_1/CI undriven or does not drive anything - clipped.
Signal ws2812_i/add_15_9/S1 undriven or does not drive anything - clipped.
Signal ws2812_i/add_15_9/CO undriven or does not drive anything - clipped.
Signal add_690_7/CO undriven or does not drive anything - clipped.
Signal global_phase_s2_2599_add_4_1/S0 undriven or does not drive anything -

                                    Page 8




Design:  umh_fpga_top                                  Date:  09/29/26  19:07:16

Removed logic (cont)
--------------------
     clipped.
Signal global_phase_s2_2599_add_4_1/CI undriven or does not drive anything -
     clipped.
Signal add_699_1/S0 undriven or does not drive anything - clipped.
Signal add_699_1/CI undriven or does not drive anything - clipped.
Signal global_phase_s2_2599_add_4_9/S1 undriven or does not drive anything -
     clipped.
Signal global_phase_s2_2599_add_4_9/CO undriven or does not drive anything -
     clipped.
Signal equal_1437_10_13425/S1 undriven or does not drive anything - clipped.
Signal equal_1437_10_13425/S0 undriven or does not drive anything - clipped.
Signal time_divider_2600_add_4_1/S0 undriven or does not drive anything -
     clipped.
Signal time_divider_2600_add_4_1/CI undriven or does not drive anything -
     clipped.
Signal time_divider_2600_add_4_7/S1 undriven or does not drive anything -
     clipped.
Signal time_divider_2600_add_4_7/CO undriven or does not drive anything -
     clipped.
Signal fpga_time_2601_add_4_1/S0 undriven or does not drive anything - clipped.
Signal fpga_time_2601_add_4_1/CI undriven or does not drive anything - clipped.
Signal add_1409_25/CO undriven or does not drive anything - clipped.
Signal equal_1437_8/S1 undriven or does not drive anything - clipped.
Signal equal_1437_8/S0 undriven or does not drive anything - clipped.
Signal equal_2879_8/S0 undriven or does not drive anything - clipped.
Signal equal_2879_8/CO undriven or does not drive anything - clipped.
Signal equal_1437_10/S1 undriven or does not drive anything - clipped.
Signal equal_1437_10/CO undriven or does not drive anything - clipped.
Signal equal_2879_0/S1 undriven or does not drive anything - clipped.
Signal equal_2879_0/S0 undriven or does not drive anything - clipped.
Signal equal_2879_0/CI undriven or does not drive anything - clipped.
Signal equal_2879_7/S1 undriven or does not drive anything - clipped.
Signal equal_2879_7/S0 undriven or does not drive anything - clipped.
Signal add_299_1/S0 undriven or does not drive anything - clipped.
Signal add_299_1/CI undriven or does not drive anything - clipped.
Signal add_699_7/CO undriven or does not drive anything - clipped.
Signal add_708_1/S0 undriven or does not drive anything - clipped.
Signal add_708_1/CI undriven or does not drive anything - clipped.
Signal sub_811_add_2_1/S0 undriven or does not drive anything - clipped.
Signal sub_811_add_2_1/CI undriven or does not drive anything - clipped.
Signal add_299_cout/S1 undriven or does not drive anything - clipped.
Signal add_299_cout/CO undriven or does not drive anything - clipped.
Signal add_644_1/S0 undriven or does not drive anything - clipped.
Signal add_644_1/CI undriven or does not drive anything - clipped.
Signal fpga_time_2601_add_4_33/S1 undriven or does not drive anything - clipped.
     
Signal fpga_time_2601_add_4_33/CO undriven or does not drive anything - clipped.
     
Signal status_bit_index_2594_add_4_1/S0 undriven or does not drive anything -
     clipped.
Signal status_bit_index_2594_add_4_1/CI undriven or does not drive anything -
     clipped.
Signal add_257_1/S0 undriven or does not drive anything - clipped.
Signal add_257_1/CI undriven or does not drive anything - clipped.
Signal add_708_7/CO undriven or does not drive anything - clipped.
Signal add_644_7/CO undriven or does not drive anything - clipped.

                                    Page 9




Design:  umh_fpga_top                                  Date:  09/29/26  19:07:16

Removed logic (cont)
--------------------
Signal add_653_1/S0 undriven or does not drive anything - clipped.
Signal add_653_1/CI undriven or does not drive anything - clipped.
Signal sub_2229_add_2_1/S1 undriven or does not drive anything - clipped.
Signal sub_2229_add_2_1/S0 undriven or does not drive anything - clipped.
Signal sub_2229_add_2_1/CI undriven or does not drive anything - clipped.
Signal sub_2229_add_2_3/S1 undriven or does not drive anything - clipped.
Signal sub_2229_add_2_3/S0 undriven or does not drive anything - clipped.
Signal add_653_7/CO undriven or does not drive anything - clipped.
Signal add_662_1/S0 undriven or does not drive anything - clipped.
Signal add_662_1/CI undriven or does not drive anything - clipped.
Signal sub_2229_add_2_5/S1 undriven or does not drive anything - clipped.
Signal sub_2229_add_2_5/S0 undriven or does not drive anything - clipped.
Signal status_bit_index_2594_add_4_9/CO undriven or does not drive anything -
     clipped.
Signal add_4036_2/S0 undriven or does not drive anything - clipped.
Signal add_4036_2/CI undriven or does not drive anything - clipped.
Signal add_4036_16/S1 undriven or does not drive anything - clipped.
Signal add_4036_16/CO undriven or does not drive anything - clipped.
Signal add_13425_1/S1 undriven or does not drive anything - clipped.
Signal add_13425_1/S0 undriven or does not drive anything - clipped.
Signal add_13425_1/CI undriven or does not drive anything - clipped.
Signal sub_2229_add_2_7/S0 undriven or does not drive anything - clipped.
Signal sub_2229_add_2_7/CO undriven or does not drive anything - clipped.
Signal sub_811_add_2_17/CO undriven or does not drive anything - clipped.
Signal expected_next_15__I_0_1403_1/S0 undriven or does not drive anything -
     clipped.
Signal expected_next_15__I_0_1403_1/CI undriven or does not drive anything -
     clipped.
Signal add_720_1/S0 undriven or does not drive anything - clipped.
Signal add_720_1/CI undriven or does not drive anything - clipped.
Signal add_13425_3/S1 undriven or does not drive anything - clipped.
Signal add_13425_3/S0 undriven or does not drive anything - clipped.
Signal add_13425_5/S1 undriven or does not drive anything - clipped.
Signal add_13425_5/S0 undriven or does not drive anything - clipped.
Signal add_13425_7/S0 undriven or does not drive anything - clipped.
Signal add_13425_7/CO undriven or does not drive anything - clipped.
Signal expected_next_15__I_0_1403_15/S1 undriven or does not drive anything -
     clipped.
Signal expected_next_15__I_0_1403_15/CO undriven or does not drive anything -
     clipped.
Signal afifo_wr_7__I_0_1237_add_2_1/S0 undriven or does not drive anything -
     clipped.
Signal afifo_wr_7__I_0_1237_add_2_1/CI undriven or does not drive anything -
     clipped.
Signal add_662_7/CO undriven or does not drive anything - clipped.
Signal add_671_1/S0 undriven or does not drive anything - clipped.
Signal add_671_1/CI undriven or does not drive anything - clipped.
Signal add_720_7/CO undriven or does not drive anything - clipped.
Signal add_939_1/S0 undriven or does not drive anything - clipped.
Signal add_939_1/CI undriven or does not drive anything - clipped.
Signal afifo_wr_7__I_0_1237_add_2_9/S1 undriven or does not drive anything -
     clipped.
Signal afifo_wr_7__I_0_1237_add_2_9/CO undriven or does not drive anything -
     clipped.
Signal afifo_rd_2602_add_4_1/S1 undriven or does not drive anything - clipped.
Signal afifo_rd_2602_add_4_1/S0 undriven or does not drive anything - clipped.

                                   Page 10




Design:  umh_fpga_top                                  Date:  09/29/26  19:07:16

Removed logic (cont)
--------------------
Signal afifo_rd_2602_add_4_1/CI undriven or does not drive anything - clipped.
Signal add_1410_2/S0 undriven or does not drive anything - clipped.
Signal add_1410_2/CI undriven or does not drive anything - clipped.
Signal add_671_7/CO undriven or does not drive anything - clipped.
Signal add_681_1/S0 undriven or does not drive anything - clipped.
Signal add_681_1/CI undriven or does not drive anything - clipped.
Signal mic_warm_half_2604_add_4_1/S0 undriven or does not drive anything -
     clipped.
Signal mic_warm_half_2604_add_4_1/CI undriven or does not drive anything -
     clipped.
Signal add_257_7/CO undriven or does not drive anything - clipped.
Signal add_939_17/S1 undriven or does not drive anything - clipped.
Signal add_939_17/CO undriven or does not drive anything - clipped.
Signal mic_warm_half_2604_add_4_9/S1 undriven or does not drive anything -
     clipped.
Signal mic_warm_half_2604_add_4_9/CO undriven or does not drive anything -
     clipped.
Signal afifo_rd_2602_add_4_9/CO undriven or does not drive anything - clipped.
Signal ev_ch_2603_add_4_1/S0 undriven or does not drive anything - clipped.
Signal ev_ch_2603_add_4_1/CI undriven or does not drive anything - clipped.
Signal add_1409_1/S0 undriven or does not drive anything - clipped.
Signal add_1409_1/CI undriven or does not drive anything - clipped.
Signal ev_ch_2603_add_4_7/CO undriven or does not drive anything - clipped.
Signal add_681_7/CO undriven or does not drive anything - clipped.
Signal sub_894_add_2_1/S0 undriven or does not drive anything - clipped.
Signal sub_894_add_2_1/CI undriven or does not drive anything - clipped.
Signal add_1410_cout/S1 undriven or does not drive anything - clipped.
Signal add_1410_cout/CO undriven or does not drive anything - clipped.
Signal add_690_1/S0 undriven or does not drive anything - clipped.
Signal add_690_1/CI undriven or does not drive anything - clipped.
Block i15813 was optimized away.
Block i15812 was optimized away.
Block sub_214_inv_0_i2_1_lut_rep_482 was optimized away.
Block i15_1_lut was optimized away.
Block i7257_1_lut was optimized away.
Block i1 was optimized away.

Memory Usage
------------

/audio_fifo:
    EBRs: 1
    RAM SLICEs: 0
    Logic SLICEs: 0
    PFU Registers: 0
    -Contains EBR mem0:  TYPE= DP8KC,  Width_B= 8,  Depth_A= 256,  Depth_B= 256,
         REGMODE_A= NOREG,  REGMODE_B= NOREG,  RESETMODE= SYNC,
         ASYNC_RESET_RELEASE= SYNC,  WRITEMODE_A= WRITETHROUGH,  WRITEMODE_B=
         WRITETHROUGH,  GSR= DISABLED
/event_ram:
    EBRs: 5
    RAM SLICEs: 0
    Logic SLICEs: 0
    PFU Registers: 0
    -Contains EBR mem1:  TYPE= PDPW8KC,  Width= 18,  Depth_R= 512,  Depth_W=
         512,  REGMODE= NOREG,  RESETMODE= SYNC,  ASYNC_RESET_RELEASE= SYNC,

                                   Page 11




Design:  umh_fpga_top                                  Date:  09/29/26  19:07:16

Memory Usage (cont)
-------------------
         GSR= DISABLED
    -Contains EBR mem0:  TYPE= PDPW8KC,  Width= 18,  Depth_R= 512,  Depth_W=
         512,  REGMODE= NOREG,  RESETMODE= SYNC,  ASYNC_RESET_RELEASE= SYNC,
         GSR= DISABLED
    -Contains EBR mem4:  TYPE= PDPW8KC,  Width= 12,  Depth_R= 512,  Depth_W=
         512,  REGMODE= NOREG,  RESETMODE= SYNC,  ASYNC_RESET_RELEASE= SYNC,
         GSR= DISABLED
    -Contains EBR mem3:  TYPE= PDPW8KC,  Width= 18,  Depth_R= 512,  Depth_W=
         512,  REGMODE= NOREG,  RESETMODE= SYNC,  ASYNC_RESET_RELEASE= SYNC,
         GSR= DISABLED
    -Contains EBR mem2:  TYPE= PDPW8KC,  Width= 18,  Depth_R= 512,  Depth_W=
         512,  REGMODE= NOREG,  RESETMODE= SYNC,  ASYNC_RESET_RELEASE= SYNC,
         GSR= DISABLED
/mic_iq_ram:
    EBRs: 1
    RAM SLICEs: 0
    Logic SLICEs: 0
    PFU Registers: 0
    -Contains EBR mem0:  TYPE= PDPW8KC,  Width= 16,  Depth_R= 512,  Depth_W=
         512,  REGMODE= NOREG,  RESETMODE= SYNC,  ASYNC_RESET_RELEASE= SYNC,
         GSR= DISABLED
/staging_ram:
    EBRs: 1
    RAM SLICEs: 0
    Logic SLICEs: 0
    PFU Registers: 0
    -Contains EBR mem0:  TYPE= PDPW8KC,  Width= 16,  Depth_R= 128,  Depth_W=
         128,  REGMODE= NOREG,  RESETMODE= SYNC,  ASYNC_RESET_RELEASE= SYNC,
         GSR= DISABLED

     

PLL/DLL Summary
---------------

PLL 1:                                     Pin/Node Value
  PLL Instance Name:                                fpga_pll_i
  PLL Type:                                         EHXPLLJ
  Input Clock:                             PIN      fpga_clk_8m_c
  Output Clock(P):                         NODE     pll_clk
  Output Clock(S):                                  NONE
  Output Clock(S2):                                 NONE
  Output Clock(S3):                                 NONE
  Feedback Signal:                         NODE     pll_feedback
  Reset Signal:                                     NONE
  M Divider Reset Signal:                           NONE
  C Divider Reset Signal:                           NONE
  D Divider Reset Signal:                           NONE
  Standby Signal:                                   NONE
  PLL LOCK signal:                         NODE     pll_lock
  PLL Data bus CLK Signal:                          NONE
  PLL Data bus Strobe Signal:                       NONE
  PLL Data bus Reset Signal:                        NONE
  PLL Data bus Write Enable Signal:                 NONE
  PLL Data bus Address0:                            NONE
  PLL Data bus Address1:                            NONE

                                   Page 12




Design:  umh_fpga_top                                  Date:  09/29/26  19:07:16

PLL/DLL Summary (cont)
----------------------
  PLL Data bus Address2:                            NONE
  PLL Data bus Address3:                            NONE
  PLL Data bus Address4:                            NONE
  PLL Data In bus Data0:                            NONE
  PLL Data In bus Data1:                            NONE
  PLL Data In bus Data2:                            NONE
  PLL Data In bus Data3:                            NONE
  PLL Data In bus Data4:                            NONE
  PLL Data In bus Data5:                            NONE
  PLL Data In bus Data6:                            NONE
  PLL Data In bus Data7:                            NONE
  PLL Data bus Acknowledge:                         NONE
  PLL Data Out bus Data0:                           NONE
  PLL Data Out bus Data1:                           NONE
  PLL Data Out bus Data2:                           NONE
  PLL Data Out bus Data3:                           NONE
  PLL Data Out bus Data4:                           NONE
  PLL Data Out bus Data5:                           NONE
  PLL Data Out bus Data6:                           NONE
  PLL Data Out bus Data7:                           NONE
  Input Clock Frequency (MHz):                       8.0000
  Output Clock(P) Frequency (MHz):                  64.0000
  Output Clock(S) Frequency (MHz):                  NA
  Output Clock(S2) Frequency (MHz):                 NA
  Output Clock(S3) Frequency (MHz):                 NA
  CLKOP Post Divider A Input:                       DIVA
  CLKOS Post Divider B Input:                       DIVB
  CLKOS2 Post Divider C Input:                      DIVC
  CLKOS3 Post Divider D Input:                      DIVD
  Pre Divider A Input:                              VCO_PHASE
  Pre Divider B Input:                              VCO_PHASE
  Pre Divider C Input:                              VCO_PHASE
  Pre Divider D Input:                              VCO_PHASE
  VCO Bypass A Input:                               VCO_PHASE
  VCO Bypass B Input:                               VCO_PHASE
  VCO Bypass C Input:                               VCO_PHASE
  VCO Bypass D Input:                               VCO_PHASE
  FB_MODE:                                          INT_OP
  CLKI Divider:                                     1
  CLKFB Divider:                                    8
  CLKOP Divider:                                    8
  CLKOS Divider:                                    8
  CLKOS2 Divider:                                   8
  CLKOS3 Divider:                                   8
  Fractional N Divider:                             0
  CLKOP Desired Phase Shift(degree):                0
  CLKOP Trim Option Rising/Falling:                 RISING
  CLKOP Trim Option Delay:                          0
  CLKOS Desired Phase Shift(degree):                -315
  CLKOS Trim Option Rising/Falling:                 RISING
  CLKOS Trim Option Delay:                          0
  CLKOS2 Desired Phase Shift(degree):               -315
  CLKOS3 Desired Phase Shift(degree):               -315




                                   Page 13




Design:  umh_fpga_top                                  Date:  09/29/26  19:07:16

ASIC Components
---------------

Instance Name: fpga_pll_i
         Type: EHXPLLJ
Instance Name: event_ram/mem1
         Type: PDPW8KC
Instance Name: event_ram/mem0
         Type: PDPW8KC
Instance Name: event_ram/mem4
         Type: PDPW8KC
Instance Name: event_ram/mem3
         Type: PDPW8KC
Instance Name: event_ram/mem2
         Type: PDPW8KC
Instance Name: audio_fifo/mem0
         Type: DP8KC
Instance Name: mic_iq_ram/mem0
         Type: PDPW8KC
Instance Name: staging_ram/mem0
         Type: PDPW8KC

GSR Usage
---------

GSR Component:
   The Global Set Reset (GSR) resource has been used to implement a global reset
        of the design. The reset signal used for GSR control is 'fpga_cs_n_c'.
        

     GSR Property:
   The design components with GSR property set to ENABLED will respond to global
        set reset while the components with GSR property set to DISABLED will
        not.
        

     Components with disabled GSR Property
-------------------------------------

     These components have the GSR property set to DISABLED. The components will
     not respond to the reset signal 'fpga_cs_n_c' via the GSR component.

     Type and number of components of the type: 
   Register = 1231 
   PDPW8KC = 7, DP8KC = 1 

     Type and instance name of component: 
   Register : mem_2848
   Register : audio_mode_1152
   Register : afifo_rd_2602__i0
   Register : cs_sync_1079
   Register : cs_sync_d_1080
   Register : running_1119
   Register : frame_req_1143
   Register : ev_wrap_1157
   Register : ev_ch_2603__i0
   Register : spi_compact_data__i1
   Register : mic_cfg_hold_spi_i0_i0

                                   Page 14




Design:  umh_fpga_top                                  Date:  09/29/26  19:07:16

GSR Usage (cont)
----------------
   Register : rgb_values_i0_i0
   Register : ws2812_settle_i0_i0
   Register : phase_frac_i0
   Register : pending_audio_level__i0
   Register : mic_xor_i_3___i1
   Register : rgb_hold__i1
   Register : accepted_sequence_spi_i0_i0
   Register : accepted_update_flags_spi_i0_i0
   Register : build_level_i0_i0
   Register : mic_cfg_start_i0_i0
   Register : ev_state_FSM_i1
   Register : mic_acc_gate__i1
   Register : mic_acc_word_i2
   Register : mic_phase__i0
   Register : link_idle__i0
   Register : mic_xor_q_3___i1
   Register : frame_settle__i0
   Register : status_hold__i1
   Register : phase_step_s1_1110
   Register : mic_acc_word_i1
   Register : phase_step_s2_1111
   Register : phase_step_s3_1114
   Register : wrap_s3_1115
   Register : swap_now_s3_1116
   Register : active_bank_1117
   Register : accepted_sequence_i0
   Register : run_addr_s3_i0
   Register : afifo_wr_i0_i0
   Register : phase_step_s4_1122
   Register : wrap_s4_1123
   Register : wrap_s5_1124
   Register : link_tick_d_1128
   Register : rmw_slot_i0_i0
   Register : frame_toggle_meta_1131
   Register : frame_toggle_sync_1132
   Register : stop_toggle_meta_1133
   Register : stop_toggle_sync_1134
   Register : ws2812_toggle_meta_1135
   Register : ws2812_toggle_sync_1136
   Register : invalid_frame_meta_1137
   Register : invalid_frame_sync_1138
   Register : audio_mode_toggle_meta_1139
   Register : audio_mode_toggle_sync_1140
   Register : pending_sequence_i0_i0
   Register : ev_fall_1158
   Register : mic_shift_0_l_i0_i0
   Register : mic_cfg_count_i0
   Register : mic_shift_1_l_i0_i0
   Register : mic_shift_0_r__i1
   Register : mic_shift_1_r__i1
   Register : mic_latest_i0_i0
   Register : mic_win_i_3___i1
   Register : mic_win_q_3___i1
   Register : mic_ram_wr_addr_i0_i0
   Register : mic_cfg_settle_i0
   Register : mic_cfg_toggle_meta_1185

                                   Page 15




Design:  umh_fpga_top                                  Date:  09/29/26  19:07:16

GSR Usage (cont)
----------------
   Register : mic_cfg_toggle_sync_1186
   Register : mic_run_state_i0
   Register : mic_cfg_width_i0
   Register : mic_done_1195
   Register : mic_gate_wait_i0
   Register : mic_acc_state_i0
   Register : mic_acc_busy_1202
   Register : mic_ram_we_1205
   Register : mic_acc_word_i0
   Register : us_tx_i1
   Register : pll_lock_sync_i0
   Register : mic_lo_n_i0
   Register : mic_lo_n_i1
   Register : mic_lo_n_i2
   Register : mic_lo_n_i3
   Register : mic_lo_n_i4
   Register : mic_lo_n_i5
   Register : mic_lo_n_i6
   Register : mic_cfg_count_i6
   Register : mic_cfg_width_i1
   Register : mic_cfg_width_i2
   Register : mic_cfg_width_i3
   Register : mic_cfg_width_i4
   Register : mic_cfg_width_i5
   Register : mic_cfg_width_i6
   Register : mem_2866
   Register : mem_2835
   Register : mem_2833
   Register : mic_ram_wr_data_i0_i15
   Register : mic_window_count__i0
   Register : mic_acc_last_1204
   Register : audio_settle__i0
   Register : frame_req_audio_1144
   Register : mem
   Register : mem_2890
   Register : mem_2889
   Register : mem_2888
   Register : mem_2887
   Register : mem_2886
   Register : mem_2885
   Register : mem_2884
   Register : mem_2883
   Register : mem_2881
   Register : mem_2878
   Register : mem_2876
   Register : mic_ram_wr_data_i0_i14
   Register : mem_2874
   Register : mem_2872
   Register : mem_2870
   Register : mem_2868
   Register : mem_adj_110
   Register : mem_2863
   Register : mem_2862
   Register : mem_2861
   Register : mem_2860
   Register : mem_2859

                                   Page 16




Design:  umh_fpga_top                                  Date:  09/29/26  19:07:16

GSR Usage (cont)
----------------
   Register : mem_2858
   Register : mem_2857
   Register : swap_pending_1118
   Register : mem_2837
   Register : mem_2839
   Register : mem_2841
   Register : mem_2843
   Register : mem_2846
   Register : audio_fifo/mem_2865
   Register : audio_fifo/rd_data_i0
   Register : audio_fifo/mem_2879
   Register : audio_fifo/mem_2877
   Register : audio_fifo/mem_2875
   Register : audio_fifo/mem_2873
   Register : audio_fifo/mem_2871
   Register : audio_fifo/mem_2869
   Register : audio_fifo/mem_2867
   Register : audio_fifo/rd_data_i1
   Register : audio_fifo/rd_data_i2
   Register : audio_fifo/rd_data_i3
   Register : audio_fifo/rd_data_i4
   Register : audio_fifo/rd_data_i5
   Register : audio_fifo/rd_data_i6
   Register : audio_fifo/rd_data_i7
   Register : mic_sample_count_2605__i0
   Register : mic_gate_active_1201
   Register : cs_meta_1078
   Register : mic_lo_q_r_1172
   Register : afifo_wr_spi_2598__i0
   Register : build_audio_1161
   Register : global_phase_s2_2599__i0
   Register : mic_cfg_toggle_seen_1187
   Register : time_divider_2600__i0
   Register : stop_toggle_seen_1164
   Register : audio_mode_toggle_seen_1150
   Register : frame_toggle_seen_1141
   Register : mic_lo_i_r_1171
   Register : fpga_time_2601__i0
   Register : mic_ultrasonic_1168
   Register : ws2812_toggle_seen_1153
   Register : audio_mode_toggle_spi_1100
   Register : audio_mode_spi_1099
   Register : afifo_rd_2602__i7
   Register : afifo_rd_2602__i6
   Register : afifo_rd_2602__i5
   Register : afifo_rd_2602__i4
   Register : afifo_rd_2602__i3
   Register : afifo_rd_2602__i2
   Register : afifo_rd_2602__i1
   Register : mic_ram_wr_data_i0_i13
   Register : ev_ch_2603__i1
   Register : ev_ch_2603__i2
   Register : ev_ch_2603__i3
   Register : ev_ch_2603__i4
   Register : ev_ch_2603__i5
   Register : ev_ch_2603__i6

                                   Page 17




Design:  umh_fpga_top                                  Date:  09/29/26  19:07:16

GSR Usage (cont)
----------------
   Register : mic_cfg_hold_spi_i0_i1
   Register : mic_cfg_hold_spi_i0_i2
   Register : mic_cfg_hold_spi_i0_i3
   Register : mic_cfg_hold_spi_i0_i4
   Register : mic_cfg_hold_spi_i0_i5
   Register : mic_cfg_hold_spi_i0_i6
   Register : mic_cfg_hold_spi_i0_i8
   Register : mic_cfg_hold_spi_i0_i9
   Register : mic_cfg_hold_spi_i0_i10
   Register : mic_cfg_hold_spi_i0_i11
   Register : mic_cfg_hold_spi_i0_i12
   Register : mic_cfg_hold_spi_i0_i13
   Register : mic_cfg_hold_spi_i0_i14
   Register : mic_cfg_hold_spi_i0_i15
   Register : mic_cfg_hold_spi_i0_i16
   Register : mic_cfg_hold_spi_i0_i17
   Register : mic_cfg_hold_spi_i0_i18
   Register : mic_cfg_hold_spi_i0_i19
   Register : mic_cfg_hold_spi_i0_i20
   Register : mic_cfg_hold_spi_i0_i21
   Register : mic_cfg_hold_spi_i0_i22
   Register : mic_cfg_hold_spi_i0_i23
   Register : mic_cfg_hold_spi_i0_i24
   Register : mic_cfg_hold_spi_i0_i25
   Register : mic_cfg_hold_spi_i0_i26
   Register : mic_cfg_hold_spi_i0_i27
   Register : mic_cfg_hold_spi_i0_i28
   Register : mic_cfg_hold_spi_i0_i29
   Register : mic_cfg_hold_spi_i0_i30
   Register : mic_cfg_hold_spi_i0_i31
   Register : mic_cfg_hold_spi_i0_i32
   Register : mic_cfg_hold_spi_i0_i33
   Register : mic_cfg_hold_spi_i0_i34
   Register : mic_cfg_hold_spi_i0_i35
   Register : mic_cfg_hold_spi_i0_i36
   Register : mic_cfg_hold_spi_i0_i37
   Register : mic_cfg_hold_spi_i0_i38
   Register : mic_cfg_hold_spi_i0_i39
   Register : mic_cfg_hold_spi_i0_i40
   Register : mic_cfg_hold_spi_i0_i41
   Register : mic_cfg_hold_spi_i0_i42
   Register : mic_cfg_hold_spi_i0_i43
   Register : mic_cfg_hold_spi_i0_i44
   Register : mic_cfg_hold_spi_i0_i45
   Register : mic_cfg_hold_spi_i0_i46
   Register : rgb_values_i0_i1
   Register : rgb_values_i0_i2
   Register : rgb_values_i0_i3
   Register : rgb_values_i0_i4
   Register : rgb_values_i0_i5
   Register : rgb_values_i0_i6
   Register : rgb_values_i0_i7
   Register : rgb_values_i0_i8
   Register : rgb_values_i0_i9
   Register : rgb_values_i0_i10
   Register : rgb_values_i0_i11

                                   Page 18




Design:  umh_fpga_top                                  Date:  09/29/26  19:07:16

GSR Usage (cont)
----------------
   Register : rgb_values_i0_i12
   Register : rgb_values_i0_i13
   Register : rgb_values_i0_i14
   Register : rgb_values_i0_i15
   Register : rgb_values_i0_i16
   Register : rgb_values_i0_i17
   Register : rgb_values_i0_i18
   Register : rgb_values_i0_i19
   Register : rgb_values_i0_i20
   Register : rgb_values_i0_i21
   Register : rgb_values_i0_i22
   Register : rgb_values_i0_i23
   Register : phase_frac_i1
   Register : phase_frac_i2
   Register : phase_frac_i3
   Register : phase_frac_i4
   Register : phase_frac_i5
   Register : phase_frac_i6
   Register : phase_frac_i7
   Register : phase_frac_i8
   Register : phase_frac_i9
   Register : phase_frac_i10
   Register : phase_frac_i11
   Register : phase_frac_i12
   Register : phase_frac_i13
   Register : phase_frac_i14
   Register : phase_frac_i15
   Register : phase_frac_i16
   Register : phase_frac_i17
   Register : phase_frac_i18
   Register : phase_frac_i19
   Register : phase_frac_i20
   Register : phase_frac_i21
   Register : phase_frac_i22
   Register : phase_frac_i23
   Register : pending_audio_level__i1
   Register : pending_audio_level__i2
   Register : pending_audio_level__i3
   Register : pending_audio_level__i4
   Register : pending_audio_level__i5
   Register : pending_audio_level__i6
   Register : pending_audio_level__i7
   Register : mic_xor_i_3___i2
   Register : mic_xor_i_3___i3
   Register : mic_xor_i_3___i4
   Register : mic_xor_i_3___i5
   Register : mic_xor_i_3___i6
   Register : mic_xor_i_3___i7
   Register : mic_xor_i_3___i8
   Register : mic_xor_i_3___i9
   Register : mic_xor_i_3___i10
   Register : mic_xor_i_3___i11
   Register : mic_xor_i_3___i12
   Register : mic_xor_i_3___i13
   Register : mic_xor_i_3___i14
   Register : mic_xor_i_3___i15

                                   Page 19




Design:  umh_fpga_top                                  Date:  09/29/26  19:07:16

GSR Usage (cont)
----------------
   Register : mic_xor_i_3___i16
   Register : mic_xor_i_3___i17
   Register : mic_xor_i_3___i18
   Register : mic_xor_i_3___i19
   Register : mic_xor_i_3___i20
   Register : mic_xor_i_3___i21
   Register : mic_xor_i_3___i22
   Register : mic_xor_i_3___i23
   Register : mic_xor_i_3___i24
   Register : mic_xor_i_3___i25
   Register : mic_xor_i_3___i26
   Register : mic_xor_i_3___i27
   Register : mic_xor_i_3___i28
   Register : rgb_hold__i2
   Register : rgb_hold__i3
   Register : rgb_hold__i4
   Register : rgb_hold__i5
   Register : rgb_hold__i6
   Register : rgb_hold__i7
   Register : rgb_hold__i8
   Register : rgb_hold__i9
   Register : rgb_hold__i10
   Register : rgb_hold__i11
   Register : rgb_hold__i12
   Register : rgb_hold__i13
   Register : rgb_hold__i14
   Register : rgb_hold__i15
   Register : rgb_hold__i16
   Register : rgb_hold__i17
   Register : rgb_hold__i18
   Register : rgb_hold__i19
   Register : rgb_hold__i20
   Register : rgb_hold__i21
   Register : rgb_hold__i22
   Register : rgb_hold__i23
   Register : rgb_hold__i24
   Register : accepted_sequence_spi_i0_i1
   Register : accepted_sequence_spi_i0_i2
   Register : accepted_sequence_spi_i0_i3
   Register : accepted_sequence_spi_i0_i4
   Register : accepted_sequence_spi_i0_i5
   Register : accepted_sequence_spi_i0_i6
   Register : accepted_sequence_spi_i0_i7
   Register : accepted_sequence_spi_i0_i8
   Register : accepted_sequence_spi_i0_i9
   Register : accepted_sequence_spi_i0_i10
   Register : accepted_sequence_spi_i0_i11
   Register : accepted_sequence_spi_i0_i12
   Register : accepted_sequence_spi_i0_i13
   Register : accepted_sequence_spi_i0_i14
   Register : accepted_sequence_spi_i0_i15
   Register : build_level_i0_i1
   Register : build_level_i0_i2
   Register : build_level_i0_i3
   Register : build_level_i0_i4
   Register : build_level_i0_i5

                                   Page 20




Design:  umh_fpga_top                                  Date:  09/29/26  19:07:16

GSR Usage (cont)
----------------
   Register : build_level_i0_i6
   Register : build_level_i0_i7
   Register : mic_cfg_start_i0_i1
   Register : mic_ram_wr_data_i0_i12
   Register : mic_ram_wr_data_i0_i11
   Register : mic_ram_wr_data_i0_i10
   Register : mic_ram_wr_data_i0_i9
   Register : mic_ram_wr_data_i0_i8
   Register : mic_ram_wr_data_i0_i7
   Register : mic_ram_wr_data_i0_i6
   Register : mic_ram_wr_data_i0_i5
   Register : mic_ram_wr_data_i0_i4
   Register : mic_ram_wr_data_i0_i3
   Register : mic_ram_wr_data_i0_i2
   Register : mic_ram_wr_data_i0_i1
   Register : mic_acc_state_i2
   Register : mic_cfg_start_i0_i2
   Register : mic_cfg_start_i0_i3
   Register : mic_cfg_start_i0_i4
   Register : mic_cfg_start_i0_i5
   Register : mic_cfg_start_i0_i6
   Register : mic_cfg_start_i0_i7
   Register : mic_cfg_start_i0_i8
   Register : mic_cfg_start_i0_i9
   Register : mic_cfg_start_i0_i10
   Register : mic_cfg_start_i0_i11
   Register : mic_cfg_start_i0_i12
   Register : mic_cfg_start_i0_i13
   Register : mic_cfg_start_i0_i14
   Register : mic_cfg_start_i0_i15
   Register : ev_state_FSM_i2
   Register : mic_block_count_i15
   Register : mic_block_count_i14
   Register : ev_state_FSM_i3
   Register : ev_state_FSM_i4
   Register : ev_state_FSM_i5
   Register : ev_state_FSM_i6
   Register : mic_acc_gate__i2
   Register : mic_acc_gate__i3
   Register : mic_acc_gate__i4
   Register : mic_acc_gate__i5
   Register : mic_acc_gate__i6
   Register : mic_block_count_i13
   Register : mic_block_count_i12
   Register : mic_block_count_i11
   Register : mic_block_count_i10
   Register : mic_block_count_i9
   Register : mic_block_count_i8
   Register : mic_block_count_i7
   Register : mic_block_count_i6
   Register : mic_block_count_i5
   Register : mic_block_count_i4
   Register : mic_block_count_i3
   Register : mic_block_count_i2
   Register : mic_block_count_i1
   Register : mic_run_state_i1

                                   Page 21




Design:  umh_fpga_top                                  Date:  09/29/26  19:07:16

GSR Usage (cont)
----------------
   Register : mic_cfg_settle_i2
   Register : mic_ram_wr_addr_i0_i8
   Register : mic_ram_wr_addr_i0_i7
   Register : mic_ram_wr_addr_i0_i6
   Register : mic_ram_wr_addr_i0_i5
   Register : mic_ram_wr_addr_i0_i4
   Register : mic_ram_wr_addr_i0_i3
   Register : mic_ram_wr_addr_i0_i1
   Register : mic_warm_half_2604__i7
   Register : mic_warm_half_2604__i6
   Register : mic_warm_half_2604__i5
   Register : mic_warm_half_2604__i4
   Register : mic_warm_half_2604__i3
   Register : mic_warm_half_2604__i2
   Register : mic_warm_half_2604__i1
   Register : build_level_eff_i7
   Register : build_level_eff_i6
   Register : build_level_eff_i5
   Register : build_level_eff_i4
   Register : build_level_eff_i3
   Register : build_level_eff_i2
   Register : build_level_eff_i1
   Register : frame_settle__i3
   Register : ws2812_settle_i0_i3
   Register : ws2812_settle_i0_i2
   Register : ws2812_settle_i0_i1
   Register : frame_toggle_spi_1103
   Register : ws2812_toggle_spi_1106
   Register : invalid_frame_spi_1102
   Register : stop_toggle_spi_1105
   Register : mic_cfg_toggle_spi_1107
   Register : mic_bc_valid_1174
   Register : wrap_s2_1113
   Register : mic_cfg_gap_i15
   Register : audio_settle__i3
   Register : mic_phase__i1
   Register : mic_phase__i2
   Register : mic_phase__i3
   Register : link_idle__i1
   Register : link_idle__i2
   Register : link_idle__i3
   Register : mic_xor_q_3___i2
   Register : mic_xor_q_3___i3
   Register : mic_xor_q_3___i4
   Register : mic_xor_q_3___i5
   Register : mic_xor_q_3___i6
   Register : mic_xor_q_3___i7
   Register : mic_xor_q_3___i8
   Register : mic_xor_q_3___i9
   Register : mic_xor_q_3___i10
   Register : mic_xor_q_3___i11
   Register : mic_xor_q_3___i12
   Register : mic_xor_q_3___i13
   Register : mic_xor_q_3___i14
   Register : mic_xor_q_3___i15
   Register : mic_xor_q_3___i16

                                   Page 22




Design:  umh_fpga_top                                  Date:  09/29/26  19:07:16

GSR Usage (cont)
----------------
   Register : mic_xor_q_3___i17
   Register : mic_xor_q_3___i18
   Register : mic_xor_q_3___i19
   Register : mic_xor_q_3___i20
   Register : mic_xor_q_3___i21
   Register : mic_xor_q_3___i22
   Register : mic_xor_q_3___i23
   Register : mic_xor_q_3___i24
   Register : mic_xor_q_3___i25
   Register : mic_xor_q_3___i26
   Register : mic_xor_q_3___i27
   Register : mic_xor_q_3___i28
   Register : ev_run_hold_s5__i1
   Register : ev_run_hold_s5__i2
   Register : ev_run_hold_s5__i3
   Register : ev_run_hold_s5__i4
   Register : ev_run_hold_s5__i5
   Register : ev_run_hold_s5__i6
   Register : ev_run_hold_s5__i7
   Register : ev_run_hold_s5__i8
   Register : ev_run_hold_s5__i9
   Register : ev_run_hold_s5__i10
   Register : ev_run_hold_s5__i11
   Register : ev_run_hold_s5__i12
   Register : ev_run_hold_s5__i13
   Register : ev_run_hold_s5__i14
   Register : ev_run_hold_s5__i15
   Register : ev_run_hold_s5__i16
   Register : ev_run_hold_s5__i17
   Register : ev_run_hold_s5__i18
   Register : ev_run_hold_s5__i19
   Register : ev_run_hold_s5__i20
   Register : ev_run_hold_s5__i21
   Register : ev_run_hold_s5__i22
   Register : ev_run_hold_s5__i23
   Register : ev_run_hold_s5__i24
   Register : ev_run_hold_s5__i25
   Register : ev_run_hold_s5__i26
   Register : ev_run_hold_s5__i27
   Register : ev_run_hold_s5__i28
   Register : ev_run_hold_s5__i29
   Register : ev_run_hold_s5__i30
   Register : ev_run_hold_s5__i31
   Register : ev_run_hold_s5__i32
   Register : ev_run_hold_s5__i33
   Register : ev_run_hold_s5__i34
   Register : ev_run_hold_s5__i35
   Register : ev_run_hold_s5__i36
   Register : ev_run_hold_s5__i37
   Register : ev_run_hold_s5__i38
   Register : ev_run_hold_s5__i39
   Register : ev_run_hold_s5__i40
   Register : ev_run_hold_s5__i41
   Register : ev_run_hold_s5__i42
   Register : ev_run_hold_s5__i43
   Register : ev_run_hold_s5__i44

                                   Page 23




Design:  umh_fpga_top                                  Date:  09/29/26  19:07:16

GSR Usage (cont)
----------------
   Register : ev_run_hold_s5__i45
   Register : ev_run_hold_s5__i46
   Register : ev_run_hold_s5__i47
   Register : ev_run_hold_s5__i48
   Register : ev_run_hold_s5__i49
   Register : ev_run_hold_s5__i50
   Register : ev_run_hold_s5__i51
   Register : ev_run_hold_s5__i52
   Register : ev_run_hold_s5__i53
   Register : ev_run_hold_s5__i54
   Register : ev_run_hold_s5__i55
   Register : ev_run_hold_s5__i56
   Register : ev_run_hold_s5__i57
   Register : ev_run_hold_s5__i58
   Register : ev_run_hold_s5__i59
   Register : ev_run_hold_s5__i60
   Register : ev_run_hold_s5__i61
   Register : ev_run_hold_s5__i62
   Register : ev_run_hold_s5__i63
   Register : ev_run_hold_s5__i64
   Register : ev_run_hold_s5__i65
   Register : ev_run_hold_s5__i66
   Register : ev_run_hold_s5__i67
   Register : ev_run_hold_s5__i68
   Register : ev_run_hold_s5__i69
   Register : ev_run_hold_s5__i70
   Register : ev_run_hold_s5__i71
   Register : ev_run_hold_s5__i72
   Register : ev_run_hold_s5__i73
   Register : ev_run_hold_s5__i74
   Register : ev_run_hold_s5__i75
   Register : ev_run_hold_s5__i76
   Register : ev_run_hold_s5__i77
   Register : ev_run_hold_s5__i78
   Register : ev_run_hold_s5__i79
   Register : ev_run_hold_s5__i80
   Register : ev_run_hold_s5__i81
   Register : ev_run_hold_s5__i82
   Register : ev_run_hold_s5__i83
   Register : frame_settle__i1
   Register : frame_settle__i2
   Register : status_hold__i2
   Register : status_hold__i3
   Register : status_hold__i4
   Register : status_hold__i5
   Register : status_hold__i6
   Register : status_hold__i7
   Register : status_hold__i8
   Register : status_hold__i9
   Register : status_hold__i10
   Register : status_hold__i11
   Register : status_hold__i12
   Register : status_hold__i13
   Register : status_hold__i14
   Register : status_hold__i15
   Register : status_hold__i16

                                   Page 24




Design:  umh_fpga_top                                  Date:  09/29/26  19:07:16

GSR Usage (cont)
----------------
   Register : status_hold__i17
   Register : status_hold__i18
   Register : status_hold__i19
   Register : status_hold__i20
   Register : status_hold__i21
   Register : status_hold__i22
   Register : status_hold__i23
   Register : status_hold__i24
   Register : status_hold__i25
   Register : status_hold__i26
   Register : status_hold__i27
   Register : status_hold__i28
   Register : status_hold__i29
   Register : status_hold__i30
   Register : status_hold__i31
   Register : status_hold__i32
   Register : status_hold__i33
   Register : status_hold__i34
   Register : status_hold__i35
   Register : status_hold__i36
   Register : status_hold__i37
   Register : status_hold__i38
   Register : status_hold__i39
   Register : status_hold__i40
   Register : status_hold__i41
   Register : status_hold__i42
   Register : status_hold__i43
   Register : status_hold__i44
   Register : status_hold__i45
   Register : status_hold__i46
   Register : status_hold__i47
   Register : status_hold__i48
   Register : status_hold__i49
   Register : status_hold__i50
   Register : status_hold__i51
   Register : status_hold__i52
   Register : status_hold__i53
   Register : status_hold__i54
   Register : status_hold__i55
   Register : status_hold__i56
   Register : status_hold__i57
   Register : status_hold__i58
   Register : status_hold__i59
   Register : status_hold__i60
   Register : status_hold__i61
   Register : status_hold__i62
   Register : accepted_sequence_i1
   Register : mic_cfg_gap_i14
   Register : mic_cfg_gap_i13
   Register : mic_cfg_gap_i12
   Register : mic_cfg_gap_i11
   Register : mic_cfg_gap_i10
   Register : mic_cfg_gap_i9
   Register : mic_cfg_gap_i8
   Register : mic_cfg_gap_i7
   Register : mic_cfg_gap_i6

                                   Page 25




Design:  umh_fpga_top                                  Date:  09/29/26  19:07:16

GSR Usage (cont)
----------------
   Register : mic_cfg_gap_i5
   Register : mic_cfg_gap_i4
   Register : mic_cfg_gap_i3
   Register : accepted_sequence_i2
   Register : accepted_sequence_i3
   Register : accepted_sequence_i4
   Register : accepted_sequence_i5
   Register : accepted_sequence_i6
   Register : accepted_sequence_i7
   Register : accepted_sequence_i8
   Register : accepted_sequence_i9
   Register : accepted_sequence_i10
   Register : accepted_sequence_i11
   Register : accepted_sequence_i12
   Register : accepted_sequence_i13
   Register : accepted_sequence_i14
   Register : accepted_sequence_i15
   Register : run_addr_s3_i1
   Register : run_addr_s3_i2
   Register : run_addr_s3_i3
   Register : run_addr_s3_i4
   Register : run_addr_s3_i5
   Register : run_addr_s3_i6
   Register : run_addr_s3_i7
   Register : run_addr_s3_i8
   Register : afifo_wr_i0_i1
   Register : afifo_wr_i0_i2
   Register : afifo_wr_i0_i3
   Register : afifo_wr_i0_i4
   Register : afifo_wr_i0_i5
   Register : afifo_wr_i0_i6
   Register : afifo_wr_i0_i7
   Register : rmw_slot_i0_i1
   Register : rmw_slot_i0_i2
   Register : rmw_slot_i0_i3
   Register : rmw_slot_i0_i4
   Register : rmw_slot_i0_i5
   Register : rmw_slot_i0_i6
   Register : rmw_slot_i0_i7
   Register : pending_sequence_i0_i1
   Register : pending_sequence_i0_i2
   Register : pending_sequence_i0_i3
   Register : pending_sequence_i0_i4
   Register : pending_sequence_i0_i5
   Register : pending_sequence_i0_i6
   Register : pending_sequence_i0_i7
   Register : pending_sequence_i0_i8
   Register : pending_sequence_i0_i9
   Register : pending_sequence_i0_i10
   Register : pending_sequence_i0_i11
   Register : pending_sequence_i0_i12
   Register : pending_sequence_i0_i13
   Register : pending_sequence_i0_i14
   Register : pending_sequence_i0_i15
   Register : mic_shift_0_l_i0_i1
   Register : mic_shift_0_l_i0_i2

                                   Page 26




Design:  umh_fpga_top                                  Date:  09/29/26  19:07:16

GSR Usage (cont)
----------------
   Register : mic_shift_0_l_i0_i3
   Register : mic_shift_0_l_i0_i4
   Register : mic_shift_0_l_i0_i5
   Register : mic_shift_0_l_i0_i6
   Register : mic_shift_0_l_i0_i7
   Register : mic_shift_0_l_i0_i8
   Register : mic_shift_0_l_i0_i9
   Register : mic_shift_0_l_i0_i10
   Register : mic_shift_0_l_i0_i11
   Register : mic_shift_0_l_i0_i12
   Register : mic_shift_0_l_i0_i13
   Register : mic_shift_0_l_i0_i14
   Register : mic_shift_0_l_i0_i15
   Register : mic_shift_1_l_i0_i1
   Register : mic_shift_1_l_i0_i2
   Register : mic_shift_1_l_i0_i3
   Register : mic_shift_1_l_i0_i4
   Register : mic_shift_1_l_i0_i5
   Register : mic_shift_1_l_i0_i6
   Register : mic_shift_1_l_i0_i7
   Register : mic_shift_1_l_i0_i8
   Register : mic_shift_1_l_i0_i9
   Register : mic_shift_1_l_i0_i10
   Register : mic_shift_1_l_i0_i11
   Register : mic_shift_1_l_i0_i12
   Register : mic_shift_1_l_i0_i13
   Register : mic_shift_1_l_i0_i14
   Register : mic_shift_1_l_i0_i15
   Register : mic_shift_0_r__i2
   Register : mic_shift_0_r__i3
   Register : mic_shift_0_r__i4
   Register : mic_shift_0_r__i5
   Register : mic_shift_0_r__i6
   Register : mic_shift_0_r__i7
   Register : mic_shift_0_r__i8
   Register : mic_shift_0_r__i9
   Register : mic_shift_0_r__i10
   Register : mic_shift_0_r__i11
   Register : mic_shift_0_r__i12
   Register : mic_shift_0_r__i13
   Register : mic_shift_0_r__i14
   Register : mic_shift_0_r__i15
   Register : mic_shift_1_r__i2
   Register : mic_shift_1_r__i3
   Register : mic_shift_1_r__i4
   Register : mic_shift_1_r__i5
   Register : mic_shift_1_r__i6
   Register : mic_shift_1_r__i7
   Register : mic_shift_1_r__i8
   Register : mic_shift_1_r__i9
   Register : mic_shift_1_r__i10
   Register : mic_shift_1_r__i11
   Register : mic_shift_1_r__i12
   Register : mic_shift_1_r__i13
   Register : mic_shift_1_r__i14
   Register : mic_shift_1_r__i15

                                   Page 27




Design:  umh_fpga_top                                  Date:  09/29/26  19:07:16

GSR Usage (cont)
----------------
   Register : mic_latest_i0_i1
   Register : mic_latest_i0_i2
   Register : mic_latest_i0_i3
   Register : mic_latest_i0_i4
   Register : mic_latest_i0_i5
   Register : mic_latest_i0_i6
   Register : mic_latest_i0_i7
   Register : mic_latest_i0_i8
   Register : mic_latest_i0_i9
   Register : mic_latest_i0_i10
   Register : mic_latest_i0_i11
   Register : mic_latest_i0_i12
   Register : mic_latest_i0_i13
   Register : mic_latest_i0_i14
   Register : mic_latest_i0_i15
   Register : mic_latest_i0_i16
   Register : mic_latest_i0_i17
   Register : mic_latest_i0_i18
   Register : mic_latest_i0_i19
   Register : mic_latest_i0_i20
   Register : mic_latest_i0_i21
   Register : mic_latest_i0_i22
   Register : mic_latest_i0_i23
   Register : mic_latest_i0_i24
   Register : mic_latest_i0_i25
   Register : mic_latest_i0_i26
   Register : mic_latest_i0_i27
   Register : mic_latest_i0_i28
   Register : mic_latest_i0_i29
   Register : mic_latest_i0_i30
   Register : mic_latest_i0_i31
   Register : mic_latest_i0_i32
   Register : mic_latest_i0_i33
   Register : mic_latest_i0_i34
   Register : mic_latest_i0_i35
   Register : mic_latest_i0_i36
   Register : mic_latest_i0_i37
   Register : mic_latest_i0_i38
   Register : mic_latest_i0_i39
   Register : mic_latest_i0_i40
   Register : mic_latest_i0_i41
   Register : mic_latest_i0_i42
   Register : mic_latest_i0_i43
   Register : mic_latest_i0_i44
   Register : mic_latest_i0_i45
   Register : mic_latest_i0_i46
   Register : mic_latest_i0_i47
   Register : mic_latest_i0_i48
   Register : mic_latest_i0_i49
   Register : mic_latest_i0_i50
   Register : mic_latest_i0_i51
   Register : mic_latest_i0_i52
   Register : mic_latest_i0_i53
   Register : mic_latest_i0_i54
   Register : mic_latest_i0_i55
   Register : mic_latest_i0_i56

                                   Page 28




Design:  umh_fpga_top                                  Date:  09/29/26  19:07:16

GSR Usage (cont)
----------------
   Register : mic_latest_i0_i57
   Register : mic_latest_i0_i58
   Register : mic_latest_i0_i59
   Register : mic_latest_i0_i60
   Register : mic_latest_i0_i61
   Register : mic_latest_i0_i62
   Register : mic_latest_i0_i63
   Register : mic_win_i_3___i2
   Register : mic_win_i_3___i3
   Register : mic_win_i_3___i4
   Register : mic_win_i_3___i5
   Register : mic_win_i_3___i6
   Register : mic_win_i_3___i7
   Register : mic_win_i_3___i8
   Register : mic_win_i_3___i9
   Register : mic_win_i_3___i10
   Register : mic_win_i_3___i11
   Register : mic_win_i_3___i12
   Register : mic_win_i_3___i13
   Register : mic_win_i_3___i14
   Register : mic_win_i_3___i15
   Register : mic_win_i_3___i16
   Register : mic_win_i_3___i17
   Register : mic_win_i_3___i18
   Register : mic_win_i_3___i19
   Register : mic_win_i_3___i20
   Register : mic_win_i_3___i21
   Register : mic_win_i_3___i22
   Register : mic_win_i_3___i23
   Register : mic_win_i_3___i24
   Register : mic_win_i_3___i25
   Register : mic_win_i_3___i26
   Register : mic_win_i_3___i27
   Register : mic_win_i_3___i28
   Register : mic_win_q_3___i2
   Register : mic_win_q_3___i3
   Register : mic_win_q_3___i4
   Register : mic_win_q_3___i5
   Register : mic_win_q_3___i6
   Register : mic_win_q_3___i7
   Register : mic_win_q_3___i8
   Register : mic_win_q_3___i9
   Register : mic_win_q_3___i10
   Register : mic_win_q_3___i11
   Register : mic_win_q_3___i12
   Register : mic_win_q_3___i13
   Register : mic_win_q_3___i14
   Register : mic_win_q_3___i15
   Register : mic_win_q_3___i16
   Register : mic_win_q_3___i17
   Register : mic_win_q_3___i18
   Register : mic_win_q_3___i19
   Register : mic_win_q_3___i20
   Register : mic_win_q_3___i21
   Register : mic_win_q_3___i22
   Register : mic_win_q_3___i23

                                   Page 29




Design:  umh_fpga_top                                  Date:  09/29/26  19:07:16

GSR Usage (cont)
----------------
   Register : mic_win_q_3___i24
   Register : mic_win_q_3___i25
   Register : mic_win_q_3___i26
   Register : mic_win_q_3___i27
   Register : mic_win_q_3___i28
   Register : mic_ram_wr_addr_i0_i2
   Register : mic_cfg_settle_i1
   Register : mic_cfg_settle_i3
   Register : mic_gate_index_i1
   Register : mic_gate_index_i2
   Register : mic_gate_index_i3
   Register : mic_gate_index_i4
   Register : mic_gate_index_i5
   Register : mic_gate_index_i6
   Register : mic_gate_fill_i1
   Register : mic_gate_fill_i2
   Register : mic_gate_fill_i3
   Register : mic_gate_fill_i4
   Register : mic_gate_fill_i5
   Register : mic_gate_fill_i6
   Register : mic_gate_wait_i1
   Register : mic_gate_wait_i2
   Register : mic_gate_wait_i3
   Register : mic_gate_wait_i4
   Register : mic_gate_wait_i5
   Register : mic_gate_wait_i6
   Register : mic_gate_wait_i7
   Register : mic_gate_wait_i8
   Register : mic_gate_wait_i9
   Register : mic_gate_wait_i10
   Register : mic_gate_wait_i11
   Register : mic_gate_wait_i12
   Register : mic_gate_wait_i13
   Register : mic_gate_wait_i14
   Register : mic_gate_wait_i15
   Register : mic_acc_state_i1
   Register : us_tx_i2
   Register : us_tx_i3
   Register : us_tx_i4
   Register : us_tx_i5
   Register : us_tx_i6
   Register : us_tx_i7
   Register : us_tx_i8
   Register : us_tx_i9
   Register : us_tx_i10
   Register : us_tx_i11
   Register : us_tx_i12
   Register : us_tx_i13
   Register : us_tx_i14
   Register : us_tx_i15
   Register : us_tx_i16
   Register : us_tx_i17
   Register : us_tx_i18
   Register : us_tx_i19
   Register : us_tx_i20
   Register : us_tx_i21

                                   Page 30




Design:  umh_fpga_top                                  Date:  09/29/26  19:07:16

GSR Usage (cont)
----------------
   Register : us_tx_i22
   Register : us_tx_i23
   Register : us_tx_i24
   Register : us_tx_i25
   Register : us_tx_i26
   Register : us_tx_i27
   Register : us_tx_i28
   Register : us_tx_i29
   Register : us_tx_i30
   Register : us_tx_i31
   Register : us_tx_i32
   Register : us_tx_i33
   Register : us_tx_i34
   Register : us_tx_i35
   Register : us_tx_i36
   Register : us_tx_i37
   Register : us_tx_i38
   Register : us_tx_i39
   Register : us_tx_i40
   Register : us_tx_i41
   Register : us_tx_i42
   Register : us_tx_i43
   Register : us_tx_i44
   Register : us_tx_i45
   Register : us_tx_i46
   Register : us_tx_i47
   Register : us_tx_i48
   Register : us_tx_i49
   Register : us_tx_i50
   Register : us_tx_i51
   Register : us_tx_i52
   Register : us_tx_i53
   Register : us_tx_i54
   Register : us_tx_i55
   Register : us_tx_i56
   Register : us_tx_i57
   Register : us_tx_i58
   Register : us_tx_i59
   Register : us_tx_i60
   Register : us_tx_i61
   Register : us_tx_i62
   Register : us_tx_i63
   Register : us_tx_i64
   Register : us_tx_i65
   Register : us_tx_i66
   Register : us_tx_i67
   Register : us_tx_i68
   Register : us_tx_i69
   Register : us_tx_i70
   Register : us_tx_i71
   Register : us_tx_i72
   Register : us_tx_i73
   Register : us_tx_i74
   Register : us_tx_i75
   Register : us_tx_i76
   Register : us_tx_i77

                                   Page 31




Design:  umh_fpga_top                                  Date:  09/29/26  19:07:16

GSR Usage (cont)
----------------
   Register : us_tx_i78
   Register : us_tx_i79
   Register : us_tx_i80
   Register : us_tx_i81
   Register : us_tx_i82
   Register : us_tx_i83
   Register : us_tx_i84
   Register : pll_lock_sync_i1
   Register : mic_stream_i/bit_count_i0
   Register : mic_stream_i/shift_register_i95
   Register : mic_stream_i/shift_register_i94
   Register : mic_stream_i/shift_register_i93
   Register : mic_stream_i/shift_register_i92
   Register : mic_stream_i/shift_register_i91
   Register : mic_stream_i/shift_register_i90
   Register : mic_stream_i/shift_register_i89
   Register : mic_stream_i/shift_register_i72
   Register : mic_stream_i/shift_register_i71
   Register : mic_stream_i/shift_register_i70
   Register : mic_stream_i/shift_register_i69
   Register : mic_stream_i/shift_register_i68
   Register : mic_stream_i/shift_register_i67
   Register : mic_stream_i/shift_register_i66
   Register : mic_stream_i/shift_register_i48
   Register : mic_stream_i/shift_register_i47
   Register : mic_stream_i/shift_register_i46
   Register : mic_stream_i/shift_register_i45
   Register : mic_stream_i/shift_register_i44
   Register : mic_stream_i/shift_register_i43
   Register : mic_stream_i/shift_register_i41
   Register : mic_stream_i/shift_register_i24
   Register : mic_stream_i/shift_register_i23
   Register : mic_stream_i/shift_register_i22
   Register : mic_stream_i/shift_register_i21
   Register : mic_stream_i/shift_register_i20
   Register : mic_stream_i/shift_register_i19
   Register : mic_stream_i/bit_count_i6
   Register : mic_stream_i/bit_count_i5
   Register : mic_stream_i/bit_count_i4
   Register : mic_stream_i/bit_count_i3
   Register : mic_stream_i/bit_count_i2
   Register : mic_stream_i/bit_count_i1
   Register : mic_stream_i/shift_register_i1
   Register : mic_stream_i/shift_register_i2
   Register : mic_stream_i/shift_register_i3
   Register : mic_stream_i/shift_register_i4
   Register : mic_stream_i/shift_register_i5
   Register : mic_stream_i/shift_register_i6
   Register : mic_stream_i/shift_register_i7
   Register : mic_stream_i/shift_register_i8
   Register : mic_stream_i/shift_register_i9
   Register : mic_stream_i/shift_register_i10
   Register : mic_stream_i/shift_register_i11
   Register : mic_stream_i/shift_register_i12
   Register : mic_stream_i/shift_register_i13
   Register : mic_stream_i/shift_register_i14

                                   Page 32




Design:  umh_fpga_top                                  Date:  09/29/26  19:07:16

GSR Usage (cont)
----------------
   Register : mic_stream_i/shift_register_i15
   Register : mic_stream_i/shift_register_i16
   Register : mic_stream_i/shift_register_i17
   Register : mic_stream_i/shift_register_i18
   Register : mic_stream_i/shift_register_i25
   Register : mic_stream_i/shift_register_i26
   Register : mic_stream_i/shift_register_i27
   Register : mic_stream_i/shift_register_i28
   Register : mic_stream_i/shift_register_i29
   Register : mic_stream_i/shift_register_i30
   Register : mic_stream_i/shift_register_i31
   Register : mic_stream_i/shift_register_i32
   Register : mic_stream_i/shift_register_i33
   Register : mic_stream_i/shift_register_i34
   Register : mic_stream_i/shift_register_i35
   Register : mic_stream_i/shift_register_i36
   Register : mic_stream_i/shift_register_i37
   Register : mic_stream_i/shift_register_i38
   Register : mic_stream_i/shift_register_i39
   Register : mic_stream_i/shift_register_i40
   Register : mic_stream_i/shift_register_i42
   Register : mic_stream_i/shift_register_i49
   Register : mic_stream_i/shift_register_i50
   Register : mic_stream_i/shift_register_i51
   Register : mic_stream_i/shift_register_i52
   Register : mic_stream_i/shift_register_i53
   Register : mic_stream_i/shift_register_i54
   Register : mic_stream_i/shift_register_i55
   Register : mic_stream_i/shift_register_i56
   Register : mic_stream_i/shift_register_i57
   Register : mic_stream_i/shift_register_i58
   Register : mic_stream_i/shift_register_i59
   Register : mic_stream_i/shift_register_i60
   Register : mic_stream_i/shift_register_i61
   Register : mic_stream_i/shift_register_i62
   Register : mic_stream_i/shift_register_i63
   Register : mic_stream_i/shift_register_i64
   Register : mic_stream_i/shift_register_i65
   Register : mic_stream_i/shift_register_i73
   Register : mic_stream_i/shift_register_i74
   Register : mic_stream_i/shift_register_i75
   Register : mic_stream_i/shift_register_i76
   Register : mic_stream_i/shift_register_i77
   Register : mic_stream_i/shift_register_i78
   Register : mic_stream_i/shift_register_i79
   Register : mic_stream_i/shift_register_i80
   Register : mic_stream_i/shift_register_i81
   Register : mic_stream_i/shift_register_i82
   Register : mic_stream_i/shift_register_i83
   Register : mic_stream_i/shift_register_i84
   Register : mic_stream_i/shift_register_i85
   Register : mic_stream_i/shift_register_i86
   Register : mic_stream_i/shift_register_i87
   Register : mic_stream_i/shift_register_i88
   Register : mic_window_count__i1
   Register : mic_cfg_gap_i2

                                   Page 33




Design:  umh_fpga_top                                  Date:  09/29/26  19:07:16

GSR Usage (cont)
----------------
   Register : mic_cfg_gap_i1
   Register : mic_cfg_count_i5
   Register : mic_cfg_count_i4
   Register : mic_window_count__i2
   Register : mic_window_count__i3
   Register : mic_window_count__i4
   Register : mic_window_count__i5
   Register : mic_window_count__i6
   Register : mic_cfg_count_i3
   Register : audio_settle__i1
   Register : audio_settle__i2
   Register : mic_sample_count_2605__i1
   Register : mic_sample_count_2605__i2
   Register : mic_sample_count_2605__i3
   Register : mic_sample_count_2605__i4
   Register : afifo_wr_spi_2598__i1
   Register : mic_cfg_count_i2
   Register : afifo_wr_spi_2598__i2
   Register : afifo_wr_spi_2598__i3
   Register : afifo_wr_spi_2598__i4
   Register : afifo_wr_spi_2598__i5
   Register : afifo_wr_spi_2598__i6
   Register : afifo_wr_spi_2598__i7
   Register : global_phase_s2_2599__i1
   Register : global_phase_s2_2599__i2
   Register : global_phase_s2_2599__i3
   Register : global_phase_s2_2599__i4
   Register : global_phase_s2_2599__i5
   Register : global_phase_s2_2599__i6
   Register : global_phase_s2_2599__i7
   Register : time_divider_2600__i1
   Register : time_divider_2600__i2
   Register : time_divider_2600__i3
   Register : time_divider_2600__i4
   Register : time_divider_2600__i5
   Register : fpga_time_2601__i1
   Register : fpga_time_2601__i2
   Register : fpga_time_2601__i3
   Register : fpga_time_2601__i4
   Register : fpga_time_2601__i5
   Register : fpga_time_2601__i6
   Register : fpga_time_2601__i7
   Register : fpga_time_2601__i8
   Register : fpga_time_2601__i9
   Register : fpga_time_2601__i10
   Register : fpga_time_2601__i11
   Register : fpga_time_2601__i12
   Register : fpga_time_2601__i13
   Register : fpga_time_2601__i14
   Register : fpga_time_2601__i15
   Register : fpga_time_2601__i16
   Register : fpga_time_2601__i17
   Register : fpga_time_2601__i18
   Register : fpga_time_2601__i19
   Register : fpga_time_2601__i20
   Register : fpga_time_2601__i21

                                   Page 34




Design:  umh_fpga_top                                  Date:  09/29/26  19:07:16

GSR Usage (cont)
----------------
   Register : fpga_time_2601__i22
   Register : fpga_time_2601__i23
   Register : fpga_time_2601__i24
   Register : fpga_time_2601__i25
   Register : fpga_time_2601__i26
   Register : fpga_time_2601__i27
   Register : fpga_time_2601__i28
   Register : fpga_time_2601__i29
   Register : fpga_time_2601__i30
   Register : fpga_time_2601__i31
   Register : mic_clock_reg_1165
   Register : mic_cfg_count_i1
   Register : mic_ram_wr_data_i0_i0
   Register : mic_gate_fill_i0
   Register : ws2812_i/state__i0
   Register : ws2812_i/bit_cell_count_i0_i4
   Register : ws2812_i/bit_cell_count_i0_i3
   Register : ws2812_i/bit_cell_count_i0_i2
   Register : ws2812_i/bit_cell_count_i0_i1
   Register : ws2812_i/state__i1
   Register : ws2812_i/data_out_reg_46
   Register : ws2812_i/bit_number_i0_i0
   Register : ws2812_i/reset_count__i0
   Register : ws2812_i/shift_register_i0_i0
   Register : ws2812_i/shift_register_i0_i1
   Register : ws2812_i/shift_register_i0_i2
   Register : ws2812_i/shift_register_i0_i3
   Register : ws2812_i/shift_register_i0_i4
   Register : ws2812_i/shift_register_i0_i5
   Register : ws2812_i/shift_register_i0_i6
   Register : ws2812_i/shift_register_i0_i7
   Register : ws2812_i/shift_register_i0_i8
   Register : ws2812_i/shift_register_i0_i9
   Register : ws2812_i/shift_register_i0_i10
   Register : ws2812_i/shift_register_i0_i11
   Register : ws2812_i/shift_register_i0_i12
   Register : ws2812_i/shift_register_i0_i13
   Register : ws2812_i/shift_register_i0_i14
   Register : ws2812_i/shift_register_i0_i15
   Register : ws2812_i/shift_register_i0_i16
   Register : ws2812_i/shift_register_i0_i17
   Register : ws2812_i/shift_register_i0_i18
   Register : ws2812_i/shift_register_i0_i19
   Register : ws2812_i/shift_register_i0_i20
   Register : ws2812_i/shift_register_i0_i21
   Register : ws2812_i/shift_register_i0_i22
   Register : ws2812_i/shift_register_i0_i23
   Register : ws2812_i/bit_number_i0_i4
   Register : ws2812_i/bit_number_i0_i3
   Register : ws2812_i/bit_number_i0_i2
   Register : ws2812_i/bit_number_i0_i1
   Register : ws2812_i/reset_count__i15
   Register : ws2812_i/reset_count__i14
   Register : ws2812_i/reset_count__i13
   Register : ws2812_i/reset_count__i12
   Register : ws2812_i/reset_count__i11

                                   Page 35




Design:  umh_fpga_top                                  Date:  09/29/26  19:07:16

GSR Usage (cont)
----------------
   Register : ws2812_i/reset_count__i10
   Register : ws2812_i/reset_count__i9
   Register : ws2812_i/reset_count__i8
   Register : ws2812_i/reset_count__i7
   Register : ws2812_i/reset_count__i6
   Register : ws2812_i/reset_count__i5
   Register : ws2812_i/reset_count__i4
   Register : ws2812_i/reset_count__i3
   Register : ws2812_i/bit_cell_count_i0_i0
   Register : ws2812_i/reset_count__i2
   Register : ws2812_i/reset_count__i1
   Register : ws2812_i/bit_cell_count_i0_i7
   Register : ws2812_i/bit_cell_count_i0_i6
   Register : ws2812_i/bit_cell_count_i0_i5
   Register : mic_gate_index_i0
   Register : mic_block_count_i0
   Register : mic_cfg_gap_i0
   Register : mic_warm_1166
   Register : mic_warm_half_2604__i0
   Register : build_level_eff_i0
   Register : ev_run_hold_s5__i0
   Register : staging_ram/rd_data_i0
   Register : staging_ram/mem_2836
   Register : staging_ram/mem_2834
   Register : staging_ram/mem_2832
   Register : staging_ram/mem_2838
   Register : staging_ram/mem_2840
   Register : staging_ram/mem_2842
   Register : staging_ram/mem_2844
   Register : staging_ram/rd_data_i1
   Register : staging_ram/rd_data_i2
   Register : staging_ram/rd_data_i3
   Register : staging_ram/rd_data_i4
   Register : staging_ram/rd_data_i5
   Register : staging_ram/rd_data_i6
   Register : staging_ram/rd_data_i7
   Register : staging_ram/rd_data_i8
   Register : staging_ram/rd_data_i9
   Register : staging_ram/rd_data_i10
   Register : staging_ram/rd_data_i11
   Register : staging_ram/rd_data_i12
   Register : staging_ram/rd_data_i13
   Register : staging_ram/rd_data_i14
   Register : staging_ram/rd_data_i15
   PDPW8KC : event_ram/mem1
   PDPW8KC : event_ram/mem0
   PDPW8KC : event_ram/mem4
   PDPW8KC : event_ram/mem3
   PDPW8KC : event_ram/mem2
   DP8KC : audio_fifo/mem0
   PDPW8KC : mic_iq_ram/mem0
   PDPW8KC : staging_ram/mem0

     Components with synchronous local reset also reset by asynchronous GSR
----------------------------------------------------------------------


                                   Page 36




Design:  umh_fpga_top                                  Date:  09/29/26  19:07:16

GSR Usage (cont)
----------------
     These components have the GSR property set to ENABLED and the local reset
     is synchronous. The components will respond to the synchronous local reset
     and to the unrelated asynchronous reset signal 'fpga_cs_n_c' via the GSR
     component.

     Type and number of components of the type: 
   Register = 2 

     Type and instance name of component: 
   Register : spi_channel_field_2595__i0
   Register : spi_channel_field_2595__i1

Run Time and Memory Usage
-------------------------

   Total CPU Time: 0 secs  
   Total REAL Time: 0 secs  
   Peak Memory Usage: 60 MB
        






































                                   Page 37


Copyright (c) 1991-1994 by NeoCAD Inc. All rights reserved.
     Copyright (c) 1995 AT&T Corp.   All rights reserved.
     Copyright (c) 1995-2001 Lucent Technologies Inc.  All rights reserved.
     Copyright (c) 2001 Agere Systems   All rights reserved.
     Copyright (c) 2002-2023 Lattice Semiconductor Corporation,  All rights
     reserved.
