--------------------------------------------------------------------------------
Lattice Synthesis Timing Report, Version  
Tue Sep 15 22:11:33 2026

Copyright (c) 1991-1994 by NeoCAD Inc. All rights reserved.
Copyright (c) 1995 AT&T Corp.   All rights reserved.
Copyright (c) 1995-2001 Lucent Technologies Inc.  All rights reserved.
Copyright (c) 2001 Agere Systems   All rights reserved.
Copyright (c) 2002-2023 Lattice Semiconductor Corporation,  All rights reserved.

Report Information
------------------
Design:     umh_fpga_top
Constraint file:  
Report level:    verbose report, limited to 3 items per constraint
--------------------------------------------------------------------------------



================================================================================
Constraint: create_clock -period 7.812500 -name clk2 [get_nets spi_mic_sck_c]
            1696 items scored, 0 timing errors detected.
--------------------------------------------------------------------------------


Passed:  The following path meets requirements by 1.147ns

 Logical Details:  Cell type  Pin type       Cell name  (clock net +/-)

   Source:         FD1S3DX    CK             \mic_stream_i/bit_count_i0  (from spi_mic_sck_c +)
   Destination:    FD1P3DX    D              \mic_stream_i/bit_count_i6  (to spi_mic_sck_c -)

   Delay:                   6.505ns  (29.6% logic, 70.4% route), 4 logic levels.

 Constraint Details:

      6.505ns data_path \mic_stream_i/bit_count_i0 to \mic_stream_i/bit_count_i6 meets
      7.812ns delay constraint less
      0.160ns L_S requirement (totaling 7.652ns) by 1.147ns

 Path Details: \mic_stream_i/bit_count_i0 to \mic_stream_i/bit_count_i6

   Name    Fanout   Delay (ns)          Pins               Resource(Cell.Net)
L_CO        ---     0.444             CK to Q              \mic_stream_i/bit_count_i0 (from spi_mic_sck_c)
Route         7   e 1.559                                  \mic_stream_i/bit_count[0]
LUT4        ---     0.493              B to Z              \mic_stream_i/i1696_2_lut_rep_142
Route         2   e 1.141                                  \mic_stream_i/n26076
LUT4        ---     0.493              B to Z              \mic_stream_i/i1717_2_lut_rep_98_3_lut_4_lut
Route         1   e 0.941                                  \mic_stream_i/n26032
LUT4        ---     0.493              D to Z              \mic_stream_i/i10271_4_lut
Route         1   e 0.941                                  \mic_stream_i/n18729
                  --------
                    6.505  (29.6% logic, 70.4% route), 4 logic levels.


Passed:  The following path meets requirements by 1.191ns

 Logical Details:  Cell type  Pin type       Cell name  (clock net +/-)

   Source:         FD1P3DX    CK             \mic_stream_i/bit_count_i1  (from spi_mic_sck_c +)
   Destination:    FD1P3DX    D              \mic_stream_i/bit_count_i6  (to spi_mic_sck_c -)

   Delay:                   6.461ns  (29.8% logic, 70.2% route), 4 logic levels.

 Constraint Details:

      6.461ns data_path \mic_stream_i/bit_count_i1 to \mic_stream_i/bit_count_i6 meets
      7.812ns delay constraint less
      0.160ns L_S requirement (totaling 7.652ns) by 1.191ns

 Path Details: \mic_stream_i/bit_count_i1 to \mic_stream_i/bit_count_i6

   Name    Fanout   Delay (ns)          Pins               Resource(Cell.Net)
L_CO        ---     0.444             CK to Q              \mic_stream_i/bit_count_i1 (from spi_mic_sck_c)
Route         6   e 1.515                                  \mic_stream_i/bit_count[1]
LUT4        ---     0.493              A to Z              \mic_stream_i/i1696_2_lut_rep_142
Route         2   e 1.141                                  \mic_stream_i/n26076
LUT4        ---     0.493              B to Z              \mic_stream_i/i1717_2_lut_rep_98_3_lut_4_lut
Route         1   e 0.941                                  \mic_stream_i/n26032
LUT4        ---     0.493              D to Z              \mic_stream_i/i10271_4_lut
Route         1   e 0.941                                  \mic_stream_i/n18729
                  --------
                    6.461  (29.8% logic, 70.2% route), 4 logic levels.


Passed:  The following path meets requirements by 2.268ns

 Logical Details:  Cell type  Pin type       Cell name  (clock net +/-)

   Source:         FD1S3DX    CK             \mic_stream_i/bit_count_i0  (from spi_mic_sck_c +)
   Destination:    FD1P3DX    D              \mic_stream_i/bit_count_i1  (to spi_mic_sck_c -)

   Delay:                   5.384ns  (35.7% logic, 64.3% route), 4 logic levels.

 Constraint Details:

      5.384ns data_path \mic_stream_i/bit_count_i0 to \mic_stream_i/bit_count_i1 meets
      7.812ns delay constraint less
      0.160ns L_S requirement (totaling 7.652ns) by 2.268ns

 Path Details: \mic_stream_i/bit_count_i0 to \mic_stream_i/bit_count_i1

   Name    Fanout   Delay (ns)          Pins               Resource(Cell.Net)
L_CO        ---     0.444             CK to Q              \mic_stream_i/bit_count_i0 (from spi_mic_sck_c)
Route         7   e 1.559                                  \mic_stream_i/bit_count[0]
LUT4        ---     0.493              A to Z              \mic_stream_i/i5_4_lut
Route         1   e 0.941                                  \mic_stream_i/n12
LUT4        ---     0.493              B to Z              \mic_stream_i/i6_4_lut
Route       104   e 0.020                                  \mic_stream_i/n13
LUT4        ---     0.493              B to Z              \mic_stream_i/i10251_3_lut
Route         1   e 0.941                                  \mic_stream_i/n18719
                  --------
                    5.384  (35.7% logic, 64.3% route), 4 logic levels.

Report: 6.665 ns is the maximum delay for this constraint.



================================================================================
Constraint: create_clock -period 7.812500 -name clk1 [get_nets spi1_sck_c]
            4096 items scored, 4096 timing errors detected.
--------------------------------------------------------------------------------


Error:  The following path violates requirements by 8.450ns

 Logical Details:  Cell type  Pin type       Cell name  (clock net +/-)

   Source:         FD1P3AX    CK             spi_byte_count_i0_i2  (from spi1_sck_c +)
   Destination:    FD1P3AX    SP             accepted_sequence_spi_i0_i27  (to spi1_sck_c +)

   Delay:                  15.977ns  (40.2% logic, 59.8% route), 18 logic levels.

 Constraint Details:

     15.977ns data_path spi_byte_count_i0_i2 to accepted_sequence_spi_i0_i27 violates
      7.812ns delay constraint less
      0.285ns LCE_S requirement (totaling 7.527ns) by 8.450ns

 Path Details: spi_byte_count_i0_i2 to accepted_sequence_spi_i0_i27

   Name    Fanout   Delay (ns)          Pins               Resource(Cell.Net)
L_CO        ---     0.444             CK to Q              spi_byte_count_i0_i2 (from spi1_sck_c)
Route        16   e 1.873                                  spi_byte_count[2]
A1_TO_FCO   ---     0.827           A[2] to COUT           add_166_3
Route         1   e 0.020                                  n24771
FCI_TO_FCO  ---     0.157            CIN to COUT           add_166_5
Route         1   e 0.020                                  n24772
FCI_TO_FCO  ---     0.157            CIN to COUT           add_166_7
Route         1   e 0.020                                  n24773
FCI_TO_FCO  ---     0.157            CIN to COUT           add_166_9
Route         1   e 0.020                                  n24774
FCI_TO_FCO  ---     0.157            CIN to COUT           add_166_11
Route         1   e 0.020                                  n24775
FCI_TO_FCO  ---     0.157            CIN to COUT           add_166_13
Route         1   e 0.020                                  n24776
FCI_TO_FCO  ---     0.157            CIN to COUT           add_166_15
Route         1   e 0.020                                  n24777
FCI_TO_F    ---     0.598            CIN to S[2]           add_166_17
Route         2   e 1.486                                  spi_byte_count_15__N_1628[15]
A1_TO_FCO   ---     0.827           B[2] to COUT           equal_1981_11
Route         1   e 0.020                                  n24620
FCI_TO_FCO  ---     0.157            CIN to COUT           equal_1981_13
Route         1   e 0.020                                  n24621
FCI_TO_FCO  ---     0.157            CIN to COUT           equal_1981_15
Route         1   e 0.020                                  n24622
FCI_TO_FCO  ---     0.157            CIN to COUT           equal_1981_17_13291
Route         1   e 0.020                                  n24623
FCI_TO_F    ---     0.598            CIN to S[2]           equal_1981_17
Route         1   e 0.941                                  frame_end_N_2839
LUT4        ---     0.493              B to Z              frame_end_I_27_2_lut
Route         1   e 0.020                                  frame_end_N_2837
MUXL5       ---     0.233           ALUT to Z              frame_end_I_0
Route         2   e 1.141                                  frame_end
LUT4        ---     0.493              C to Z              i1_2_lut_3_lut
Route        23   e 1.836                                  spi1_sck_c_enable_170
LUT4        ---     0.493              C to Z              i1_2_lut_3_lut_4_lut_adj_225
Route        33   e 2.041                                  spi1_sck_c_enable_200
                  --------
                   15.977  (40.2% logic, 59.8% route), 18 logic levels.


Error:  The following path violates requirements by 8.450ns

 Logical Details:  Cell type  Pin type       Cell name  (clock net +/-)

   Source:         FD1P3AX    CK             spi_byte_count_i0_i2  (from spi1_sck_c +)
   Destination:    FD1P3AX    SP             accepted_sequence_spi_i0_i31  (to spi1_sck_c +)

   Delay:                  15.977ns  (40.2% logic, 59.8% route), 18 logic levels.

 Constraint Details:

     15.977ns data_path spi_byte_count_i0_i2 to accepted_sequence_spi_i0_i31 violates
      7.812ns delay constraint less
      0.285ns LCE_S requirement (totaling 7.527ns) by 8.450ns

 Path Details: spi_byte_count_i0_i2 to accepted_sequence_spi_i0_i31

   Name    Fanout   Delay (ns)          Pins               Resource(Cell.Net)
L_CO        ---     0.444             CK to Q              spi_byte_count_i0_i2 (from spi1_sck_c)
Route        16   e 1.873                                  spi_byte_count[2]
A1_TO_FCO   ---     0.827           A[2] to COUT           add_166_3
Route         1   e 0.020                                  n24771
FCI_TO_FCO  ---     0.157            CIN to COUT           add_166_5
Route         1   e 0.020                                  n24772
FCI_TO_FCO  ---     0.157            CIN to COUT           add_166_7
Route         1   e 0.020                                  n24773
FCI_TO_FCO  ---     0.157            CIN to COUT           add_166_9
Route         1   e 0.020                                  n24774
FCI_TO_FCO  ---     0.157            CIN to COUT           add_166_11
Route         1   e 0.020                                  n24775
FCI_TO_FCO  ---     0.157            CIN to COUT           add_166_13
Route         1   e 0.020                                  n24776
FCI_TO_FCO  ---     0.157            CIN to COUT           add_166_15
Route         1   e 0.020                                  n24777
FCI_TO_F    ---     0.598            CIN to S[2]           add_166_17
Route         2   e 1.486                                  spi_byte_count_15__N_1628[15]
A1_TO_FCO   ---     0.827           B[2] to COUT           equal_1981_11
Route         1   e 0.020                                  n24620
FCI_TO_FCO  ---     0.157            CIN to COUT           equal_1981_13
Route         1   e 0.020                                  n24621
FCI_TO_FCO  ---     0.157            CIN to COUT           equal_1981_15
Route         1   e 0.020                                  n24622
FCI_TO_FCO  ---     0.157            CIN to COUT           equal_1981_17_13291
Route         1   e 0.020                                  n24623
FCI_TO_F    ---     0.598            CIN to S[2]           equal_1981_17
Route         1   e 0.941                                  frame_end_N_2839
LUT4        ---     0.493              B to Z              frame_end_I_27_2_lut
Route         1   e 0.020                                  frame_end_N_2837
MUXL5       ---     0.233           ALUT to Z              frame_end_I_0
Route         2   e 1.141                                  frame_end
LUT4        ---     0.493              C to Z              i1_2_lut_3_lut
Route        23   e 1.836                                  spi1_sck_c_enable_170
LUT4        ---     0.493              C to Z              i1_2_lut_3_lut_4_lut_adj_225
Route        33   e 2.041                                  spi1_sck_c_enable_200
                  --------
                   15.977  (40.2% logic, 59.8% route), 18 logic levels.


Error:  The following path violates requirements by 8.450ns

 Logical Details:  Cell type  Pin type       Cell name  (clock net +/-)

   Source:         FD1P3AX    CK             spi_byte_count_i0_i2  (from spi1_sck_c +)
   Destination:    FD1P3AX    SP             accepted_sequence_spi_i0_i30  (to spi1_sck_c +)

   Delay:                  15.977ns  (40.2% logic, 59.8% route), 18 logic levels.

 Constraint Details:

     15.977ns data_path spi_byte_count_i0_i2 to accepted_sequence_spi_i0_i30 violates
      7.812ns delay constraint less
      0.285ns LCE_S requirement (totaling 7.527ns) by 8.450ns

 Path Details: spi_byte_count_i0_i2 to accepted_sequence_spi_i0_i30

   Name    Fanout   Delay (ns)          Pins               Resource(Cell.Net)
L_CO        ---     0.444             CK to Q              spi_byte_count_i0_i2 (from spi1_sck_c)
Route        16   e 1.873                                  spi_byte_count[2]
A1_TO_FCO   ---     0.827           A[2] to COUT           add_166_3
Route         1   e 0.020                                  n24771
FCI_TO_FCO  ---     0.157            CIN to COUT           add_166_5
Route         1   e 0.020                                  n24772
FCI_TO_FCO  ---     0.157            CIN to COUT           add_166_7
Route         1   e 0.020                                  n24773
FCI_TO_FCO  ---     0.157            CIN to COUT           add_166_9
Route         1   e 0.020                                  n24774
FCI_TO_FCO  ---     0.157            CIN to COUT           add_166_11
Route         1   e 0.020                                  n24775
FCI_TO_FCO  ---     0.157            CIN to COUT           add_166_13
Route         1   e 0.020                                  n24776
FCI_TO_FCO  ---     0.157            CIN to COUT           add_166_15
Route         1   e 0.020                                  n24777
FCI_TO_F    ---     0.598            CIN to S[2]           add_166_17
Route         2   e 1.486                                  spi_byte_count_15__N_1628[15]
A1_TO_FCO   ---     0.827           B[2] to COUT           equal_1981_11
Route         1   e 0.020                                  n24620
FCI_TO_FCO  ---     0.157            CIN to COUT           equal_1981_13
Route         1   e 0.020                                  n24621
FCI_TO_FCO  ---     0.157            CIN to COUT           equal_1981_15
Route         1   e 0.020                                  n24622
FCI_TO_FCO  ---     0.157            CIN to COUT           equal_1981_17_13291
Route         1   e 0.020                                  n24623
FCI_TO_F    ---     0.598            CIN to S[2]           equal_1981_17
Route         1   e 0.941                                  frame_end_N_2839
LUT4        ---     0.493              B to Z              frame_end_I_27_2_lut
Route         1   e 0.020                                  frame_end_N_2837
MUXL5       ---     0.233           ALUT to Z              frame_end_I_0
Route         2   e 1.141                                  frame_end
LUT4        ---     0.493              C to Z              i1_2_lut_3_lut
Route        23   e 1.836                                  spi1_sck_c_enable_170
LUT4        ---     0.493              C to Z              i1_2_lut_3_lut_4_lut_adj_225
Route        33   e 2.041                                  spi1_sck_c_enable_200
                  --------
                   15.977  (40.2% logic, 59.8% route), 18 logic levels.

Warning: 16.262 ns is the maximum delay for this constraint.



================================================================================
Constraint: create_clock -period 7.812500 -name clk0 [get_nets pll_clk]
            2302 items scored, 1337 timing errors detected.
--------------------------------------------------------------------------------


Error:  The following path violates requirements by 2.010ns

 Logical Details:  Cell type  Pin type       Cell name  (clock net +/-)

   Source:         FD1P3IX    CK             \ws2812_i/bit_cell_count_i0_i4  (from pll_clk +)
   Destination:    FD1P3AX    SP             \ws2812_i/reset_count__i0  (to pll_clk +)

   Delay:                   9.537ns  (25.3% logic, 74.7% route), 5 logic levels.

 Constraint Details:

      9.537ns data_path \ws2812_i/bit_cell_count_i0_i4 to \ws2812_i/reset_count__i0 violates
      7.812ns delay constraint less
      0.285ns LCE_S requirement (totaling 7.527ns) by 2.010ns

 Path Details: \ws2812_i/bit_cell_count_i0_i4 to \ws2812_i/reset_count__i0

   Name    Fanout   Delay (ns)          Pins               Resource(Cell.Net)
L_CO        ---     0.444             CK to Q              \ws2812_i/bit_cell_count_i0_i4 (from pll_clk)
Route         3   e 1.315                                  \ws2812_i/bit_cell_count[4]
LUT4        ---     0.493              A to Z              \ws2812_i/i1_2_lut_adj_50
Route         2   e 1.141                                  \ws2812_i/n4
LUT4        ---     0.493              C to Z              \ws2812_i/i7_4_lut
Route        13   e 1.803                                  n15
LUT4        ---     0.493              A to Z              \ws2812_i/i659_2_lut_rep_118
Route         3   e 1.258                                  \ws2812_i/n26052
LUT4        ---     0.493              C to Z              \ws2812_i/i14349_4_lut
Route        10   e 1.604                                  \ws2812_i/pll_clk_enable_317
                  --------
                    9.537  (25.3% logic, 74.7% route), 5 logic levels.


Error:  The following path violates requirements by 2.010ns

 Logical Details:  Cell type  Pin type       Cell name  (clock net +/-)

   Source:         FD1P3IX    CK             \ws2812_i/bit_cell_count_i0_i4  (from pll_clk +)
   Destination:    FD1P3AX    SP             \ws2812_i/reset_count__i1  (to pll_clk +)

   Delay:                   9.537ns  (25.3% logic, 74.7% route), 5 logic levels.

 Constraint Details:

      9.537ns data_path \ws2812_i/bit_cell_count_i0_i4 to \ws2812_i/reset_count__i1 violates
      7.812ns delay constraint less
      0.285ns LCE_S requirement (totaling 7.527ns) by 2.010ns

 Path Details: \ws2812_i/bit_cell_count_i0_i4 to \ws2812_i/reset_count__i1

   Name    Fanout   Delay (ns)          Pins               Resource(Cell.Net)
L_CO        ---     0.444             CK to Q              \ws2812_i/bit_cell_count_i0_i4 (from pll_clk)
Route         3   e 1.315                                  \ws2812_i/bit_cell_count[4]
LUT4        ---     0.493              A to Z              \ws2812_i/i1_2_lut_adj_50
Route         2   e 1.141                                  \ws2812_i/n4
LUT4        ---     0.493              C to Z              \ws2812_i/i7_4_lut
Route        13   e 1.803                                  n15
LUT4        ---     0.493              A to Z              \ws2812_i/i659_2_lut_rep_118
Route         3   e 1.258                                  \ws2812_i/n26052
LUT4        ---     0.493              C to Z              \ws2812_i/i14349_4_lut
Route        10   e 1.604                                  \ws2812_i/pll_clk_enable_317
                  --------
                    9.537  (25.3% logic, 74.7% route), 5 logic levels.


Error:  The following path violates requirements by 2.010ns

 Logical Details:  Cell type  Pin type       Cell name  (clock net +/-)

   Source:         FD1P3IX    CK             \ws2812_i/bit_cell_count_i0_i4  (from pll_clk +)
   Destination:    FD1P3AX    SP             \ws2812_i/reset_count__i2  (to pll_clk +)

   Delay:                   9.537ns  (25.3% logic, 74.7% route), 5 logic levels.

 Constraint Details:

      9.537ns data_path \ws2812_i/bit_cell_count_i0_i4 to \ws2812_i/reset_count__i2 violates
      7.812ns delay constraint less
      0.285ns LCE_S requirement (totaling 7.527ns) by 2.010ns

 Path Details: \ws2812_i/bit_cell_count_i0_i4 to \ws2812_i/reset_count__i2

   Name    Fanout   Delay (ns)          Pins               Resource(Cell.Net)
L_CO        ---     0.444             CK to Q              \ws2812_i/bit_cell_count_i0_i4 (from pll_clk)
Route         3   e 1.315                                  \ws2812_i/bit_cell_count[4]
LUT4        ---     0.493              A to Z              \ws2812_i/i1_2_lut_adj_50
Route         2   e 1.141                                  \ws2812_i/n4
LUT4        ---     0.493              C to Z              \ws2812_i/i7_4_lut
Route        13   e 1.803                                  n15
LUT4        ---     0.493              A to Z              \ws2812_i/i659_2_lut_rep_118
Route         3   e 1.258                                  \ws2812_i/n26052
LUT4        ---     0.493              C to Z              \ws2812_i/i14349_4_lut
Route        10   e 1.604                                  \ws2812_i/pll_clk_enable_317
                  --------
                    9.537  (25.3% logic, 74.7% route), 5 logic levels.

Warning: 9.822 ns is the maximum delay for this constraint.


Timing Report Summary
--------------
--------------------------------------------------------------------------------
Constraint                              |   Constraint|       Actual|Levels
--------------------------------------------------------------------------------
                                        |             |             |
create_clock -period 7.812500 -name     |             |             |
clk2 [get_nets spi_mic_sck_c]           |     7.812 ns|     6.665 ns|     4  
                                        |             |             |
create_clock -period 7.812500 -name     |             |             |
clk1 [get_nets spi1_sck_c]              |     7.812 ns|    16.262 ns|    18 *
                                        |             |             |
create_clock -period 7.812500 -name     |             |             |
clk0 [get_nets pll_clk]                 |     7.812 ns|     9.822 ns|     5 *
                                        |             |             |
--------------------------------------------------------------------------------


2 constraints not met.

--------------------------------------------------------------------------------
Critical Nets                           |   Loads|  Errors| % of total
--------------------------------------------------------------------------------
frame_end                               |       2|    4096|     75.39%
                                        |        |        |
spi1_sck_c_enable_170                   |      23|    4096|     75.39%
                                        |        |        |
spi1_sck_c_enable_200                   |      33|    4094|     75.35%
                                        |        |        |
frame_end_N_2837                        |       1|    2248|     41.38%
                                        |        |        |
frame_end_N_2839                        |       1|    2248|     41.38%
                                        |        |        |
n24622                                  |       1|    2248|     41.38%
                                        |        |        |
n24623                                  |       1|    2248|     41.38%
                                        |        |        |
n24621                                  |       1|    2180|     40.13%
                                        |        |        |
frame_end_N_2872                        |       1|    1848|     34.01%
                                        |        |        |
n26_adj_3426                            |       1|    1848|     34.01%
                                        |        |        |
n24774                                  |       1|    1817|     33.44%
                                        |        |        |
n24773                                  |       1|    1786|     32.87%
                                        |        |        |
n24775                                  |       1|    1619|     29.80%
                                        |        |        |
n24_adj_3427                            |       1|    1452|     26.73%
                                        |        |        |
n24772                                  |       1|    1390|     25.58%
                                        |        |        |
n24620                                  |       1|    1388|     25.55%
                                        |        |        |
n24758                                  |       1|    1386|     25.51%
                                        |        |        |
n24757                                  |       1|    1287|     23.69%
                                        |        |        |
n24756                                  |       1|    1221|     22.47%
                                        |        |        |
n24776                                  |       1|    1091|     20.08%
                                        |        |        |
n24759                                  |       1|     924|     17.01%
                                        |        |        |
n24771                                  |       1|     862|     15.87%
                                        |        |        |
n24755                                  |       1|     759|     13.97%
                                        |        |        |
spi_rgb_payload_byte_N_2770[6]          |      15|     759|     13.97%
                                        |        |        |
expected_next[15]                       |       2|     561|     10.33%
                                        |        |        |
n24760                                  |       1|     561|     10.33%
                                        |        |        |
--------------------------------------------------------------------------------


Timing summary:
---------------

Timing errors: 5433  Score: 32298104

Constraints cover  41450 paths, 2276 nets, and 6134 connections (77.8% coverage)


Peak memory: 101310464 bytes, TRCE: 9482240 bytes, DLYMAN: 655360 bytes
CPU_TIME_REPORT: 0 secs 
