--------------------------------------------------------------------------------
Lattice Synthesis Timing Report, Version  
Mon Sep 21 22:25:10 2026

Copyright (c) 1991-1994 by NeoCAD Inc. All rights reserved.
Copyright (c) 1995 AT&T Corp.   All rights reserved.
Copyright (c) 1995-2001 Lucent Technologies Inc.  All rights reserved.
Copyright (c) 2001 Agere Systems   All rights reserved.
Copyright (c) 2002-2023 Lattice Semiconductor Corporation,  All rights reserved.

Report Information
------------------
Design:     umh_fpga_top
Constraint file:  
Report level:    verbose report, limited to 3 items per constraint
--------------------------------------------------------------------------------



================================================================================
Constraint: create_clock -period 7.812500 -name clk2 [get_nets spi_mic_sck_c]
            1696 items scored, 0 timing errors detected.
--------------------------------------------------------------------------------


Passed:  The following path meets requirements by 1.147ns

 Logical Details:  Cell type  Pin type       Cell name  (clock net +/-)

   Source:         FD1S3DX    CK             \mic_stream_i/bit_count_i0  (from spi_mic_sck_c +)
   Destination:    FD1P3DX    D              \mic_stream_i/bit_count_i6  (to spi_mic_sck_c -)

   Delay:                   6.505ns  (29.6% logic, 70.4% route), 4 logic levels.

 Constraint Details:

      6.505ns data_path \mic_stream_i/bit_count_i0 to \mic_stream_i/bit_count_i6 meets
      7.812ns delay constraint less
      0.160ns L_S requirement (totaling 7.652ns) by 1.147ns

 Path Details: \mic_stream_i/bit_count_i0 to \mic_stream_i/bit_count_i6

   Name    Fanout   Delay (ns)          Pins               Resource(Cell.Net)
L_CO        ---     0.444             CK to Q              \mic_stream_i/bit_count_i0 (from spi_mic_sck_c)
Route         7   e 1.559                                  \mic_stream_i/bit_count[0]
LUT4        ---     0.493              B to Z              \mic_stream_i/i4091_2_lut_rep_588
Route         2   e 1.141                                  \mic_stream_i/n42051
LUT4        ---     0.493              B to Z              \mic_stream_i/i4112_2_lut_rep_345_3_lut_4_lut
Route         1   e 0.941                                  \mic_stream_i/n41808
LUT4        ---     0.493              D to Z              \mic_stream_i/i17504_4_lut
Route         1   e 0.941                                  \mic_stream_i/n28333
                  --------
                    6.505  (29.6% logic, 70.4% route), 4 logic levels.


Passed:  The following path meets requirements by 1.191ns

 Logical Details:  Cell type  Pin type       Cell name  (clock net +/-)

   Source:         FD1P3DX    CK             \mic_stream_i/bit_count_i1  (from spi_mic_sck_c +)
   Destination:    FD1P3DX    D              \mic_stream_i/bit_count_i6  (to spi_mic_sck_c -)

   Delay:                   6.461ns  (29.8% logic, 70.2% route), 4 logic levels.

 Constraint Details:

      6.461ns data_path \mic_stream_i/bit_count_i1 to \mic_stream_i/bit_count_i6 meets
      7.812ns delay constraint less
      0.160ns L_S requirement (totaling 7.652ns) by 1.191ns

 Path Details: \mic_stream_i/bit_count_i1 to \mic_stream_i/bit_count_i6

   Name    Fanout   Delay (ns)          Pins               Resource(Cell.Net)
L_CO        ---     0.444             CK to Q              \mic_stream_i/bit_count_i1 (from spi_mic_sck_c)
Route         6   e 1.515                                  \mic_stream_i/bit_count[1]
LUT4        ---     0.493              A to Z              \mic_stream_i/i4091_2_lut_rep_588
Route         2   e 1.141                                  \mic_stream_i/n42051
LUT4        ---     0.493              B to Z              \mic_stream_i/i4112_2_lut_rep_345_3_lut_4_lut
Route         1   e 0.941                                  \mic_stream_i/n41808
LUT4        ---     0.493              D to Z              \mic_stream_i/i17504_4_lut
Route         1   e 0.941                                  \mic_stream_i/n28333
                  --------
                    6.461  (29.8% logic, 70.2% route), 4 logic levels.


Passed:  The following path meets requirements by 1.738ns

 Logical Details:  Cell type  Pin type       Cell name  (clock net +/-)

   Source:         FD1S3DX    CK             \mic_stream_i/bit_count_i0  (from spi_mic_sck_c +)
   Destination:    FD1S3DX    D              \mic_stream_i/bit_count_i0  (to spi_mic_sck_c -)

   Delay:                   5.914ns  (32.5% logic, 67.5% route), 4 logic levels.

 Constraint Details:

      5.914ns data_path \mic_stream_i/bit_count_i0 to \mic_stream_i/bit_count_i0 meets
      7.812ns delay constraint less
      0.160ns L_S requirement (totaling 7.652ns) by 1.738ns

 Path Details: \mic_stream_i/bit_count_i0 to \mic_stream_i/bit_count_i0

   Name    Fanout   Delay (ns)          Pins               Resource(Cell.Net)
L_CO        ---     0.444             CK to Q              \mic_stream_i/bit_count_i0 (from spi_mic_sck_c)
Route         7   e 1.559                                  \mic_stream_i/bit_count[0]
LUT4        ---     0.493              A to Z              \mic_stream_i/i5_4_lut
Route         1   e 0.941                                  \mic_stream_i/n12
LUT4        ---     0.493              B to Z              \mic_stream_i/i6_4_lut
Route       104   e 0.550                                  \mic_stream_i/n13
LUT4        ---     0.493              C to Z              \mic_stream_i/i24434_3_lut_4_lut
Route         1   e 0.941                                  \mic_stream_i/bit_count_6__N_4346[0]
                  --------
                    5.914  (32.5% logic, 67.5% route), 4 logic levels.

Report: 6.665 ns is the maximum delay for this constraint.



================================================================================
Constraint: create_clock -period 7.812500 -name clk1 [get_nets pll_clk]
            4096 items scored, 4096 timing errors detected.
--------------------------------------------------------------------------------


Error:  The following path violates requirements by 10.710ns

 Logical Details:  Cell type  Pin type       Cell name  (clock net +/-)

   Source:         FD1P3IX    CK             mic_warm_edges__i0  (from pll_clk +)
   Destination:    FD1P3IX    SP             mic_xor_q[3]__i28  (to pll_clk +)

   Delay:                  18.237ns  (33.5% logic, 66.5% route), 15 logic levels.

 Constraint Details:

     18.237ns data_path mic_warm_edges__i0 to mic_xor_q[3]__i28 violates
      7.812ns delay constraint less
      0.285ns LCE_S requirement (totaling 7.527ns) by 10.710ns

 Path Details: mic_warm_edges__i0 to mic_xor_q[3]__i28

   Name    Fanout   Delay (ns)          Pins               Resource(Cell.Net)
L_CO        ---     0.444             CK to Q              mic_warm_edges__i0 (from pll_clk)
Route         1   e 0.941                                  mic_warm_edges[0]
A1_TO_FCO   ---     0.827           A[2] to COUT           add_673_1
Route         1   e 0.020                                  n38746
FCI_TO_FCO  ---     0.157            CIN to COUT           add_673_3
Route         1   e 0.020                                  n38747
FCI_TO_FCO  ---     0.157            CIN to COUT           add_673_5
Route         1   e 0.020                                  n38748
FCI_TO_FCO  ---     0.157            CIN to COUT           add_673_7
Route         1   e 0.020                                  n38749
FCI_TO_FCO  ---     0.157            CIN to COUT           add_673_9
Route         1   e 0.020                                  n38750
FCI_TO_FCO  ---     0.157            CIN to COUT           add_673_11
Route         1   e 0.020                                  n38751
FCI_TO_F    ---     0.598            CIN to S[2]           add_673_13
Route         2   e 1.486                                  mic_ultrasonic_N_2961[12]
LUT4        ---     0.493              B to Z              i2_2_lut_adj_354
Route         1   e 0.941                                  n8_adj_4562
LUT4        ---     0.493              B to Z              i4_4_lut
Route         1   e 0.941                                  n10_adj_4558
LUT4        ---     0.493              C to Z              i1_4_lut_adj_637
Route         9   e 1.574                                  mic_ultrasonic_N_2960
LUT4        ---     0.493              A to Z              i1_2_lut_rep_302
Route        16   e 1.815                                  n41765
LUT4        ---     0.493              B to Z              i1_3_lut_4_lut_adj_165
Route         2   e 1.141                                  n4_adj_4566
LUT4        ---     0.493              C to Z              i1_3_lut_adj_250
Route         2   e 1.141                                  n35295
LUT4        ---     0.493              B to Z              i1_4_lut_adj_254
Route        28   e 2.032                                  pll_clk_enable_502
                  --------
                   18.237  (33.5% logic, 66.5% route), 15 logic levels.


Error:  The following path violates requirements by 10.710ns

 Logical Details:  Cell type  Pin type       Cell name  (clock net +/-)

   Source:         FD1P3IX    CK             mic_warm_edges__i0  (from pll_clk +)
   Destination:    FD1P3IX    SP             mic_xor_q[3]__i28  (to pll_clk +)

   Delay:                  18.237ns  (33.5% logic, 66.5% route), 15 logic levels.

 Constraint Details:

     18.237ns data_path mic_warm_edges__i0 to mic_xor_q[3]__i28 violates
      7.812ns delay constraint less
      0.285ns LCE_S requirement (totaling 7.527ns) by 10.710ns

 Path Details: mic_warm_edges__i0 to mic_xor_q[3]__i28

   Name    Fanout   Delay (ns)          Pins               Resource(Cell.Net)
L_CO        ---     0.444             CK to Q              mic_warm_edges__i0 (from pll_clk)
Route         1   e 0.941                                  mic_warm_edges[0]
A1_TO_FCO   ---     0.827           A[2] to COUT           add_673_1
Route         1   e 0.020                                  n38746
FCI_TO_FCO  ---     0.157            CIN to COUT           add_673_3
Route         1   e 0.020                                  n38747
FCI_TO_FCO  ---     0.157            CIN to COUT           add_673_5
Route         1   e 0.020                                  n38748
FCI_TO_FCO  ---     0.157            CIN to COUT           add_673_7
Route         1   e 0.020                                  n38749
FCI_TO_FCO  ---     0.157            CIN to COUT           add_673_9
Route         1   e 0.020                                  n38750
FCI_TO_FCO  ---     0.157            CIN to COUT           add_673_11
Route         1   e 0.020                                  n38751
FCI_TO_F    ---     0.598            CIN to S[2]           add_673_13
Route         2   e 1.486                                  mic_ultrasonic_N_2961[11]
LUT4        ---     0.493              A to Z              i2_2_lut_adj_354
Route         1   e 0.941                                  n8_adj_4562
LUT4        ---     0.493              B to Z              i4_4_lut
Route         1   e 0.941                                  n10_adj_4558
LUT4        ---     0.493              C to Z              i1_4_lut_adj_637
Route         9   e 1.574                                  mic_ultrasonic_N_2960
LUT4        ---     0.493              A to Z              i1_2_lut_rep_302
Route        16   e 1.815                                  n41765
LUT4        ---     0.493              B to Z              i1_3_lut_4_lut_adj_165
Route         2   e 1.141                                  n4_adj_4566
LUT4        ---     0.493              C to Z              i1_3_lut_adj_250
Route         2   e 1.141                                  n35295
LUT4        ---     0.493              B to Z              i1_4_lut_adj_254
Route        28   e 2.032                                  pll_clk_enable_502
                  --------
                   18.237  (33.5% logic, 66.5% route), 15 logic levels.


Error:  The following path violates requirements by 10.710ns

 Logical Details:  Cell type  Pin type       Cell name  (clock net +/-)

   Source:         FD1P3IX    CK             mic_warm_edges__i0  (from pll_clk +)
   Destination:    FD1P3IX    SP             mic_xor_q[3]__i28  (to pll_clk +)

   Delay:                  18.237ns  (33.5% logic, 66.5% route), 15 logic levels.

 Constraint Details:

     18.237ns data_path mic_warm_edges__i0 to mic_xor_q[3]__i28 violates
      7.812ns delay constraint less
      0.285ns LCE_S requirement (totaling 7.527ns) by 10.710ns

 Path Details: mic_warm_edges__i0 to mic_xor_q[3]__i28

   Name    Fanout   Delay (ns)          Pins               Resource(Cell.Net)
L_CO        ---     0.444             CK to Q              mic_warm_edges__i0 (from pll_clk)
Route         1   e 0.941                                  mic_warm_edges[0]
A1_TO_FCO   ---     0.827           A[2] to COUT           add_673_1
Route         1   e 0.020                                  n38746
FCI_TO_FCO  ---     0.157            CIN to COUT           add_673_3
Route         1   e 0.020                                  n38747
FCI_TO_FCO  ---     0.157            CIN to COUT           add_673_5
Route         1   e 0.020                                  n38748
FCI_TO_FCO  ---     0.157            CIN to COUT           add_673_7
Route         1   e 0.020                                  n38749
FCI_TO_FCO  ---     0.157            CIN to COUT           add_673_9
Route         1   e 0.020                                  n38750
FCI_TO_FCO  ---     0.157            CIN to COUT           add_673_11
Route         1   e 0.020                                  n38751
FCI_TO_F    ---     0.598            CIN to S[2]           add_673_13
Route         2   e 1.486                                  mic_ultrasonic_N_2961[11]
LUT4        ---     0.493              A to Z              i2_2_lut_adj_354
Route         1   e 0.941                                  n8_adj_4562
LUT4        ---     0.493              B to Z              i4_4_lut
Route         1   e 0.941                                  n10_adj_4558
LUT4        ---     0.493              C to Z              i1_4_lut_adj_637
Route         9   e 1.574                                  mic_ultrasonic_N_2960
LUT4        ---     0.493              A to Z              i1_2_lut_rep_302
Route        16   e 1.815                                  n41765
LUT4        ---     0.493              B to Z              i1_3_lut_4_lut_adj_165
Route         2   e 1.141                                  n4_adj_4566
LUT4        ---     0.493              C to Z              i1_3_lut
Route         2   e 1.141                                  n47_adj_4474
LUT4        ---     0.493              A to Z              i1_4_lut_adj_254
Route        28   e 2.032                                  pll_clk_enable_502
                  --------
                   18.237  (33.5% logic, 66.5% route), 15 logic levels.

Warning: 18.522 ns is the maximum delay for this constraint.



================================================================================
Constraint: create_clock -period 7.812500 -name clk0 [get_nets spi1_sck_c]
            4096 items scored, 4096 timing errors detected.
--------------------------------------------------------------------------------


Error:  The following path violates requirements by 10.185ns

 Logical Details:  Cell type  Pin type       Cell name  (clock net +/-)

   Source:         FD1P3AX    CK             spi_byte_count_i0_i0  (from spi1_sck_c +)
   Destination:    FD1P3AX    SP             accepted_sequence_spi_i0_i1  (to spi1_sck_c +)

   Delay:                  17.712ns  (39.9% logic, 60.1% route), 20 logic levels.

 Constraint Details:

     17.712ns data_path spi_byte_count_i0_i0 to accepted_sequence_spi_i0_i1 violates
      7.812ns delay constraint less
      0.285ns LCE_S requirement (totaling 7.527ns) by 10.185ns

 Path Details: spi_byte_count_i0_i0 to accepted_sequence_spi_i0_i1

   Name    Fanout   Delay (ns)          Pins               Resource(Cell.Net)
L_CO        ---     0.444             CK to Q              spi_byte_count_i0_i0 (from spi1_sck_c)
Route        20   e 1.885                                  spi_byte_count[0]
A1_TO_FCO   ---     0.827           A[2] to COUT           add_324_1
Route         1   e 0.020                                  n38722
FCI_TO_FCO  ---     0.157            CIN to COUT           add_324_3
Route         1   e 0.020                                  n38723
FCI_TO_FCO  ---     0.157            CIN to COUT           add_324_5
Route         1   e 0.020                                  n38724
FCI_TO_FCO  ---     0.157            CIN to COUT           add_324_7
Route         1   e 0.020                                  n38725
FCI_TO_FCO  ---     0.157            CIN to COUT           add_324_9
Route         1   e 0.020                                  n38726
FCI_TO_FCO  ---     0.157            CIN to COUT           add_324_11
Route         1   e 0.020                                  n38727
FCI_TO_FCO  ---     0.157            CIN to COUT           add_324_13
Route         1   e 0.020                                  n38728
FCI_TO_FCO  ---     0.157            CIN to COUT           add_324_15
Route         1   e 0.020                                  n38729
FCI_TO_F    ---     0.598            CIN to S[2]           add_324_17
Route         2   e 1.486                                  spi_byte_count_15__N_2028[15]
A1_TO_FCO   ---     0.827           B[2] to COUT           equal_8765_11
Route         1   e 0.020                                  n38548
FCI_TO_FCO  ---     0.157            CIN to COUT           equal_8765_13
Route         1   e 0.020                                  n38549
FCI_TO_FCO  ---     0.157            CIN to COUT           equal_8765_15
Route         1   e 0.020                                  n38550
FCI_TO_FCO  ---     0.157            CIN to COUT           equal_8765_17_22302
Route         1   e 0.020                                  n38551
FCI_TO_F    ---     0.598            CIN to S[2]           equal_8765_17
Route         2   e 1.486                                  payload_end_N_3890
LUT4        ---     0.493              B to Z              payload_end_I_0_2_lut
Route         1   e 0.941                                  payload_end
LUT4        ---     0.493              B to Z              header_end_I_0_4_lut
Route         1   e 0.020                                  frame_end_N_3924
MUXL5       ---     0.233           BLUT to Z              i12
Route         2   e 1.141                                  frame_end
LUT4        ---     0.493              C to Z              i1_2_lut_3_lut_4_lut_adj_529
Route         5   e 1.405                                  spi1_sck_c_enable_189
LUT4        ---     0.493              B to Z              i1_4_lut_adj_513
Route        32   e 2.039                                  spi1_sck_c_enable_204
                  --------
                   17.712  (39.9% logic, 60.1% route), 20 logic levels.


Error:  The following path violates requirements by 10.185ns

 Logical Details:  Cell type  Pin type       Cell name  (clock net +/-)

   Source:         FD1P3AX    CK             spi_byte_count_i0_i0  (from spi1_sck_c +)
   Destination:    FD1P3AX    SP             accepted_sequence_spi_i0_i2  (to spi1_sck_c +)

   Delay:                  17.712ns  (39.9% logic, 60.1% route), 20 logic levels.

 Constraint Details:

     17.712ns data_path spi_byte_count_i0_i0 to accepted_sequence_spi_i0_i2 violates
      7.812ns delay constraint less
      0.285ns LCE_S requirement (totaling 7.527ns) by 10.185ns

 Path Details: spi_byte_count_i0_i0 to accepted_sequence_spi_i0_i2

   Name    Fanout   Delay (ns)          Pins               Resource(Cell.Net)
L_CO        ---     0.444             CK to Q              spi_byte_count_i0_i0 (from spi1_sck_c)
Route        20   e 1.885                                  spi_byte_count[0]
A1_TO_FCO   ---     0.827           A[2] to COUT           add_324_1
Route         1   e 0.020                                  n38722
FCI_TO_FCO  ---     0.157            CIN to COUT           add_324_3
Route         1   e 0.020                                  n38723
FCI_TO_FCO  ---     0.157            CIN to COUT           add_324_5
Route         1   e 0.020                                  n38724
FCI_TO_FCO  ---     0.157            CIN to COUT           add_324_7
Route         1   e 0.020                                  n38725
FCI_TO_FCO  ---     0.157            CIN to COUT           add_324_9
Route         1   e 0.020                                  n38726
FCI_TO_FCO  ---     0.157            CIN to COUT           add_324_11
Route         1   e 0.020                                  n38727
FCI_TO_FCO  ---     0.157            CIN to COUT           add_324_13
Route         1   e 0.020                                  n38728
FCI_TO_FCO  ---     0.157            CIN to COUT           add_324_15
Route         1   e 0.020                                  n38729
FCI_TO_F    ---     0.598            CIN to S[2]           add_324_17
Route         2   e 1.486                                  spi_byte_count_15__N_2028[15]
A1_TO_FCO   ---     0.827           B[2] to COUT           equal_8765_11
Route         1   e 0.020                                  n38548
FCI_TO_FCO  ---     0.157            CIN to COUT           equal_8765_13
Route         1   e 0.020                                  n38549
FCI_TO_FCO  ---     0.157            CIN to COUT           equal_8765_15
Route         1   e 0.020                                  n38550
FCI_TO_FCO  ---     0.157            CIN to COUT           equal_8765_17_22302
Route         1   e 0.020                                  n38551
FCI_TO_F    ---     0.598            CIN to S[2]           equal_8765_17
Route         2   e 1.486                                  payload_end_N_3890
LUT4        ---     0.493              B to Z              payload_end_I_0_2_lut
Route         1   e 0.941                                  payload_end
LUT4        ---     0.493              B to Z              header_end_I_0_4_lut
Route         1   e 0.020                                  frame_end_N_3924
MUXL5       ---     0.233           BLUT to Z              i12
Route         2   e 1.141                                  frame_end
LUT4        ---     0.493              C to Z              i1_2_lut_3_lut_4_lut_adj_529
Route         5   e 1.405                                  spi1_sck_c_enable_189
LUT4        ---     0.493              B to Z              i1_4_lut_adj_513
Route        32   e 2.039                                  spi1_sck_c_enable_204
                  --------
                   17.712  (39.9% logic, 60.1% route), 20 logic levels.


Error:  The following path violates requirements by 10.185ns

 Logical Details:  Cell type  Pin type       Cell name  (clock net +/-)

   Source:         FD1P3AX    CK             spi_byte_count_i0_i0  (from spi1_sck_c +)
   Destination:    FD1P3AX    SP             accepted_sequence_spi_i0_i3  (to spi1_sck_c +)

   Delay:                  17.712ns  (39.9% logic, 60.1% route), 20 logic levels.

 Constraint Details:

     17.712ns data_path spi_byte_count_i0_i0 to accepted_sequence_spi_i0_i3 violates
      7.812ns delay constraint less
      0.285ns LCE_S requirement (totaling 7.527ns) by 10.185ns

 Path Details: spi_byte_count_i0_i0 to accepted_sequence_spi_i0_i3

   Name    Fanout   Delay (ns)          Pins               Resource(Cell.Net)
L_CO        ---     0.444             CK to Q              spi_byte_count_i0_i0 (from spi1_sck_c)
Route        20   e 1.885                                  spi_byte_count[0]
A1_TO_FCO   ---     0.827           A[2] to COUT           add_324_1
Route         1   e 0.020                                  n38722
FCI_TO_FCO  ---     0.157            CIN to COUT           add_324_3
Route         1   e 0.020                                  n38723
FCI_TO_FCO  ---     0.157            CIN to COUT           add_324_5
Route         1   e 0.020                                  n38724
FCI_TO_FCO  ---     0.157            CIN to COUT           add_324_7
Route         1   e 0.020                                  n38725
FCI_TO_FCO  ---     0.157            CIN to COUT           add_324_9
Route         1   e 0.020                                  n38726
FCI_TO_FCO  ---     0.157            CIN to COUT           add_324_11
Route         1   e 0.020                                  n38727
FCI_TO_FCO  ---     0.157            CIN to COUT           add_324_13
Route         1   e 0.020                                  n38728
FCI_TO_FCO  ---     0.157            CIN to COUT           add_324_15
Route         1   e 0.020                                  n38729
FCI_TO_F    ---     0.598            CIN to S[2]           add_324_17
Route         2   e 1.486                                  spi_byte_count_15__N_2028[15]
A1_TO_FCO   ---     0.827           B[2] to COUT           equal_8765_11
Route         1   e 0.020                                  n38548
FCI_TO_FCO  ---     0.157            CIN to COUT           equal_8765_13
Route         1   e 0.020                                  n38549
FCI_TO_FCO  ---     0.157            CIN to COUT           equal_8765_15
Route         1   e 0.020                                  n38550
FCI_TO_FCO  ---     0.157            CIN to COUT           equal_8765_17_22302
Route         1   e 0.020                                  n38551
FCI_TO_F    ---     0.598            CIN to S[2]           equal_8765_17
Route         2   e 1.486                                  payload_end_N_3890
LUT4        ---     0.493              B to Z              payload_end_I_0_2_lut
Route         1   e 0.941                                  payload_end
LUT4        ---     0.493              B to Z              header_end_I_0_4_lut
Route         1   e 0.020                                  frame_end_N_3924
MUXL5       ---     0.233           BLUT to Z              i12
Route         2   e 1.141                                  frame_end
LUT4        ---     0.493              C to Z              i1_2_lut_3_lut_4_lut_adj_529
Route         5   e 1.405                                  spi1_sck_c_enable_189
LUT4        ---     0.493              B to Z              i1_4_lut_adj_513
Route        32   e 2.039                                  spi1_sck_c_enable_204
                  --------
                   17.712  (39.9% logic, 60.1% route), 20 logic levels.

Warning: 17.997 ns is the maximum delay for this constraint.


Timing Report Summary
--------------
--------------------------------------------------------------------------------
Constraint                              |   Constraint|       Actual|Levels
--------------------------------------------------------------------------------
                                        |             |             |
create_clock -period 7.812500 -name     |             |             |
clk2 [get_nets spi_mic_sck_c]           |     7.812 ns|     6.665 ns|     4  
                                        |             |             |
create_clock -period 7.812500 -name     |             |             |
clk1 [get_nets pll_clk]                 |     7.812 ns|    18.522 ns|    15 *
                                        |             |             |
create_clock -period 7.812500 -name     |             |             |
clk0 [get_nets spi1_sck_c]              |     7.812 ns|    17.997 ns|    20 *
                                        |             |             |
--------------------------------------------------------------------------------


2 constraints not met.

--------------------------------------------------------------------------------
Critical Nets                           |   Loads|  Errors| % of total
--------------------------------------------------------------------------------
frame_end                               |       2|    4096|     50.00%
                                        |        |        |
mic_ultrasonic_N_2960                   |       9|    4096|     50.00%
                                        |        |        |
n4_adj_4566                             |       2|    4096|     50.00%
                                        |        |        |
n10_adj_4558                            |       1|    4096|     50.00%
                                        |        |        |
n41765                                  |      16|    4096|     50.00%
                                        |        |        |
frame_end_N_3924                        |       1|    4064|     49.61%
                                        |        |        |
spi1_sck_c_enable_189                   |       5|    4041|     49.33%
                                        |        |        |
spi1_sck_c_enable_204                   |      32|    3691|     45.06%
                                        |        |        |
n38550                                  |       1|    3320|     40.53%
                                        |        |        |
n38551                                  |       1|    3320|     40.53%
                                        |        |        |
payload_end_N_3890                      |       2|    3320|     40.53%
                                        |        |        |
payload_end                             |       1|    3288|     40.14%
                                        |        |        |
n38549                                  |       1|    2960|     36.13%
                                        |        |        |
n8_adj_4562                             |       1|    2912|     35.55%
                                        |        |        |
n38750                                  |       1|    2632|     32.13%
                                        |        |        |
n38749                                  |       1|    2580|     31.49%
                                        |        |        |
n38751                                  |       1|    2464|     30.08%
                                        |        |        |
n38726                                  |       1|    2397|     29.26%
                                        |        |        |
n38725                                  |       1|    2365|     28.87%
                                        |        |        |
n38748                                  |       1|    2248|     27.44%
                                        |        |        |
n38727                                  |       1|    2157|     26.33%
                                        |        |        |
n47_adj_4474                            |       2|    2130|     26.00%
                                        |        |        |
pll_clk_enable_502                      |      28|    2130|     26.00%
                                        |        |        |
n38724                                  |       1|    2061|     25.16%
                                        |        |        |
n38548                                  |       1|    1976|     24.12%
                                        |        |        |
n35295                                  |       2|    1966|     24.00%
                                        |        |        |
pll_clk_enable_495                      |      28|    1966|     24.00%
                                        |        |        |
n38747                                  |       1|    1516|     18.51%
                                        |        |        |
n38728                                  |       1|    1513|     18.47%
                                        |        |        |
n38723                                  |       1|    1470|     17.94%
                                        |        |        |
mic_ultrasonic_N_2961[11]               |       2|    1456|     17.77%
                                        |        |        |
mic_ultrasonic_N_2961[12]               |       2|    1456|     17.77%
                                        |        |        |
--------------------------------------------------------------------------------


Timing summary:
---------------

Timing errors: 8192  Score: 76792452

Constraints cover  100383 paths, 3759 nets, and 10030 connections (80.9% coverage)


Peak memory: 120983552 bytes, TRCE: 17502208 bytes, DLYMAN: 983040 bytes
CPU_TIME_REPORT: 0 secs 
