
Loading design for application trce from file umh_7_umh_7_1.ncd.
Design name: umh_fpga_top
NCD version: 3.3
Vendor:      LATTICE
Device:      LCMXO2-2000HC
Package:     CSBGA132
Performance: 4
Loading device for application trce from file 'xo2c2000.nph' in environment: D:/Software/Lattice Diamond/diamond/3.13/ispfpga.
Package Status:                     Final          Version 1.44.
Performance Hardware Data Status:   Final          Version 34.4.
Setup and Hold Report

--------------------------------------------------------------------------------
Lattice TRACE Report - Setup, Version Diamond (64-bit) 3.13.0.56.2
Thu Sep 10 20:21:25 2026

Copyright (c) 1991-1994 by NeoCAD Inc. All rights reserved.
Copyright (c) 1995 AT&T Corp.   All rights reserved.
Copyright (c) 1995-2001 Lucent Technologies Inc.  All rights reserved.
Copyright (c) 2001 Agere Systems   All rights reserved.
Copyright (c) 2002-2023 Lattice Semiconductor Corporation,  All rights reserved.

Report Information
------------------
Command line:    trce -v 10 -gt -sethld -sp 4 -sphld m -o UMH_7_UMH_7_1.twr UMH_7_UMH_7_1.ncd UMH_7_UMH_7_1.prf 
Design file:     umh_7_umh_7_1.ncd
Preference file: umh_7_umh_7_1.prf
Device,speed:    LCMXO2-2000HC,4
Report level:    verbose report, limited to 10 items per preference
--------------------------------------------------------------------------------

BLOCK ASYNCPATHS
BLOCK RESETPATHS
--------------------------------------------------------------------------------



================================================================================
Preference: FREQUENCY PORT "fpga_clk_8m" 8.000000 MHz ;
            0 items scored, 0 timing errors detected.
--------------------------------------------------------------------------------


Passed:  The following path meets requirements by 118.334ns
         The internal maximum frequency of the following component is 150.015 MHz

 Logical Details:  Cell type  Pin name       Component name

   Destination:    PDPW8KC    CLKB           staging_ram/mem0

   Delay:               6.666ns -- based on Minimum Pulse Width

Report:  150.015MHz is the maximum frequency for this preference.


================================================================================
Preference: FREQUENCY NET "pll_clk" 128.000000 MHz ;
            4096 items scored, 32 timing errors detected.
--------------------------------------------------------------------------------


Error: The following path exceeds requirements by 0.754ns

 Logical Details:  Cell type  Pin type       Cell/ASIC name  (clock net +/-)

   Source:         PDPW8KC    Port           event_ram/mem4(ASIC)  (from pll_clk +)
   Destination:    FF         Data in        ev_rd_hold_i10  (to pll_clk +)

   Delay:               8.046ns  (64.9% logic, 35.1% route), 1 logic levels.

 Constraint Details:

      8.046ns physical path delay event_ram/mem4 to SLICE_968 exceeds
      7.813ns delay constraint less
      0.173ns skew and
      0.348ns M_SET requirement (totaling 7.292ns) by 0.754ns

 Physical Path Details:

      Data path event_ram/mem4 to SLICE_968:

   Name    Fanout   Delay (ns)          Site               Resource
C2Q_DEL     ---     5.224 EBR_R8C11.CLKR to  EBR_R8C11.DO1 event_ram/mem4 (from pll_clk)
ROUTE         2     2.822  EBR_R8C11.DO1 to      R7C23B.M0 ev_rd_data_10 (to pll_clk)
                  --------
                    8.046   (64.9% logic, 35.1% route), 1 logic levels.

 Clock Skew Details: 

      Source Clock Path fpga_pll_i to event_ram/mem4:

   Name    Fanout   Delay (ns)          Site               Resource
ROUTE       544     1.850     LPLL.CLKOP to EBR_R8C11.CLKR pll_clk
                  --------
                    1.850   (0.0% logic, 100.0% route), 0 logic levels.

      Destination Clock Path fpga_pll_i to SLICE_968:

   Name    Fanout   Delay (ns)          Site               Resource
ROUTE       544     1.677     LPLL.CLKOP to     R7C23B.CLK pll_clk
                  --------
                    1.677   (0.0% logic, 100.0% route), 0 logic levels.


Error: The following path exceeds requirements by 0.460ns

 Logical Details:  Cell type  Pin type       Cell/ASIC name  (clock net +/-)

   Source:         FF         Q              ev_clear_addr_i7  (from pll_clk +)
   Destination:    PDPW8KC    Port           staging_ram/mem0(ASIC)  (to pll_clk +)

   Delay:               8.579ns  (31.0% logic, 69.0% route), 5 logic levels.

 Constraint Details:

      8.579ns physical path delay SLICE_49 to staging_ram/mem0 exceeds
      7.813ns delay constraint less
     -0.173ns skew and
     -0.133ns ADDR_SET requirement (totaling 8.119ns) by 0.460ns

 Physical Path Details:

      Data path SLICE_49 to staging_ram/mem0:

   Name    Fanout   Delay (ns)          Site               Resource
REG_DEL     ---     0.452     R6C17A.CLK to      R6C17A.Q0 SLICE_49 (from pll_clk)
ROUTE         3     1.312      R6C17A.Q0 to      R7C16B.A1 ev_clear_addr_7
CTOF_DEL    ---     0.495      R7C16B.A1 to      R7C16B.F1 SLICE_1012
ROUTE         1     0.436      R7C16B.F1 to      R7C16A.C1 n14_adj_3048
CTOF_DEL    ---     0.495      R7C16A.C1 to      R7C16A.F1 SLICE_900
ROUTE         6     1.047      R7C16A.F1 to      R9C15A.D1 ev_state_3_N_1976_1
CTOOFX_DEL  ---     0.721      R9C15A.D1 to    R9C15A.OFX0 i14817/SLICE_826
ROUTE         7     1.067    R9C15A.OFX0 to     R11C14C.D0 n15663
CTOF_DEL    ---     0.495     R11C14C.D0 to     R11C14C.F0 SLICE_530
ROUTE         3     2.059     R11C14C.F0 to  EBR_R8C8.ADR8 staging_rd_addr_6_N_849_4 (to pll_clk)
                  --------
                    8.579   (31.0% logic, 69.0% route), 5 logic levels.

 Clock Skew Details: 

      Source Clock Path fpga_pll_i to SLICE_49:

   Name    Fanout   Delay (ns)          Site               Resource
ROUTE       544     1.677     LPLL.CLKOP to     R6C17A.CLK pll_clk
                  --------
                    1.677   (0.0% logic, 100.0% route), 0 logic levels.

      Destination Clock Path fpga_pll_i to staging_ram/mem0:

   Name    Fanout   Delay (ns)          Site               Resource
ROUTE       544     1.850     LPLL.CLKOP to  EBR_R8C8.CLKR pll_clk
                  --------
                    1.850   (0.0% logic, 100.0% route), 0 logic levels.


Error: The following path exceeds requirements by 0.407ns

 Logical Details:  Cell type  Pin type       Cell/ASIC name  (clock net +/-)

   Source:         PDPW8KC    Port           event_ram/mem4(ASIC)  (from pll_clk +)
   Destination:    FF         Data in        ev_run_hold_i11  (to pll_clk +)

   Delay:               7.699ns  (67.9% logic, 32.1% route), 1 logic levels.

 Constraint Details:

      7.699ns physical path delay event_ram/mem4 to SLICE_1130 exceeds
      7.813ns delay constraint less
      0.173ns skew and
      0.348ns M_SET requirement (totaling 7.292ns) by 0.407ns

 Physical Path Details:

      Data path event_ram/mem4 to SLICE_1130:

   Name    Fanout   Delay (ns)          Site               Resource
C2Q_DEL     ---     5.224 EBR_R8C11.CLKR to  EBR_R8C11.DO2 event_ram/mem4 (from pll_clk)
ROUTE         2     2.475  EBR_R8C11.DO2 to      R4C20B.M0 ev_rd_data_11 (to pll_clk)
                  --------
                    7.699   (67.9% logic, 32.1% route), 1 logic levels.

 Clock Skew Details: 

      Source Clock Path fpga_pll_i to event_ram/mem4:

   Name    Fanout   Delay (ns)          Site               Resource
ROUTE       544     1.850     LPLL.CLKOP to EBR_R8C11.CLKR pll_clk
                  --------
                    1.850   (0.0% logic, 100.0% route), 0 logic levels.

      Destination Clock Path fpga_pll_i to SLICE_1130:

   Name    Fanout   Delay (ns)          Site               Resource
ROUTE       544     1.677     LPLL.CLKOP to     R4C20B.CLK pll_clk
                  --------
                    1.677   (0.0% logic, 100.0% route), 0 logic levels.


Error: The following path exceeds requirements by 0.374ns

 Logical Details:  Cell type  Pin type       Cell/ASIC name  (clock net +/-)

   Source:         FF         Q              ev_clear_addr_i0  (from pll_clk +)
   Destination:    PDPW8KC    Port           staging_ram/mem0(ASIC)  (to pll_clk +)

   Delay:               8.493ns  (31.3% logic, 68.7% route), 5 logic levels.

 Constraint Details:

      8.493ns physical path delay SLICE_55 to staging_ram/mem0 exceeds
      7.813ns delay constraint less
     -0.173ns skew and
     -0.133ns ADDR_SET requirement (totaling 8.119ns) by 0.374ns

 Physical Path Details:

      Data path SLICE_55 to staging_ram/mem0:

   Name    Fanout   Delay (ns)          Site               Resource
REG_DEL     ---     0.452     R6C16A.CLK to      R6C16A.Q1 SLICE_55 (from pll_clk)
ROUTE         3     1.036      R6C16A.Q1 to      R7C16B.B0 ev_clear_addr_0
CTOF_DEL    ---     0.495      R7C16B.B0 to      R7C16B.F0 SLICE_1012
ROUTE         1     0.626      R7C16B.F0 to      R7C16A.D1 n10_adj_3049
CTOF_DEL    ---     0.495      R7C16A.D1 to      R7C16A.F1 SLICE_900
ROUTE         6     1.047      R7C16A.F1 to      R9C15A.D1 ev_state_3_N_1976_1
CTOOFX_DEL  ---     0.721      R9C15A.D1 to    R9C15A.OFX0 i14817/SLICE_826
ROUTE         7     1.067    R9C15A.OFX0 to     R11C14C.D0 n15663
CTOF_DEL    ---     0.495     R11C14C.D0 to     R11C14C.F0 SLICE_530
ROUTE         3     2.059     R11C14C.F0 to  EBR_R8C8.ADR8 staging_rd_addr_6_N_849_4 (to pll_clk)
                  --------
                    8.493   (31.3% logic, 68.7% route), 5 logic levels.

 Clock Skew Details: 

      Source Clock Path fpga_pll_i to SLICE_55:

   Name    Fanout   Delay (ns)          Site               Resource
ROUTE       544     1.677     LPLL.CLKOP to     R6C16A.CLK pll_clk
                  --------
                    1.677   (0.0% logic, 100.0% route), 0 logic levels.

      Destination Clock Path fpga_pll_i to staging_ram/mem0:

   Name    Fanout   Delay (ns)          Site               Resource
ROUTE       544     1.850     LPLL.CLKOP to  EBR_R8C8.CLKR pll_clk
                  --------
                    1.850   (0.0% logic, 100.0% route), 0 logic levels.


Error: The following path exceeds requirements by 0.255ns

 Logical Details:  Cell type  Pin type       Cell/ASIC name  (clock net +/-)

   Source:         PDPW8KC    Port           event_ram/mem4(ASIC)  (from pll_clk +)
   Destination:    FF         Data in        ev_run_hold_i10  (to pll_clk +)

   Delay:               7.547ns  (69.2% logic, 30.8% route), 1 logic levels.

 Constraint Details:

      7.547ns physical path delay event_ram/mem4 to SLICE_1130 exceeds
      7.813ns delay constraint less
      0.173ns skew and
      0.348ns M_SET requirement (totaling 7.292ns) by 0.255ns

 Physical Path Details:

      Data path event_ram/mem4 to SLICE_1130:

   Name    Fanout   Delay (ns)          Site               Resource
C2Q_DEL     ---     5.224 EBR_R8C11.CLKR to  EBR_R8C11.DO1 event_ram/mem4 (from pll_clk)
ROUTE         2     2.323  EBR_R8C11.DO1 to      R4C20B.M1 ev_rd_data_10 (to pll_clk)
                  --------
                    7.547   (69.2% logic, 30.8% route), 1 logic levels.

 Clock Skew Details: 

      Source Clock Path fpga_pll_i to event_ram/mem4:

   Name    Fanout   Delay (ns)          Site               Resource
ROUTE       544     1.850     LPLL.CLKOP to EBR_R8C11.CLKR pll_clk
                  --------
                    1.850   (0.0% logic, 100.0% route), 0 logic levels.

      Destination Clock Path fpga_pll_i to SLICE_1130:

   Name    Fanout   Delay (ns)          Site               Resource
ROUTE       544     1.677     LPLL.CLKOP to     R4C20B.CLK pll_clk
                  --------
                    1.677   (0.0% logic, 100.0% route), 0 logic levels.


Error: The following path exceeds requirements by 0.247ns

 Logical Details:  Cell type  Pin type       Cell/ASIC name  (clock net +/-)

   Source:         PDPW8KC    Port           event_ram/mem4(ASIC)  (from pll_clk +)
   Destination:    FF         Data in        ev_run_hold_i2  (to pll_clk +)

   Delay:               7.539ns  (69.3% logic, 30.7% route), 1 logic levels.

 Constraint Details:

      7.539ns physical path delay event_ram/mem4 to SLICE_308 exceeds
      7.813ns delay constraint less
      0.173ns skew and
      0.348ns M_SET requirement (totaling 7.292ns) by 0.247ns

 Physical Path Details:

      Data path event_ram/mem4 to SLICE_308:

   Name    Fanout   Delay (ns)          Site               Resource
C2Q_DEL     ---     5.224 EBR_R8C11.CLKR to EBR_R8C11.DO11 event_ram/mem4 (from pll_clk)
ROUTE         2     2.315 EBR_R8C11.DO11 to      R5C22A.M1 ev_rd_data_2 (to pll_clk)
                  --------
                    7.539   (69.3% logic, 30.7% route), 1 logic levels.

 Clock Skew Details: 

      Source Clock Path fpga_pll_i to event_ram/mem4:

   Name    Fanout   Delay (ns)          Site               Resource
ROUTE       544     1.850     LPLL.CLKOP to EBR_R8C11.CLKR pll_clk
                  --------
                    1.850   (0.0% logic, 100.0% route), 0 logic levels.

      Destination Clock Path fpga_pll_i to SLICE_308:

   Name    Fanout   Delay (ns)          Site               Resource
ROUTE       544     1.677     LPLL.CLKOP to     R5C22A.CLK pll_clk
                  --------
                    1.677   (0.0% logic, 100.0% route), 0 logic levels.


Error: The following path exceeds requirements by 0.184ns

 Logical Details:  Cell type  Pin type       Cell/ASIC name  (clock net +/-)

   Source:         PDPW8KC    Port           event_ram/mem0(ASIC)  (from pll_clk +)
   Destination:    FF         Data in        ev_rd_hold_i67  (to pll_clk +)

   Delay:               7.476ns  (69.9% logic, 30.1% route), 1 logic levels.

 Constraint Details:

      7.476ns physical path delay event_ram/mem0 to SLICE_955 exceeds
      7.813ns delay constraint less
      0.173ns skew and
      0.348ns M_SET requirement (totaling 7.292ns) by 0.184ns

 Physical Path Details:

      Data path event_ram/mem0 to SLICE_955:

   Name    Fanout   Delay (ns)          Site               Resource
C2Q_DEL     ---     5.224 EBR_R8C15.CLKR to EBR_R8C15.DO10 event_ram/mem0 (from pll_clk)
ROUTE         2     2.252 EBR_R8C15.DO10 to     R10C23A.M1 ev_rd_data_67 (to pll_clk)
                  --------
                    7.476   (69.9% logic, 30.1% route), 1 logic levels.

 Clock Skew Details: 

      Source Clock Path fpga_pll_i to event_ram/mem0:

   Name    Fanout   Delay (ns)          Site               Resource
ROUTE       544     1.850     LPLL.CLKOP to EBR_R8C15.CLKR pll_clk
                  --------
                    1.850   (0.0% logic, 100.0% route), 0 logic levels.

      Destination Clock Path fpga_pll_i to SLICE_955:

   Name    Fanout   Delay (ns)          Site               Resource
ROUTE       544     1.677     LPLL.CLKOP to    R10C23A.CLK pll_clk
                  --------
                    1.677   (0.0% logic, 100.0% route), 0 logic levels.


Error: The following path exceeds requirements by 0.175ns

 Logical Details:  Cell type  Pin type       Cell/ASIC name  (clock net +/-)

   Source:         PDPW8KC    Port           event_ram/mem4(ASIC)  (from pll_clk +)
   Destination:    FF         Data in        ev_run_hold_i4  (to pll_clk +)

   Delay:               7.467ns  (70.0% logic, 30.0% route), 1 logic levels.

 Constraint Details:

      7.467ns physical path delay event_ram/mem4 to SLICE_318 exceeds
      7.813ns delay constraint less
      0.173ns skew and
      0.348ns M_SET requirement (totaling 7.292ns) by 0.175ns

 Physical Path Details:

      Data path event_ram/mem4 to SLICE_318:

   Name    Fanout   Delay (ns)          Site               Resource
C2Q_DEL     ---     5.224 EBR_R8C11.CLKR to EBR_R8C11.DO13 event_ram/mem4 (from pll_clk)
ROUTE         2     2.243 EBR_R8C11.DO13 to      R4C21C.M1 ev_rd_data_4 (to pll_clk)
                  --------
                    7.467   (70.0% logic, 30.0% route), 1 logic levels.

 Clock Skew Details: 

      Source Clock Path fpga_pll_i to event_ram/mem4:

   Name    Fanout   Delay (ns)          Site               Resource
ROUTE       544     1.850     LPLL.CLKOP to EBR_R8C11.CLKR pll_clk
                  --------
                    1.850   (0.0% logic, 100.0% route), 0 logic levels.

      Destination Clock Path fpga_pll_i to SLICE_318:

   Name    Fanout   Delay (ns)          Site               Resource
ROUTE       544     1.677     LPLL.CLKOP to     R4C21C.CLK pll_clk
                  --------
                    1.677   (0.0% logic, 100.0% route), 0 logic levels.


Error: The following path exceeds requirements by 0.164ns

 Logical Details:  Cell type  Pin type       Cell/ASIC name  (clock net +/-)

   Source:         FF         Q              ev_clear_addr_i7  (from pll_clk +)
   Destination:    PDPW8KC    Port           staging_ram/mem0(ASIC)  (to pll_clk +)

   Delay:               8.283ns  (32.1% logic, 67.9% route), 5 logic levels.

 Constraint Details:

      8.283ns physical path delay SLICE_49 to staging_ram/mem0 exceeds
      7.813ns delay constraint less
     -0.173ns skew and
     -0.133ns ADDR_SET requirement (totaling 8.119ns) by 0.164ns

 Physical Path Details:

      Data path SLICE_49 to staging_ram/mem0:

   Name    Fanout   Delay (ns)          Site               Resource
REG_DEL     ---     0.452     R6C17A.CLK to      R6C17A.Q0 SLICE_49 (from pll_clk)
ROUTE         3     1.312      R6C17A.Q0 to      R7C16B.A1 ev_clear_addr_7
CTOF_DEL    ---     0.495      R7C16B.A1 to      R7C16B.F1 SLICE_1012
ROUTE         1     0.436      R7C16B.F1 to      R7C16A.C1 n14_adj_3048
CTOF_DEL    ---     0.495      R7C16A.C1 to      R7C16A.F1 SLICE_900
ROUTE         6     1.047      R7C16A.F1 to      R9C15A.D1 ev_state_3_N_1976_1
CTOOFX_DEL  ---     0.721      R9C15A.D1 to    R9C15A.OFX0 i14817/SLICE_826
ROUTE         7     1.081    R9C15A.OFX0 to     R11C15B.D0 n15663
CTOF_DEL    ---     0.495     R11C15B.D0 to     R11C15B.F0 SLICE_526
ROUTE         3     1.749     R11C15B.F0 to  EBR_R8C8.ADR6 staging_rd_addr_6_N_849_2 (to pll_clk)
                  --------
                    8.283   (32.1% logic, 67.9% route), 5 logic levels.

 Clock Skew Details: 

      Source Clock Path fpga_pll_i to SLICE_49:

   Name    Fanout   Delay (ns)          Site               Resource
ROUTE       544     1.677     LPLL.CLKOP to     R6C17A.CLK pll_clk
                  --------
                    1.677   (0.0% logic, 100.0% route), 0 logic levels.

      Destination Clock Path fpga_pll_i to staging_ram/mem0:

   Name    Fanout   Delay (ns)          Site               Resource
ROUTE       544     1.850     LPLL.CLKOP to  EBR_R8C8.CLKR pll_clk
                  --------
                    1.850   (0.0% logic, 100.0% route), 0 logic levels.


Error: The following path exceeds requirements by 0.164ns

 Logical Details:  Cell type  Pin type       Cell/ASIC name  (clock net +/-)

   Source:         FF         Q              ev_clear_addr_i7  (from pll_clk +)
   Destination:    PDPW8KC    Port           staging_ram/mem0(ASIC)  (to pll_clk +)

   Delay:               8.283ns  (32.1% logic, 67.9% route), 5 logic levels.

 Constraint Details:

      8.283ns physical path delay SLICE_49 to staging_ram/mem0 exceeds
      7.813ns delay constraint less
     -0.173ns skew and
     -0.133ns ADDR_SET requirement (totaling 8.119ns) by 0.164ns

 Physical Path Details:

      Data path SLICE_49 to staging_ram/mem0:

   Name    Fanout   Delay (ns)          Site               Resource
REG_DEL     ---     0.452     R6C17A.CLK to      R6C17A.Q0 SLICE_49 (from pll_clk)
ROUTE         3     1.312      R6C17A.Q0 to      R7C16B.A1 ev_clear_addr_7
CTOF_DEL    ---     0.495      R7C16B.A1 to      R7C16B.F1 SLICE_1012
ROUTE         1     0.436      R7C16B.F1 to      R7C16A.C1 n14_adj_3048
CTOF_DEL    ---     0.495      R7C16A.C1 to      R7C16A.F1 SLICE_900
ROUTE         6     1.047      R7C16A.F1 to      R9C15A.D1 ev_state_3_N_1976_1
CTOOFX_DEL  ---     0.721      R9C15A.D1 to    R9C15A.OFX0 i14817/SLICE_826
ROUTE         7     1.081    R9C15A.OFX0 to     R11C15C.D0 n15663
CTOF_DEL    ---     0.495     R11C15C.D0 to     R11C15C.F0 SLICE_528
ROUTE         3     1.749     R11C15C.F0 to  EBR_R8C8.ADR7 staging_rd_addr_6_N_849_3 (to pll_clk)
                  --------
                    8.283   (32.1% logic, 67.9% route), 5 logic levels.

 Clock Skew Details: 

      Source Clock Path fpga_pll_i to SLICE_49:

   Name    Fanout   Delay (ns)          Site               Resource
ROUTE       544     1.677     LPLL.CLKOP to     R6C17A.CLK pll_clk
                  --------
                    1.677   (0.0% logic, 100.0% route), 0 logic levels.

      Destination Clock Path fpga_pll_i to staging_ram/mem0:

   Name    Fanout   Delay (ns)          Site               Resource
ROUTE       544     1.850     LPLL.CLKOP to  EBR_R8C8.CLKR pll_clk
                  --------
                    1.850   (0.0% logic, 100.0% route), 0 logic levels.

Warning: 116.727MHz is the maximum frequency for this preference.


================================================================================
Preference: FREQUENCY PORT "spi1_sck" 42.500000 MHz ;
            4096 items scored, 0 timing errors detected.
--------------------------------------------------------------------------------


Passed: The following path meets requirements by 4.533ns

 Logical Details:  Cell type  Pin type       Cell/ASIC name  (clock net +/-)

   Source:         FF         Q              spi_byte_count_i0_i6  (from spi1_sck_c +)
   Destination:    FF         Data in        spi_bitmap_i0_i66  (to spi1_sck_c +)
                   FF                        spi_bitmap_i0_i67

   Delay:              18.714ns  (18.3% logic, 81.7% route), 7 logic levels.

 Constraint Details:

     18.714ns physical path delay SLICE_70 to SLICE_1349 meets
     23.529ns delay constraint less
      0.000ns skew and
      0.282ns CE_SET requirement (totaling 23.247ns) by 4.533ns

 Physical Path Details:

      Data path SLICE_70 to SLICE_1349:

   Name    Fanout   Delay (ns)          Site               Resource
REG_DEL     ---     0.452     R4C10D.CLK to      R4C10D.Q1 SLICE_70 (from spi1_sck_c)
ROUTE         6     2.204      R4C10D.Q1 to      R9C13A.B1 spi_byte_count_6
CTOF_DEL    ---     0.495      R9C13A.B1 to      R9C13A.F1 SLICE_855
ROUTE         6     2.869      R9C13A.F1 to      R6C14B.B0 n19122
CTOF_DEL    ---     0.495      R6C14B.B0 to      R6C14B.F0 SLICE_925
ROUTE         3     2.403      R6C14B.F0 to      R7C18B.B1 n23494
CTOF_DEL    ---     0.495      R7C18B.B1 to      R7C18B.F1 SLICE_886
ROUTE         2     1.459      R7C18B.F1 to      R6C19B.B0 n14781
CTOF_DEL    ---     0.495      R6C19B.B0 to      R6C19B.F0 SLICE_1002
ROUTE         1     1.817      R6C19B.F0 to      R9C13B.C0 n4_adj_3064
CTOF_DEL    ---     0.495      R9C13B.C0 to      R9C13B.F0 SLICE_912
ROUTE         4     1.195      R9C13B.F0 to      R9C12C.C0 n22667
CTOF_DEL    ---     0.495      R9C12C.C0 to      R9C12C.F0 SLICE_892
ROUTE        19     3.345      R9C12C.F0 to     R11C10C.CE spi1_sck_c_enable_176 (to spi1_sck_c)
                  --------
                   18.714   (18.3% logic, 81.7% route), 7 logic levels.

 Clock Skew Details: 

      Source Clock Path spi1_sck to SLICE_70:

   Name    Fanout   Delay (ns)          Site               Resource
ROUTE       188     2.209       K1.PADDI to     R4C10D.CLK spi1_sck_c
                  --------
                    2.209   (0.0% logic, 100.0% route), 0 logic levels.

      Destination Clock Path spi1_sck to SLICE_1349:

   Name    Fanout   Delay (ns)          Site               Resource
ROUTE       188     2.209       K1.PADDI to    R11C10C.CLK spi1_sck_c
                  --------
                    2.209   (0.0% logic, 100.0% route), 0 logic levels.


Passed: The following path meets requirements by 4.633ns

 Logical Details:  Cell type  Pin type       Cell/ASIC name  (clock net +/-)

   Source:         FF         Q              spi_bitmap_i0_i46  (from spi1_sck_c +)
   Destination:    FF         Data in        accepted_sequence_spi_i0_i3  (to spi1_sck_c +)
                   FF                        accepted_sequence_spi_i0_i29

   Delay:              18.614ns  (26.4% logic, 73.6% route), 10 logic levels.

 Constraint Details:

     18.614ns physical path delay SLICE_649 to SLICE_880 meets
     23.529ns delay constraint less
      0.000ns skew and
      0.282ns CE_SET requirement (totaling 23.247ns) by 4.633ns

 Physical Path Details:

      Data path SLICE_649 to SLICE_880:

   Name    Fanout   Delay (ns)          Site               Resource
REG_DEL     ---     0.452     R12C9B.CLK to      R12C9B.Q0 SLICE_649 (from spi1_sck_c)
ROUTE         2     2.202      R12C9B.Q0 to      R12C8A.C0 spi_bitmap_46
CTOF_DEL    ---     0.495      R12C8A.C0 to      R12C8A.F0 SLICE_758
ROUTE         1     1.336      R12C8A.F0 to      R11C9C.B0 n22952
CTOF_DEL    ---     0.495      R11C9C.B0 to      R11C9C.F0 SLICE_880
ROUTE         1     0.964      R11C9C.F0 to     R11C10D.A0 n22992
CTOF_DEL    ---     0.495     R11C10D.A0 to     R11C10D.F0 SLICE_861
ROUTE         1     0.958     R11C10D.F0 to      R11C7A.D1 n23018
CTOF_DEL    ---     0.495      R11C7A.D1 to      R11C7A.F1 SLICE_859
ROUTE         1     1.001      R11C7A.F1 to      R11C8C.B1 n174
CTOF_DEL    ---     0.495      R11C8C.B1 to      R11C8C.F1 SLICE_1008
ROUTE         1     1.173      R11C8C.F1 to      R5C10C.D0 n18981
CTOF_DEL    ---     0.495      R5C10C.D0 to      R5C10C.F0 SLICE_863
ROUTE         1     0.766      R5C10C.F0 to      R6C10C.C0 n36_adj_3026
CTOF_DEL    ---     0.495      R6C10C.C0 to      R6C10C.F0 SLICE_853
ROUTE         1     0.436      R6C10C.F0 to      R6C10C.C1 n44
CTOF_DEL    ---     0.495      R6C10C.C1 to      R6C10C.F1 SLICE_853
ROUTE         5     1.182      R6C10C.F1 to      R6C17C.D0 n23491
CTOF_DEL    ---     0.495      R6C17C.D0 to      R6C17C.F0 SLICE_896
ROUTE        16     3.689      R6C17C.F0 to      R11C9C.CE spi1_sck_c_enable_317 (to spi1_sck_c)
                  --------
                   18.614   (26.4% logic, 73.6% route), 10 logic levels.

 Clock Skew Details: 

      Source Clock Path spi1_sck to SLICE_649:

   Name    Fanout   Delay (ns)          Site               Resource
ROUTE       188     2.209       K1.PADDI to     R12C9B.CLK spi1_sck_c
                  --------
                    2.209   (0.0% logic, 100.0% route), 0 logic levels.

      Destination Clock Path spi1_sck to SLICE_880:

   Name    Fanout   Delay (ns)          Site               Resource
ROUTE       188     2.209       K1.PADDI to     R11C9C.CLK spi1_sck_c
                  --------
                    2.209   (0.0% logic, 100.0% route), 0 logic levels.


Passed: The following path meets requirements by 4.712ns

 Logical Details:  Cell type  Pin type       Cell/ASIC name  (clock net +/-)

   Source:         FF         Q              spi_byte_count_i0_i6  (from spi1_sck_c +)
   Destination:    FF         Data in        rgb_values_i0_i56  (to spi1_sck_c +)
                   FF                        rgb_values_i0_i57

   Delay:              18.535ns  (18.5% logic, 81.5% route), 7 logic levels.

 Constraint Details:

     18.535ns physical path delay SLICE_70 to SLICE_1296 meets
     23.529ns delay constraint less
      0.000ns skew and
      0.282ns CE_SET requirement (totaling 23.247ns) by 4.712ns

 Physical Path Details:

      Data path SLICE_70 to SLICE_1296:

   Name    Fanout   Delay (ns)          Site               Resource
REG_DEL     ---     0.452     R4C10D.CLK to      R4C10D.Q1 SLICE_70 (from spi1_sck_c)
ROUTE         6     2.204      R4C10D.Q1 to      R9C13A.B1 spi_byte_count_6
CTOF_DEL    ---     0.495      R9C13A.B1 to      R9C13A.F1 SLICE_855
ROUTE         6     2.869      R9C13A.F1 to      R6C14B.B0 n19122
CTOF_DEL    ---     0.495      R6C14B.B0 to      R6C14B.F0 SLICE_925
ROUTE         3     2.403      R6C14B.F0 to      R7C18B.B1 n23494
CTOF_DEL    ---     0.495      R7C18B.B1 to      R7C18B.F1 SLICE_886
ROUTE         2     1.459      R7C18B.F1 to      R6C19B.B0 n14781
CTOF_DEL    ---     0.495      R6C19B.B0 to      R6C19B.F0 SLICE_1002
ROUTE         1     1.817      R6C19B.F0 to      R9C13B.C0 n4_adj_3064
CTOF_DEL    ---     0.495      R9C13B.C0 to      R9C13B.F0 SLICE_912
ROUTE         4     1.195      R9C13B.F0 to      R9C12A.C1 n22667
CTOF_DEL    ---     0.495      R9C12A.C1 to      R9C12A.F1 SLICE_921
ROUTE        23     3.166      R9C12A.F1 to       R9C7B.CE spi1_sck_c_enable_271 (to spi1_sck_c)
                  --------
                   18.535   (18.5% logic, 81.5% route), 7 logic levels.

 Clock Skew Details: 

      Source Clock Path spi1_sck to SLICE_70:

   Name    Fanout   Delay (ns)          Site               Resource
ROUTE       188     2.209       K1.PADDI to     R4C10D.CLK spi1_sck_c
                  --------
                    2.209   (0.0% logic, 100.0% route), 0 logic levels.

      Destination Clock Path spi1_sck to SLICE_1296:

   Name    Fanout   Delay (ns)          Site               Resource
ROUTE       188     2.209       K1.PADDI to      R9C7B.CLK spi1_sck_c
                  --------
                    2.209   (0.0% logic, 100.0% route), 0 logic levels.


Passed: The following path meets requirements by 4.729ns

 Logical Details:  Cell type  Pin type       Cell/ASIC name  (clock net +/-)

   Source:         FF         Q              spi_byte_count_i0_i6  (from spi1_sck_c +)
   Destination:    FF         Data in        rgb_values_i0_i82  (to spi1_sck_c +)
                   FF                        rgb_values_i0_i83

   Delay:              18.518ns  (18.5% logic, 81.5% route), 7 logic levels.

 Constraint Details:

     18.518ns physical path delay SLICE_70 to SLICE_1309 meets
     23.529ns delay constraint less
      0.000ns skew and
      0.282ns CE_SET requirement (totaling 23.247ns) by 4.729ns

 Physical Path Details:

      Data path SLICE_70 to SLICE_1309:

   Name    Fanout   Delay (ns)          Site               Resource
REG_DEL     ---     0.452     R4C10D.CLK to      R4C10D.Q1 SLICE_70 (from spi1_sck_c)
ROUTE         6     2.204      R4C10D.Q1 to      R9C13A.B1 spi_byte_count_6
CTOF_DEL    ---     0.495      R9C13A.B1 to      R9C13A.F1 SLICE_855
ROUTE         6     2.869      R9C13A.F1 to      R6C14B.B0 n19122
CTOF_DEL    ---     0.495      R6C14B.B0 to      R6C14B.F0 SLICE_925
ROUTE         3     2.403      R6C14B.F0 to      R7C18B.B1 n23494
CTOF_DEL    ---     0.495      R7C18B.B1 to      R7C18B.F1 SLICE_886
ROUTE         2     1.459      R7C18B.F1 to      R6C19B.B0 n14781
CTOF_DEL    ---     0.495      R6C19B.B0 to      R6C19B.F0 SLICE_1002
ROUTE         1     1.817      R6C19B.F0 to      R9C13B.C0 n4_adj_3064
CTOF_DEL    ---     0.495      R9C13B.C0 to      R9C13B.F0 SLICE_912
ROUTE         4     1.195      R9C13B.F0 to      R9C12A.C1 n22667
CTOF_DEL    ---     0.495      R9C12A.C1 to      R9C12A.F1 SLICE_921
ROUTE        23     3.149      R9C12A.F1 to       R7C6A.CE spi1_sck_c_enable_271 (to spi1_sck_c)
                  --------
                   18.518   (18.5% logic, 81.5% route), 7 logic levels.

 Clock Skew Details: 

      Source Clock Path spi1_sck to SLICE_70:

   Name    Fanout   Delay (ns)          Site               Resource
ROUTE       188     2.209       K1.PADDI to     R4C10D.CLK spi1_sck_c
                  --------
                    2.209   (0.0% logic, 100.0% route), 0 logic levels.

      Destination Clock Path spi1_sck to SLICE_1309:

   Name    Fanout   Delay (ns)          Site               Resource
ROUTE       188     2.209       K1.PADDI to      R7C6A.CLK spi1_sck_c
                  --------
                    2.209   (0.0% logic, 100.0% route), 0 logic levels.


Passed: The following path meets requirements by 4.752ns

 Logical Details:  Cell type  Pin type       Cell/ASIC name  (clock net +/-)

   Source:         FF         Q              spi_bitmap_i0_i46  (from spi1_sck_c +)
   Destination:    FF         Data in        accepted_sequence_spi_i0_i17  (to spi1_sck_c +)
                   FF                        accepted_sequence_spi_i0_i16

   Delay:              18.495ns  (26.5% logic, 73.5% route), 10 logic levels.

 Constraint Details:

     18.495ns physical path delay SLICE_649 to SLICE_1008 meets
     23.529ns delay constraint less
      0.000ns skew and
      0.282ns CE_SET requirement (totaling 23.247ns) by 4.752ns

 Physical Path Details:

      Data path SLICE_649 to SLICE_1008:

   Name    Fanout   Delay (ns)          Site               Resource
REG_DEL     ---     0.452     R12C9B.CLK to      R12C9B.Q0 SLICE_649 (from spi1_sck_c)
ROUTE         2     2.202      R12C9B.Q0 to      R12C8A.C0 spi_bitmap_46
CTOF_DEL    ---     0.495      R12C8A.C0 to      R12C8A.F0 SLICE_758
ROUTE         1     1.336      R12C8A.F0 to      R11C9C.B0 n22952
CTOF_DEL    ---     0.495      R11C9C.B0 to      R11C9C.F0 SLICE_880
ROUTE         1     0.964      R11C9C.F0 to     R11C10D.A0 n22992
CTOF_DEL    ---     0.495     R11C10D.A0 to     R11C10D.F0 SLICE_861
ROUTE         1     0.958     R11C10D.F0 to      R11C7A.D1 n23018
CTOF_DEL    ---     0.495      R11C7A.D1 to      R11C7A.F1 SLICE_859
ROUTE         1     1.001      R11C7A.F1 to      R11C8C.B1 n174
CTOF_DEL    ---     0.495      R11C8C.B1 to      R11C8C.F1 SLICE_1008
ROUTE         1     1.173      R11C8C.F1 to      R5C10C.D0 n18981
CTOF_DEL    ---     0.495      R5C10C.D0 to      R5C10C.F0 SLICE_863
ROUTE         1     0.766      R5C10C.F0 to      R6C10C.C0 n36_adj_3026
CTOF_DEL    ---     0.495      R6C10C.C0 to      R6C10C.F0 SLICE_853
ROUTE         1     0.436      R6C10C.F0 to      R6C10C.C1 n44
CTOF_DEL    ---     0.495      R6C10C.C1 to      R6C10C.F1 SLICE_853
ROUTE         5     1.182      R6C10C.F1 to      R6C17C.D0 n23491
CTOF_DEL    ---     0.495      R6C17C.D0 to      R6C17C.F0 SLICE_896
ROUTE        16     3.570      R6C17C.F0 to      R11C8C.CE spi1_sck_c_enable_317 (to spi1_sck_c)
                  --------
                   18.495   (26.5% logic, 73.5% route), 10 logic levels.

 Clock Skew Details: 

      Source Clock Path spi1_sck to SLICE_649:

   Name    Fanout   Delay (ns)          Site               Resource
ROUTE       188     2.209       K1.PADDI to     R12C9B.CLK spi1_sck_c
                  --------
                    2.209   (0.0% logic, 100.0% route), 0 logic levels.

      Destination Clock Path spi1_sck to SLICE_1008:

   Name    Fanout   Delay (ns)          Site               Resource
ROUTE       188     2.209       K1.PADDI to     R11C8C.CLK spi1_sck_c
                  --------
                    2.209   (0.0% logic, 100.0% route), 0 logic levels.


Passed: The following path meets requirements by 4.960ns

 Logical Details:  Cell type  Pin type       Cell/ASIC name  (clock net +/-)

   Source:         FF         Q              spi_byte_count_i0_i6  (from spi1_sck_c +)
   Destination:    FF         Data in        spi_bitmap_i0_i54  (to spi1_sck_c +)
                   FF                        spi_bitmap_i0_i55

   Delay:              18.287ns  (18.7% logic, 81.3% route), 7 logic levels.

 Constraint Details:

     18.287ns physical path delay SLICE_70 to SLICE_1343 meets
     23.529ns delay constraint less
      0.000ns skew and
      0.282ns CE_SET requirement (totaling 23.247ns) by 4.960ns

 Physical Path Details:

      Data path SLICE_70 to SLICE_1343:

   Name    Fanout   Delay (ns)          Site               Resource
REG_DEL     ---     0.452     R4C10D.CLK to      R4C10D.Q1 SLICE_70 (from spi1_sck_c)
ROUTE         6     2.204      R4C10D.Q1 to      R9C13A.B1 spi_byte_count_6
CTOF_DEL    ---     0.495      R9C13A.B1 to      R9C13A.F1 SLICE_855
ROUTE         6     2.869      R9C13A.F1 to      R6C14B.B0 n19122
CTOF_DEL    ---     0.495      R6C14B.B0 to      R6C14B.F0 SLICE_925
ROUTE         3     2.403      R6C14B.F0 to      R7C18B.B1 n23494
CTOF_DEL    ---     0.495      R7C18B.B1 to      R7C18B.F1 SLICE_886
ROUTE         2     1.459      R7C18B.F1 to      R6C19B.B0 n14781
CTOF_DEL    ---     0.495      R6C19B.B0 to      R6C19B.F0 SLICE_1002
ROUTE         1     1.817      R6C19B.F0 to      R9C13B.C0 n4_adj_3064
CTOF_DEL    ---     0.495      R9C13B.C0 to      R9C13B.F0 SLICE_912
ROUTE         4     1.195      R9C13B.F0 to      R9C12C.C0 n22667
CTOF_DEL    ---     0.495      R9C12C.C0 to      R9C12C.F0 SLICE_892
ROUTE        19     2.918      R9C12C.F0 to      R11C9B.CE spi1_sck_c_enable_176 (to spi1_sck_c)
                  --------
                   18.287   (18.7% logic, 81.3% route), 7 logic levels.

 Clock Skew Details: 

      Source Clock Path spi1_sck to SLICE_70:

   Name    Fanout   Delay (ns)          Site               Resource
ROUTE       188     2.209       K1.PADDI to     R4C10D.CLK spi1_sck_c
                  --------
                    2.209   (0.0% logic, 100.0% route), 0 logic levels.

      Destination Clock Path spi1_sck to SLICE_1343:

   Name    Fanout   Delay (ns)          Site               Resource
ROUTE       188     2.209       K1.PADDI to     R11C9B.CLK spi1_sck_c
                  --------
                    2.209   (0.0% logic, 100.0% route), 0 logic levels.


Passed: The following path meets requirements by 4.960ns

 Logical Details:  Cell type  Pin type       Cell/ASIC name  (clock net +/-)

   Source:         FF         Q              spi_byte_count_i0_i6  (from spi1_sck_c +)
   Destination:    FF         Data in        spi_bitmap_i0_i84  (to spi1_sck_c +)
                   FF                        spi_bitmap_i0_i85

   Delay:              18.287ns  (18.7% logic, 81.3% route), 7 logic levels.

 Constraint Details:

     18.287ns physical path delay SLICE_70 to SLICE_1358 meets
     23.529ns delay constraint less
      0.000ns skew and
      0.282ns CE_SET requirement (totaling 23.247ns) by 4.960ns

 Physical Path Details:

      Data path SLICE_70 to SLICE_1358:

   Name    Fanout   Delay (ns)          Site               Resource
REG_DEL     ---     0.452     R4C10D.CLK to      R4C10D.Q1 SLICE_70 (from spi1_sck_c)
ROUTE         6     2.204      R4C10D.Q1 to      R9C13A.B1 spi_byte_count_6
CTOF_DEL    ---     0.495      R9C13A.B1 to      R9C13A.F1 SLICE_855
ROUTE         6     2.869      R9C13A.F1 to      R6C14B.B0 n19122
CTOF_DEL    ---     0.495      R6C14B.B0 to      R6C14B.F0 SLICE_925
ROUTE         3     2.403      R6C14B.F0 to      R7C18B.B1 n23494
CTOF_DEL    ---     0.495      R7C18B.B1 to      R7C18B.F1 SLICE_886
ROUTE         2     1.459      R7C18B.F1 to      R6C19B.B0 n14781
CTOF_DEL    ---     0.495      R6C19B.B0 to      R6C19B.F0 SLICE_1002
ROUTE         1     1.817      R6C19B.F0 to      R9C13B.C0 n4_adj_3064
CTOF_DEL    ---     0.495      R9C13B.C0 to      R9C13B.F0 SLICE_912
ROUTE         4     1.195      R9C13B.F0 to      R9C12C.C0 n22667
CTOF_DEL    ---     0.495      R9C12C.C0 to      R9C12C.F0 SLICE_892
ROUTE        19     2.918      R9C12C.F0 to      R12C9A.CE spi1_sck_c_enable_176 (to spi1_sck_c)
                  --------
                   18.287   (18.7% logic, 81.3% route), 7 logic levels.

 Clock Skew Details: 

      Source Clock Path spi1_sck to SLICE_70:

   Name    Fanout   Delay (ns)          Site               Resource
ROUTE       188     2.209       K1.PADDI to     R4C10D.CLK spi1_sck_c
                  --------
                    2.209   (0.0% logic, 100.0% route), 0 logic levels.

      Destination Clock Path spi1_sck to SLICE_1358:

   Name    Fanout   Delay (ns)          Site               Resource
ROUTE       188     2.209       K1.PADDI to     R12C9A.CLK spi1_sck_c
                  --------
                    2.209   (0.0% logic, 100.0% route), 0 logic levels.


Passed: The following path meets requirements by 5.005ns

 Logical Details:  Cell type  Pin type       Cell/ASIC name  (clock net +/-)

   Source:         FF         Q              spi_byte_count_i0_i7  (from spi1_sck_c +)
   Destination:    FF         Data in        spi_bitmap_i0_i66  (to spi1_sck_c +)
                   FF                        spi_bitmap_i0_i67

   Delay:              18.242ns  (18.8% logic, 81.2% route), 7 logic levels.

 Constraint Details:

     18.242ns physical path delay SLICE_67 to SLICE_1349 meets
     23.529ns delay constraint less
      0.000ns skew and
      0.282ns CE_SET requirement (totaling 23.247ns) by 5.005ns

 Physical Path Details:

      Data path SLICE_67 to SLICE_1349:

   Name    Fanout   Delay (ns)          Site               Resource
REG_DEL     ---     0.452     R4C11A.CLK to      R4C11A.Q0 SLICE_67 (from spi1_sck_c)
ROUTE         6     1.732      R4C11A.Q0 to      R9C13A.D1 spi_byte_count_7
CTOF_DEL    ---     0.495      R9C13A.D1 to      R9C13A.F1 SLICE_855
ROUTE         6     2.869      R9C13A.F1 to      R6C14B.B0 n19122
CTOF_DEL    ---     0.495      R6C14B.B0 to      R6C14B.F0 SLICE_925
ROUTE         3     2.403      R6C14B.F0 to      R7C18B.B1 n23494
CTOF_DEL    ---     0.495      R7C18B.B1 to      R7C18B.F1 SLICE_886
ROUTE         2     1.459      R7C18B.F1 to      R6C19B.B0 n14781
CTOF_DEL    ---     0.495      R6C19B.B0 to      R6C19B.F0 SLICE_1002
ROUTE         1     1.817      R6C19B.F0 to      R9C13B.C0 n4_adj_3064
CTOF_DEL    ---     0.495      R9C13B.C0 to      R9C13B.F0 SLICE_912
ROUTE         4     1.195      R9C13B.F0 to      R9C12C.C0 n22667
CTOF_DEL    ---     0.495      R9C12C.C0 to      R9C12C.F0 SLICE_892
ROUTE        19     3.345      R9C12C.F0 to     R11C10C.CE spi1_sck_c_enable_176 (to spi1_sck_c)
                  --------
                   18.242   (18.8% logic, 81.2% route), 7 logic levels.

 Clock Skew Details: 

      Source Clock Path spi1_sck to SLICE_67:

   Name    Fanout   Delay (ns)          Site               Resource
ROUTE       188     2.209       K1.PADDI to     R4C11A.CLK spi1_sck_c
                  --------
                    2.209   (0.0% logic, 100.0% route), 0 logic levels.

      Destination Clock Path spi1_sck to SLICE_1349:

   Name    Fanout   Delay (ns)          Site               Resource
ROUTE       188     2.209       K1.PADDI to    R11C10C.CLK spi1_sck_c
                  --------
                    2.209   (0.0% logic, 100.0% route), 0 logic levels.


Passed: The following path meets requirements by 5.042ns

 Logical Details:  Cell type  Pin type       Cell/ASIC name  (clock net +/-)

   Source:         FF         Q              spi_byte_count_i0_i6  (from spi1_sck_c +)
   Destination:    FF         Data in        rgb_values_i0_i84  (to spi1_sck_c +)
                   FF                        rgb_values_i0_i85

   Delay:              18.205ns  (18.8% logic, 81.2% route), 7 logic levels.

 Constraint Details:

     18.205ns physical path delay SLICE_70 to SLICE_1310 meets
     23.529ns delay constraint less
      0.000ns skew and
      0.282ns CE_SET requirement (totaling 23.247ns) by 5.042ns

 Physical Path Details:

      Data path SLICE_70 to SLICE_1310:

   Name    Fanout   Delay (ns)          Site               Resource
REG_DEL     ---     0.452     R4C10D.CLK to      R4C10D.Q1 SLICE_70 (from spi1_sck_c)
ROUTE         6     2.204      R4C10D.Q1 to      R9C13A.B1 spi_byte_count_6
CTOF_DEL    ---     0.495      R9C13A.B1 to      R9C13A.F1 SLICE_855
ROUTE         6     2.869      R9C13A.F1 to      R6C14B.B0 n19122
CTOF_DEL    ---     0.495      R6C14B.B0 to      R6C14B.F0 SLICE_925
ROUTE         3     2.403      R6C14B.F0 to      R7C18B.B1 n23494
CTOF_DEL    ---     0.495      R7C18B.B1 to      R7C18B.F1 SLICE_886
ROUTE         2     1.459      R7C18B.F1 to      R6C19B.B0 n14781
CTOF_DEL    ---     0.495      R6C19B.B0 to      R6C19B.F0 SLICE_1002
ROUTE         1     1.817      R6C19B.F0 to      R9C13B.C0 n4_adj_3064
CTOF_DEL    ---     0.495      R9C13B.C0 to      R9C13B.F0 SLICE_912
ROUTE         4     1.195      R9C13B.F0 to      R9C12A.C1 n22667
CTOF_DEL    ---     0.495      R9C12A.C1 to      R9C12A.F1 SLICE_921
ROUTE        23     2.836      R9C12A.F1 to       R9C5D.CE spi1_sck_c_enable_271 (to spi1_sck_c)
                  --------
                   18.205   (18.8% logic, 81.2% route), 7 logic levels.

 Clock Skew Details: 

      Source Clock Path spi1_sck to SLICE_70:

   Name    Fanout   Delay (ns)          Site               Resource
ROUTE       188     2.209       K1.PADDI to     R4C10D.CLK spi1_sck_c
                  --------
                    2.209   (0.0% logic, 100.0% route), 0 logic levels.

      Destination Clock Path spi1_sck to SLICE_1310:

   Name    Fanout   Delay (ns)          Site               Resource
ROUTE       188     2.209       K1.PADDI to      R9C5D.CLK spi1_sck_c
                  --------
                    2.209   (0.0% logic, 100.0% route), 0 logic levels.


Passed: The following path meets requirements by 5.054ns

 Logical Details:  Cell type  Pin type       Cell/ASIC name  (clock net +/-)

   Source:         FF         Q              spi_bitmap_i0_i46  (from spi1_sck_c +)
   Destination:    FF         Data in        accepted_sequence_spi_i0_i31  (to spi1_sck_c +)
                   FF                        accepted_sequence_spi_i0_i30

   Delay:              18.193ns  (27.0% logic, 73.0% route), 10 logic levels.

 Constraint Details:

     18.193ns physical path delay SLICE_649 to SLICE_868 meets
     23.529ns delay constraint less
      0.000ns skew and
      0.282ns CE_SET requirement (totaling 23.247ns) by 5.054ns

 Physical Path Details:

      Data path SLICE_649 to SLICE_868:

   Name    Fanout   Delay (ns)          Site               Resource
REG_DEL     ---     0.452     R12C9B.CLK to      R12C9B.Q0 SLICE_649 (from spi1_sck_c)
ROUTE         2     2.202      R12C9B.Q0 to      R12C8A.C0 spi_bitmap_46
CTOF_DEL    ---     0.495      R12C8A.C0 to      R12C8A.F0 SLICE_758
ROUTE         1     1.336      R12C8A.F0 to      R11C9C.B0 n22952
CTOF_DEL    ---     0.495      R11C9C.B0 to      R11C9C.F0 SLICE_880
ROUTE         1     0.964      R11C9C.F0 to     R11C10D.A0 n22992
CTOF_DEL    ---     0.495     R11C10D.A0 to     R11C10D.F0 SLICE_861
ROUTE         1     0.958     R11C10D.F0 to      R11C7A.D1 n23018
CTOF_DEL    ---     0.495      R11C7A.D1 to      R11C7A.F1 SLICE_859
ROUTE         1     1.001      R11C7A.F1 to      R11C8C.B1 n174
CTOF_DEL    ---     0.495      R11C8C.B1 to      R11C8C.F1 SLICE_1008
ROUTE         1     1.173      R11C8C.F1 to      R5C10C.D0 n18981
CTOF_DEL    ---     0.495      R5C10C.D0 to      R5C10C.F0 SLICE_863
ROUTE         1     0.766      R5C10C.F0 to      R6C10C.C0 n36_adj_3026
CTOF_DEL    ---     0.495      R6C10C.C0 to      R6C10C.F0 SLICE_853
ROUTE         1     0.436      R6C10C.F0 to      R6C10C.C1 n44
CTOF_DEL    ---     0.495      R6C10C.C1 to      R6C10C.F1 SLICE_853
ROUTE         5     1.182      R6C10C.F1 to      R6C17C.D0 n23491
CTOF_DEL    ---     0.495      R6C17C.D0 to      R6C17C.F0 SLICE_896
ROUTE        16     3.268      R6C17C.F0 to       R9C9D.CE spi1_sck_c_enable_317 (to spi1_sck_c)
                  --------
                   18.193   (27.0% logic, 73.0% route), 10 logic levels.

 Clock Skew Details: 

      Source Clock Path spi1_sck to SLICE_649:

   Name    Fanout   Delay (ns)          Site               Resource
ROUTE       188     2.209       K1.PADDI to     R12C9B.CLK spi1_sck_c
                  --------
                    2.209   (0.0% logic, 100.0% route), 0 logic levels.

      Destination Clock Path spi1_sck to SLICE_868:

   Name    Fanout   Delay (ns)          Site               Resource
ROUTE       188     2.209       K1.PADDI to      R9C9D.CLK spi1_sck_c
                  --------
                    2.209   (0.0% logic, 100.0% route), 0 logic levels.

Report:   52.643MHz is the maximum frequency for this preference.


================================================================================
Preference: FREQUENCY NET "fpga_clk_8m_c" 8.000000 MHz ;
            0 items scored, 0 timing errors detected.
--------------------------------------------------------------------------------

Report Summary
--------------
----------------------------------------------------------------------------
Preference                              |   Constraint|       Actual|Levels
----------------------------------------------------------------------------
                                        |             |             |
FREQUENCY PORT "fpga_clk_8m" 8.000000   |             |             |
MHz ;                                   |    8.000 MHz|  150.015 MHz|   0  
                                        |             |             |
FREQUENCY NET "pll_clk" 128.000000 MHz  |             |             |
;                                       |  128.000 MHz|  116.727 MHz|   1 *
                                        |             |             |
FREQUENCY PORT "spi1_sck" 42.500000 MHz |             |             |
;                                       |   42.500 MHz|   52.643 MHz|   7  
                                        |             |             |
FREQUENCY NET "fpga_clk_8m_c" 8.000000  |             |             |
MHz ;                                   |            -|            -|   0  
                                        |             |             |
----------------------------------------------------------------------------


1 preference(marked by "*" above) not met.

----------------------------------------------------------------------------
Critical Nets                           |   Loads|  Errors| % of total
----------------------------------------------------------------------------
ev_state_3_N_1976_1                     |       6|      12|     37.50%
                                        |        |        |
n15663                                  |       7|      10|     31.25%
                                        |        |        |
n14_adj_3048                            |       1|       8|     25.00%
                                        |        |        |
ev_clear_addr_7                         |       3|       7|     21.88%
                                        |        |        |
n10_adj_3049                            |       1|       4|     12.50%
                                        |        |        |
staging_rd_addr_6_N_849_4               |       3|       4|     12.50%
                                        |        |        |
----------------------------------------------------------------------------


Clock Domains Analysis
------------------------

Found 5 clocks:

Clock Domain: spi_mic_sck_c   Source: spi_mic_sck.PAD   Loads: 52
   No transfer within this clock domain is found

Clock Domain: spi1_sck_c   Source: spi1_sck.PAD   Loads: 188
   Covered under: FREQUENCY PORT "spi1_sck" 42.500000 MHz ;

Clock Domain: pll_feedback   Source: fpga_pll_i.CLKINTFB   Loads: 1
   No transfer within this clock domain is found

Clock Domain: pll_clk   Source: fpga_pll_i.CLKOP   Loads: 544
   Covered under: FREQUENCY NET "pll_clk" 128.000000 MHz ;

   Data transfers from:
   Clock Domain: spi1_sck_c   Source: spi1_sck.PAD
      Not reported because source and destination domains are unrelated.

Clock Domain: fpga_clk_8m_c   Source: fpga_clk_8m.PAD   Loads: 1
   No transfer within this clock domain is found


Timing summary (Setup):
---------------

Timing errors: 32  Score: 4928
Cumulative negative slack: 4928

Constraints cover 23068 paths, 4 nets, and 5672 connections (85.77% coverage)

--------------------------------------------------------------------------------
Lattice TRACE Report - Hold, Version Diamond (64-bit) 3.13.0.56.2
Thu Sep 10 20:21:25 2026

Copyright (c) 1991-1994 by NeoCAD Inc. All rights reserved.
Copyright (c) 1995 AT&T Corp.   All rights reserved.
Copyright (c) 1995-2001 Lucent Technologies Inc.  All rights reserved.
Copyright (c) 2001 Agere Systems   All rights reserved.
Copyright (c) 2002-2023 Lattice Semiconductor Corporation,  All rights reserved.

Report Information
------------------
Command line:    trce -v 10 -gt -sethld -sp 4 -sphld m -o UMH_7_UMH_7_1.twr UMH_7_UMH_7_1.ncd UMH_7_UMH_7_1.prf 
Design file:     umh_7_umh_7_1.ncd
Preference file: umh_7_umh_7_1.prf
Device,speed:    LCMXO2-2000HC,m
Report level:    verbose report, limited to 10 items per preference
--------------------------------------------------------------------------------

BLOCK ASYNCPATHS
BLOCK RESETPATHS
--------------------------------------------------------------------------------



================================================================================
Preference: FREQUENCY PORT "fpga_clk_8m" 8.000000 MHz ;
            0 items scored, 0 timing errors detected.
--------------------------------------------------------------------------------


================================================================================
Preference: FREQUENCY NET "pll_clk" 128.000000 MHz ;
            4096 items scored, 0 timing errors detected.
--------------------------------------------------------------------------------


Passed: The following path meets requirements by 0.304ns

 Logical Details:  Cell type  Pin type       Cell/ASIC name  (clock net +/-)

   Source:         FF         Q              accepted_sequence_meta_i25  (from pll_clk +)
   Destination:    FF         Data in        accepted_sequence_sync_i25  (to pll_clk +)

   Delay:               0.285ns  (46.7% logic, 53.3% route), 1 logic levels.

 Constraint Details:

      0.285ns physical path delay SLICE_1042 to SLICE_1074 meets
     -0.019ns M_HLD and
      0.000ns delay constraint less
      0.000ns skew requirement (totaling -0.019ns) by 0.304ns

 Physical Path Details:

      Data path SLICE_1042 to SLICE_1074:

   Name    Fanout   Delay (ns)          Site               Resource
REG_DEL     ---     0.133     R10C7A.CLK to      R10C7A.Q0 SLICE_1042 (from pll_clk)
ROUTE         1     0.152      R10C7A.Q0 to      R10C7D.M0 accepted_sequence_meta_25 (to pll_clk)
                  --------
                    0.285   (46.7% logic, 53.3% route), 1 logic levels.

 Clock Skew Details: 

      Source Clock Path fpga_pll_i to SLICE_1042:

   Name    Fanout   Delay (ns)          Site               Resource
ROUTE       544     0.644     LPLL.CLKOP to     R10C7A.CLK pll_clk
                  --------
                    0.644   (0.0% logic, 100.0% route), 0 logic levels.

      Destination Clock Path fpga_pll_i to SLICE_1074:

   Name    Fanout   Delay (ns)          Site               Resource
ROUTE       544     0.644     LPLL.CLKOP to     R10C7D.CLK pll_clk
                  --------
                    0.644   (0.0% logic, 100.0% route), 0 logic levels.


Passed: The following path meets requirements by 0.304ns

 Logical Details:  Cell type  Pin type       Cell/ASIC name  (clock net +/-)

   Source:         FF         Q              accepted_sequence_meta_i24  (from pll_clk +)
   Destination:    FF         Data in        accepted_sequence_sync_i24  (to pll_clk +)

   Delay:               0.285ns  (46.7% logic, 53.3% route), 1 logic levels.

 Constraint Details:

      0.285ns physical path delay SLICE_1042 to SLICE_1074 meets
     -0.019ns M_HLD and
      0.000ns delay constraint less
      0.000ns skew requirement (totaling -0.019ns) by 0.304ns

 Physical Path Details:

      Data path SLICE_1042 to SLICE_1074:

   Name    Fanout   Delay (ns)          Site               Resource
REG_DEL     ---     0.133     R10C7A.CLK to      R10C7A.Q1 SLICE_1042 (from pll_clk)
ROUTE         1     0.152      R10C7A.Q1 to      R10C7D.M1 accepted_sequence_meta_24 (to pll_clk)
                  --------
                    0.285   (46.7% logic, 53.3% route), 1 logic levels.

 Clock Skew Details: 

      Source Clock Path fpga_pll_i to SLICE_1042:

   Name    Fanout   Delay (ns)          Site               Resource
ROUTE       544     0.644     LPLL.CLKOP to     R10C7A.CLK pll_clk
                  --------
                    0.644   (0.0% logic, 100.0% route), 0 logic levels.

      Destination Clock Path fpga_pll_i to SLICE_1074:

   Name    Fanout   Delay (ns)          Site               Resource
ROUTE       544     0.644     LPLL.CLKOP to     R10C7D.CLK pll_clk
                  --------
                    0.644   (0.0% logic, 100.0% route), 0 logic levels.


Passed: The following path meets requirements by 0.304ns

 Logical Details:  Cell type  Pin type       Cell/ASIC name  (clock net +/-)

   Source:         FF         Q              accepted_sequence_meta_i31  (from pll_clk +)
   Destination:    FF         Data in        accepted_sequence_sync_i31  (to pll_clk +)

   Delay:               0.285ns  (46.7% logic, 53.3% route), 1 logic levels.

 Constraint Details:

      0.285ns physical path delay SLICE_113 to SLICE_145 meets
     -0.019ns M_HLD and
      0.000ns delay constraint less
      0.000ns skew requirement (totaling -0.019ns) by 0.304ns

 Physical Path Details:

      Data path SLICE_113 to SLICE_145:

   Name    Fanout   Delay (ns)          Site               Resource
REG_DEL     ---     0.133      R6C9C.CLK to       R6C9C.Q1 SLICE_113 (from pll_clk)
ROUTE         1     0.152       R6C9C.Q1 to       R6C9D.M1 accepted_sequence_meta_31 (to pll_clk)
                  --------
                    0.285   (46.7% logic, 53.3% route), 1 logic levels.

 Clock Skew Details: 

      Source Clock Path fpga_pll_i to SLICE_113:

   Name    Fanout   Delay (ns)          Site               Resource
ROUTE       544     0.644     LPLL.CLKOP to      R6C9C.CLK pll_clk
                  --------
                    0.644   (0.0% logic, 100.0% route), 0 logic levels.

      Destination Clock Path fpga_pll_i to SLICE_145:

   Name    Fanout   Delay (ns)          Site               Resource
ROUTE       544     0.644     LPLL.CLKOP to      R6C9D.CLK pll_clk
                  --------
                    0.644   (0.0% logic, 100.0% route), 0 logic levels.


Passed: The following path meets requirements by 0.304ns

 Logical Details:  Cell type  Pin type       Cell/ASIC name  (clock net +/-)

   Source:         FF         Q              accepted_sequence_meta_i4  (from pll_clk +)
   Destination:    FF         Data in        accepted_sequence_sync_i4  (to pll_clk +)

   Delay:               0.285ns  (46.7% logic, 53.3% route), 1 logic levels.

 Constraint Details:

      0.285ns physical path delay SLICE_113 to SLICE_145 meets
     -0.019ns M_HLD and
      0.000ns delay constraint less
      0.000ns skew requirement (totaling -0.019ns) by 0.304ns

 Physical Path Details:

      Data path SLICE_113 to SLICE_145:

   Name    Fanout   Delay (ns)          Site               Resource
REG_DEL     ---     0.133      R6C9C.CLK to       R6C9C.Q0 SLICE_113 (from pll_clk)
ROUTE         1     0.152       R6C9C.Q0 to       R6C9D.M0 accepted_sequence_meta_4 (to pll_clk)
                  --------
                    0.285   (46.7% logic, 53.3% route), 1 logic levels.

 Clock Skew Details: 

      Source Clock Path fpga_pll_i to SLICE_113:

   Name    Fanout   Delay (ns)          Site               Resource
ROUTE       544     0.644     LPLL.CLKOP to      R6C9C.CLK pll_clk
                  --------
                    0.644   (0.0% logic, 100.0% route), 0 logic levels.

      Destination Clock Path fpga_pll_i to SLICE_145:

   Name    Fanout   Delay (ns)          Site               Resource
ROUTE       544     0.644     LPLL.CLKOP to      R6C9D.CLK pll_clk
                  --------
                    0.644   (0.0% logic, 100.0% route), 0 logic levels.


Passed: The following path meets requirements by 0.304ns

 Logical Details:  Cell type  Pin type       Cell/ASIC name  (clock net +/-)

   Source:         FF         Q              accepted_sequence_meta_i7  (from pll_clk +)
   Destination:    FF         Data in        accepted_sequence_sync_i7  (to pll_clk +)

   Delay:               0.285ns  (46.7% logic, 53.3% route), 1 logic levels.

 Constraint Details:

      0.285ns physical path delay SLICE_115 to SLICE_147 meets
     -0.019ns M_HLD and
      0.000ns delay constraint less
      0.000ns skew requirement (totaling -0.019ns) by 0.304ns

 Physical Path Details:

      Data path SLICE_115 to SLICE_147:

   Name    Fanout   Delay (ns)          Site               Resource
REG_DEL     ---     0.133    R12C15A.CLK to     R12C15A.Q1 SLICE_115 (from pll_clk)
ROUTE         1     0.152     R12C15A.Q1 to     R12C15D.M1 accepted_sequence_meta_7 (to pll_clk)
                  --------
                    0.285   (46.7% logic, 53.3% route), 1 logic levels.

 Clock Skew Details: 

      Source Clock Path fpga_pll_i to SLICE_115:

   Name    Fanout   Delay (ns)          Site               Resource
ROUTE       544     0.644     LPLL.CLKOP to    R12C15A.CLK pll_clk
                  --------
                    0.644   (0.0% logic, 100.0% route), 0 logic levels.

      Destination Clock Path fpga_pll_i to SLICE_147:

   Name    Fanout   Delay (ns)          Site               Resource
ROUTE       544     0.644     LPLL.CLKOP to    R12C15D.CLK pll_clk
                  --------
                    0.644   (0.0% logic, 100.0% route), 0 logic levels.


Passed: The following path meets requirements by 0.304ns

 Logical Details:  Cell type  Pin type       Cell/ASIC name  (clock net +/-)

   Source:         FF         Q              accepted_sequence_meta_i8  (from pll_clk +)
   Destination:    FF         Data in        accepted_sequence_sync_i8  (to pll_clk +)

   Delay:               0.285ns  (46.7% logic, 53.3% route), 1 logic levels.

 Constraint Details:

      0.285ns physical path delay SLICE_115 to SLICE_147 meets
     -0.019ns M_HLD and
      0.000ns delay constraint less
      0.000ns skew requirement (totaling -0.019ns) by 0.304ns

 Physical Path Details:

      Data path SLICE_115 to SLICE_147:

   Name    Fanout   Delay (ns)          Site               Resource
REG_DEL     ---     0.133    R12C15A.CLK to     R12C15A.Q0 SLICE_115 (from pll_clk)
ROUTE         1     0.152     R12C15A.Q0 to     R12C15D.M0 accepted_sequence_meta_8 (to pll_clk)
                  --------
                    0.285   (46.7% logic, 53.3% route), 1 logic levels.

 Clock Skew Details: 

      Source Clock Path fpga_pll_i to SLICE_115:

   Name    Fanout   Delay (ns)          Site               Resource
ROUTE       544     0.644     LPLL.CLKOP to    R12C15A.CLK pll_clk
                  --------
                    0.644   (0.0% logic, 100.0% route), 0 logic levels.

      Destination Clock Path fpga_pll_i to SLICE_147:

   Name    Fanout   Delay (ns)          Site               Resource
ROUTE       544     0.644     LPLL.CLKOP to    R12C15D.CLK pll_clk
                  --------
                    0.644   (0.0% logic, 100.0% route), 0 logic levels.


Passed: The following path meets requirements by 0.304ns

 Logical Details:  Cell type  Pin type       Cell/ASIC name  (clock net +/-)

   Source:         FF         Q              accepted_sequence_meta_i9  (from pll_clk +)
   Destination:    FF         Data in        accepted_sequence_sync_i9  (to pll_clk +)

   Delay:               0.285ns  (46.7% logic, 53.3% route), 1 logic levels.

 Constraint Details:

      0.285ns physical path delay SLICE_143 to SLICE_1082 meets
     -0.019ns M_HLD and
      0.000ns delay constraint less
      0.000ns skew requirement (totaling -0.019ns) by 0.304ns

 Physical Path Details:

      Data path SLICE_143 to SLICE_1082:

   Name    Fanout   Delay (ns)          Site               Resource
REG_DEL     ---     0.133    R12C15C.CLK to     R12C15C.Q1 SLICE_143 (from pll_clk)
ROUTE         1     0.152     R12C15C.Q1 to     R12C15B.M1 accepted_sequence_meta_9 (to pll_clk)
                  --------
                    0.285   (46.7% logic, 53.3% route), 1 logic levels.

 Clock Skew Details: 

      Source Clock Path fpga_pll_i to SLICE_143:

   Name    Fanout   Delay (ns)          Site               Resource
ROUTE       544     0.644     LPLL.CLKOP to    R12C15C.CLK pll_clk
                  --------
                    0.644   (0.0% logic, 100.0% route), 0 logic levels.

      Destination Clock Path fpga_pll_i to SLICE_1082:

   Name    Fanout   Delay (ns)          Site               Resource
ROUTE       544     0.644     LPLL.CLKOP to    R12C15B.CLK pll_clk
                  --------
                    0.644   (0.0% logic, 100.0% route), 0 logic levels.


Passed: The following path meets requirements by 0.304ns

 Logical Details:  Cell type  Pin type       Cell/ASIC name  (clock net +/-)

   Source:         FF         Q              accepted_sequence_sync_i1  (from pll_clk +)
   Destination:    FF         Data in        pending_sequence_i1  (to pll_clk +)

   Delay:               0.285ns  (46.7% logic, 53.3% route), 1 logic levels.

 Constraint Details:

      0.285ns physical path delay SLICE_148 to SLICE_925 meets
     -0.019ns M_HLD and
      0.000ns delay constraint less
      0.000ns skew requirement (totaling -0.019ns) by 0.304ns

 Physical Path Details:

      Data path SLICE_148 to SLICE_925:

   Name    Fanout   Delay (ns)          Site               Resource
REG_DEL     ---     0.133     R6C14C.CLK to      R6C14C.Q1 SLICE_148 (from pll_clk)
ROUTE         1     0.152      R6C14C.Q1 to      R6C14B.M1 accepted_sequence_sync_1 (to pll_clk)
                  --------
                    0.285   (46.7% logic, 53.3% route), 1 logic levels.

 Clock Skew Details: 

      Source Clock Path fpga_pll_i to SLICE_148:

   Name    Fanout   Delay (ns)          Site               Resource
ROUTE       544     0.644     LPLL.CLKOP to     R6C14C.CLK pll_clk
                  --------
                    0.644   (0.0% logic, 100.0% route), 0 logic levels.

      Destination Clock Path fpga_pll_i to SLICE_925:

   Name    Fanout   Delay (ns)          Site               Resource
ROUTE       544     0.644     LPLL.CLKOP to     R6C14B.CLK pll_clk
                  --------
                    0.644   (0.0% logic, 100.0% route), 0 logic levels.


Passed: The following path meets requirements by 0.304ns

 Logical Details:  Cell type  Pin type       Cell/ASIC name  (clock net +/-)

   Source:         FF         Q              accepted_sequence_sync_i15  (from pll_clk +)
   Destination:    FF         Data in        pending_sequence_i15  (to pll_clk +)

   Delay:               0.285ns  (46.7% logic, 53.3% route), 1 logic levels.

 Constraint Details:

      0.285ns physical path delay SLICE_151 to SLICE_921 meets
     -0.019ns M_HLD and
      0.000ns delay constraint less
      0.000ns skew requirement (totaling -0.019ns) by 0.304ns

 Physical Path Details:

      Data path SLICE_151 to SLICE_921:

   Name    Fanout   Delay (ns)          Site               Resource
REG_DEL     ---     0.133     R9C12B.CLK to      R9C12B.Q1 SLICE_151 (from pll_clk)
ROUTE         1     0.152      R9C12B.Q1 to      R9C12A.M1 accepted_sequence_sync_15 (to pll_clk)
                  --------
                    0.285   (46.7% logic, 53.3% route), 1 logic levels.

 Clock Skew Details: 

      Source Clock Path fpga_pll_i to SLICE_151:

   Name    Fanout   Delay (ns)          Site               Resource
ROUTE       544     0.644     LPLL.CLKOP to     R9C12B.CLK pll_clk
                  --------
                    0.644   (0.0% logic, 100.0% route), 0 logic levels.

      Destination Clock Path fpga_pll_i to SLICE_921:

   Name    Fanout   Delay (ns)          Site               Resource
ROUTE       544     0.644     LPLL.CLKOP to     R9C12A.CLK pll_clk
                  --------
                    0.644   (0.0% logic, 100.0% route), 0 logic levels.


Passed: The following path meets requirements by 0.304ns

 Logical Details:  Cell type  Pin type       Cell/ASIC name  (clock net +/-)

   Source:         FF         Q              frame_toggle_meta_396  (from pll_clk +)
   Destination:    FF         Data in        frame_toggle_sync_397  (to pll_clk +)

   Delay:               0.285ns  (46.7% logic, 53.3% route), 1 logic levels.

 Constraint Details:

      0.285ns physical path delay SLICE_354 to SLICE_354 meets
     -0.019ns M_HLD and
      0.000ns delay constraint less
      0.000ns skew requirement (totaling -0.019ns) by 0.304ns

 Physical Path Details:

      Data path SLICE_354 to SLICE_354:

   Name    Fanout   Delay (ns)          Site               Resource
REG_DEL     ---     0.133     R5C11A.CLK to      R5C11A.Q1 SLICE_354 (from pll_clk)
ROUTE         1     0.152      R5C11A.Q1 to      R5C11A.M0 frame_toggle_meta (to pll_clk)
                  --------
                    0.285   (46.7% logic, 53.3% route), 1 logic levels.

 Clock Skew Details: 

      Source Clock Path fpga_pll_i to SLICE_354:

   Name    Fanout   Delay (ns)          Site               Resource
ROUTE       544     0.644     LPLL.CLKOP to     R5C11A.CLK pll_clk
                  --------
                    0.644   (0.0% logic, 100.0% route), 0 logic levels.

      Destination Clock Path fpga_pll_i to SLICE_354:

   Name    Fanout   Delay (ns)          Site               Resource
ROUTE       544     0.644     LPLL.CLKOP to     R5C11A.CLK pll_clk
                  --------
                    0.644   (0.0% logic, 100.0% route), 0 logic levels.


================================================================================
Preference: FREQUENCY PORT "spi1_sck" 42.500000 MHz ;
            4096 items scored, 0 timing errors detected.
--------------------------------------------------------------------------------


Passed: The following path meets requirements by 0.278ns

 Logical Details:  Cell type  Pin type       Cell/ASIC name  (clock net +/-)

   Source:         FF         Q              spi_phase_pending_i0_i5  (from spi1_sck_c +)
   Destination:    PDPW8KC    Port           staging_ram/mem0(ASIC)  (to spi1_sck_c +)

   Delay:               0.343ns  (38.8% logic, 61.2% route), 1 logic levels.

 Constraint Details:

      0.343ns physical path delay SLICE_1386 to staging_ram/mem0 meets
      0.011ns DATA_HLD and
      0.000ns delay constraint less
     -0.054ns skew requirement (totaling 0.065ns) by 0.278ns

 Physical Path Details:

      Data path SLICE_1386 to staging_ram/mem0:

   Name    Fanout   Delay (ns)          Site               Resource
REG_DEL     ---     0.133    R10C10B.CLK to     R10C10B.Q0 SLICE_1386 (from spi1_sck_c)
ROUTE         2     0.210     R10C10B.Q0 to  EBR_R8C8.DI13 spi_phase_pending_5 (to spi1_sck_c)
                  --------
                    0.343   (38.8% logic, 61.2% route), 1 logic levels.

 Clock Skew Details: 

      Source Clock Path spi1_sck to SLICE_1386:

   Name    Fanout   Delay (ns)          Site               Resource
ROUTE       188     0.815       K1.PADDI to    R10C10B.CLK spi1_sck_c
                  --------
                    0.815   (0.0% logic, 100.0% route), 0 logic levels.

      Destination Clock Path spi1_sck to staging_ram/mem0:

   Name    Fanout   Delay (ns)          Site               Resource
ROUTE       188     0.869       K1.PADDI to  EBR_R8C8.CLKW spi1_sck_c
                  --------
                    0.869   (0.0% logic, 100.0% route), 0 logic levels.


Passed: The following path meets requirements by 0.304ns

 Logical Details:  Cell type  Pin type       Cell/ASIC name  (clock net +/-)

   Source:         FF         Q              rgb_values_i0_i0  (from spi1_sck_c +)
   Destination:    FF         Data in        rgb_values_i0_i8  (to spi1_sck_c +)

   Delay:               0.285ns  (46.7% logic, 53.3% route), 1 logic levels.

 Constraint Details:

      0.285ns physical path delay SLICE_1268 to SLICE_1272 meets
     -0.019ns M_HLD and
      0.000ns delay constraint less
      0.000ns skew requirement (totaling -0.019ns) by 0.304ns

 Physical Path Details:

      Data path SLICE_1268 to SLICE_1272:

   Name    Fanout   Delay (ns)          Site               Resource
REG_DEL     ---     0.133     R11C2B.CLK to      R11C2B.Q1 SLICE_1268 (from spi1_sck_c)
ROUTE         1     0.152      R11C2B.Q1 to      R11C2A.M1 rgb_values_0 (to spi1_sck_c)
                  --------
                    0.285   (46.7% logic, 53.3% route), 1 logic levels.

 Clock Skew Details: 

      Source Clock Path spi1_sck to SLICE_1268:

   Name    Fanout   Delay (ns)          Site               Resource
ROUTE       188     0.814       K1.PADDI to     R11C2B.CLK spi1_sck_c
                  --------
                    0.814   (0.0% logic, 100.0% route), 0 logic levels.

      Destination Clock Path spi1_sck to SLICE_1272:

   Name    Fanout   Delay (ns)          Site               Resource
ROUTE       188     0.814       K1.PADDI to     R11C2A.CLK spi1_sck_c
                  --------
                    0.814   (0.0% logic, 100.0% route), 0 logic levels.


Passed: The following path meets requirements by 0.304ns

 Logical Details:  Cell type  Pin type       Cell/ASIC name  (clock net +/-)

   Source:         FF         Q              rgb_values_i0_i1  (from spi1_sck_c +)
   Destination:    FF         Data in        rgb_values_i0_i9  (to spi1_sck_c +)

   Delay:               0.285ns  (46.7% logic, 53.3% route), 1 logic levels.

 Constraint Details:

      0.285ns physical path delay SLICE_1268 to SLICE_1272 meets
     -0.019ns M_HLD and
      0.000ns delay constraint less
      0.000ns skew requirement (totaling -0.019ns) by 0.304ns

 Physical Path Details:

      Data path SLICE_1268 to SLICE_1272:

   Name    Fanout   Delay (ns)          Site               Resource
REG_DEL     ---     0.133     R11C2B.CLK to      R11C2B.Q0 SLICE_1268 (from spi1_sck_c)
ROUTE         1     0.152      R11C2B.Q0 to      R11C2A.M0 rgb_values_1 (to spi1_sck_c)
                  --------
                    0.285   (46.7% logic, 53.3% route), 1 logic levels.

 Clock Skew Details: 

      Source Clock Path spi1_sck to SLICE_1268:

   Name    Fanout   Delay (ns)          Site               Resource
ROUTE       188     0.814       K1.PADDI to     R11C2B.CLK spi1_sck_c
                  --------
                    0.814   (0.0% logic, 100.0% route), 0 logic levels.

      Destination Clock Path spi1_sck to SLICE_1272:

   Name    Fanout   Delay (ns)          Site               Resource
ROUTE       188     0.814       K1.PADDI to     R11C2A.CLK spi1_sck_c
                  --------
                    0.814   (0.0% logic, 100.0% route), 0 logic levels.


Passed: The following path meets requirements by 0.304ns

 Logical Details:  Cell type  Pin type       Cell/ASIC name  (clock net +/-)

   Source:         FF         Q              rgb_values_i0_i7  (from spi1_sck_c +)
   Destination:    FF         Data in        rgb_values_i0_i15  (to spi1_sck_c +)

   Delay:               0.285ns  (46.7% logic, 53.3% route), 1 logic levels.

 Constraint Details:

      0.285ns physical path delay SLICE_1271 to SLICE_1275 meets
     -0.019ns M_HLD and
      0.000ns delay constraint less
      0.000ns skew requirement (totaling -0.019ns) by 0.304ns

 Physical Path Details:

      Data path SLICE_1271 to SLICE_1275:

   Name    Fanout   Delay (ns)          Site               Resource
REG_DEL     ---     0.133     R11C5D.CLK to      R11C5D.Q0 SLICE_1271 (from spi1_sck_c)
ROUTE         1     0.152      R11C5D.Q0 to      R11C5A.M0 rgb_values_7 (to spi1_sck_c)
                  --------
                    0.285   (46.7% logic, 53.3% route), 1 logic levels.

 Clock Skew Details: 

      Source Clock Path spi1_sck to SLICE_1271:

   Name    Fanout   Delay (ns)          Site               Resource
ROUTE       188     0.815       K1.PADDI to     R11C5D.CLK spi1_sck_c
                  --------
                    0.815   (0.0% logic, 100.0% route), 0 logic levels.

      Destination Clock Path spi1_sck to SLICE_1275:

   Name    Fanout   Delay (ns)          Site               Resource
ROUTE       188     0.815       K1.PADDI to     R11C5A.CLK spi1_sck_c
                  --------
                    0.815   (0.0% logic, 100.0% route), 0 logic levels.


Passed: The following path meets requirements by 0.304ns

 Logical Details:  Cell type  Pin type       Cell/ASIC name  (clock net +/-)

   Source:         FF         Q              rgb_values_i0_i8  (from spi1_sck_c +)
   Destination:    FF         Data in        rgb_values_i0_i16  (to spi1_sck_c +)

   Delay:               0.285ns  (46.7% logic, 53.3% route), 1 logic levels.

 Constraint Details:

      0.285ns physical path delay SLICE_1272 to SLICE_1276 meets
     -0.019ns M_HLD and
      0.000ns delay constraint less
      0.000ns skew requirement (totaling -0.019ns) by 0.304ns

 Physical Path Details:

      Data path SLICE_1272 to SLICE_1276:

   Name    Fanout   Delay (ns)          Site               Resource
REG_DEL     ---     0.133     R11C2A.CLK to      R11C2A.Q1 SLICE_1272 (from spi1_sck_c)
ROUTE         1     0.152      R11C2A.Q1 to      R11C2C.M1 rgb_values_8 (to spi1_sck_c)
                  --------
                    0.285   (46.7% logic, 53.3% route), 1 logic levels.

 Clock Skew Details: 

      Source Clock Path spi1_sck to SLICE_1272:

   Name    Fanout   Delay (ns)          Site               Resource
ROUTE       188     0.814       K1.PADDI to     R11C2A.CLK spi1_sck_c
                  --------
                    0.814   (0.0% logic, 100.0% route), 0 logic levels.

      Destination Clock Path spi1_sck to SLICE_1276:

   Name    Fanout   Delay (ns)          Site               Resource
ROUTE       188     0.814       K1.PADDI to     R11C2C.CLK spi1_sck_c
                  --------
                    0.814   (0.0% logic, 100.0% route), 0 logic levels.


Passed: The following path meets requirements by 0.304ns

 Logical Details:  Cell type  Pin type       Cell/ASIC name  (clock net +/-)

   Source:         FF         Q              rgb_values_i0_i14  (from spi1_sck_c +)
   Destination:    FF         Data in        rgb_values_i0_i22  (to spi1_sck_c +)

   Delay:               0.285ns  (46.7% logic, 53.3% route), 1 logic levels.

 Constraint Details:

      0.285ns physical path delay SLICE_1275 to SLICE_586 meets
     -0.019ns M_HLD and
      0.000ns delay constraint less
      0.000ns skew requirement (totaling -0.019ns) by 0.304ns

 Physical Path Details:

      Data path SLICE_1275 to SLICE_586:

   Name    Fanout   Delay (ns)          Site               Resource
REG_DEL     ---     0.133     R11C5A.CLK to      R11C5A.Q1 SLICE_1275 (from spi1_sck_c)
ROUTE         1     0.152      R11C5A.Q1 to      R11C5B.M0 rgb_values_14 (to spi1_sck_c)
                  --------
                    0.285   (46.7% logic, 53.3% route), 1 logic levels.

 Clock Skew Details: 

      Source Clock Path spi1_sck to SLICE_1275:

   Name    Fanout   Delay (ns)          Site               Resource
ROUTE       188     0.815       K1.PADDI to     R11C5A.CLK spi1_sck_c
                  --------
                    0.815   (0.0% logic, 100.0% route), 0 logic levels.

      Destination Clock Path spi1_sck to SLICE_586:

   Name    Fanout   Delay (ns)          Site               Resource
ROUTE       188     0.815       K1.PADDI to     R11C5B.CLK spi1_sck_c
                  --------
                    0.815   (0.0% logic, 100.0% route), 0 logic levels.


Passed: The following path meets requirements by 0.304ns

 Logical Details:  Cell type  Pin type       Cell/ASIC name  (clock net +/-)

   Source:         FF         Q              rgb_values_i0_i17  (from spi1_sck_c +)
   Destination:    FF         Data in        rgb_values_i0_i25  (to spi1_sck_c +)

   Delay:               0.285ns  (46.7% logic, 53.3% route), 1 logic levels.

 Constraint Details:

      0.285ns physical path delay SLICE_1276 to SLICE_588 meets
     -0.019ns M_HLD and
      0.000ns delay constraint less
      0.000ns skew requirement (totaling -0.019ns) by 0.304ns

 Physical Path Details:

      Data path SLICE_1276 to SLICE_588:

   Name    Fanout   Delay (ns)          Site               Resource
REG_DEL     ---     0.133     R11C2C.CLK to      R11C2C.Q0 SLICE_1276 (from spi1_sck_c)
ROUTE         1     0.152      R11C2C.Q0 to      R11C2D.M1 rgb_values_17 (to spi1_sck_c)
                  --------
                    0.285   (46.7% logic, 53.3% route), 1 logic levels.

 Clock Skew Details: 

      Source Clock Path spi1_sck to SLICE_1276:

   Name    Fanout   Delay (ns)          Site               Resource
ROUTE       188     0.814       K1.PADDI to     R11C2C.CLK spi1_sck_c
                  --------
                    0.814   (0.0% logic, 100.0% route), 0 logic levels.

      Destination Clock Path spi1_sck to SLICE_588:

   Name    Fanout   Delay (ns)          Site               Resource
ROUTE       188     0.814       K1.PADDI to     R11C2D.CLK spi1_sck_c
                  --------
                    0.814   (0.0% logic, 100.0% route), 0 logic levels.


Passed: The following path meets requirements by 0.304ns

 Logical Details:  Cell type  Pin type       Cell/ASIC name  (clock net +/-)

   Source:         FF         Q              rgb_values_i0_i34  (from spi1_sck_c +)
   Destination:    FF         Data in        rgb_values_i0_i42  (to spi1_sck_c +)

   Delay:               0.285ns  (46.7% logic, 53.3% route), 1 logic levels.

 Constraint Details:

      0.285ns physical path delay SLICE_1285 to SLICE_596 meets
     -0.019ns M_HLD and
      0.000ns delay constraint less
      0.000ns skew requirement (totaling -0.019ns) by 0.304ns

 Physical Path Details:

      Data path SLICE_1285 to SLICE_596:

   Name    Fanout   Delay (ns)          Site               Resource
REG_DEL     ---     0.133     R10C2B.CLK to      R10C2B.Q1 SLICE_1285 (from spi1_sck_c)
ROUTE         1     0.152      R10C2B.Q1 to      R10C2A.M0 rgb_values_34 (to spi1_sck_c)
                  --------
                    0.285   (46.7% logic, 53.3% route), 1 logic levels.

 Clock Skew Details: 

      Source Clock Path spi1_sck to SLICE_1285:

   Name    Fanout   Delay (ns)          Site               Resource
ROUTE       188     0.814       K1.PADDI to     R10C2B.CLK spi1_sck_c
                  --------
                    0.814   (0.0% logic, 100.0% route), 0 logic levels.

      Destination Clock Path spi1_sck to SLICE_596:

   Name    Fanout   Delay (ns)          Site               Resource
ROUTE       188     0.814       K1.PADDI to     R10C2A.CLK spi1_sck_c
                  --------
                    0.814   (0.0% logic, 100.0% route), 0 logic levels.


Passed: The following path meets requirements by 0.304ns

 Logical Details:  Cell type  Pin type       Cell/ASIC name  (clock net +/-)

   Source:         FF         Q              rgb_values_i0_i39  (from spi1_sck_c +)
   Destination:    FF         Data in        rgb_values_i0_i47  (to spi1_sck_c +)

   Delay:               0.285ns  (46.7% logic, 53.3% route), 1 logic levels.

 Constraint Details:

      0.285ns physical path delay SLICE_1287 to SLICE_599 meets
     -0.019ns M_HLD and
      0.000ns delay constraint less
      0.000ns skew requirement (totaling -0.019ns) by 0.304ns

 Physical Path Details:

      Data path SLICE_1287 to SLICE_599:

   Name    Fanout   Delay (ns)          Site               Resource
REG_DEL     ---     0.133     R11C4C.CLK to      R11C4C.Q0 SLICE_1287 (from spi1_sck_c)
ROUTE         1     0.152      R11C4C.Q0 to      R11C4D.M1 rgb_values_39 (to spi1_sck_c)
                  --------
                    0.285   (46.7% logic, 53.3% route), 1 logic levels.

 Clock Skew Details: 

      Source Clock Path spi1_sck to SLICE_1287:

   Name    Fanout   Delay (ns)          Site               Resource
ROUTE       188     0.815       K1.PADDI to     R11C4C.CLK spi1_sck_c
                  --------
                    0.815   (0.0% logic, 100.0% route), 0 logic levels.

      Destination Clock Path spi1_sck to SLICE_599:

   Name    Fanout   Delay (ns)          Site               Resource
ROUTE       188     0.815       K1.PADDI to     R11C4D.CLK spi1_sck_c
                  --------
                    0.815   (0.0% logic, 100.0% route), 0 logic levels.


Passed: The following path meets requirements by 0.304ns

 Logical Details:  Cell type  Pin type       Cell/ASIC name  (clock net +/-)

   Source:         FF         Q              rgb_values_i0_i51  (from spi1_sck_c +)
   Destination:    FF         Data in        rgb_values_i0_i59  (to spi1_sck_c +)

   Delay:               0.285ns  (46.7% logic, 53.3% route), 1 logic levels.

 Constraint Details:

      0.285ns physical path delay SLICE_1293 to SLICE_1297 meets
     -0.019ns M_HLD and
      0.000ns delay constraint less
      0.000ns skew requirement (totaling -0.019ns) by 0.304ns

 Physical Path Details:

      Data path SLICE_1293 to SLICE_1297:

   Name    Fanout   Delay (ns)          Site               Resource
REG_DEL     ---     0.133     R10C3D.CLK to      R10C3D.Q0 SLICE_1293 (from spi1_sck_c)
ROUTE         1     0.152      R10C3D.Q0 to      R10C3B.M0 rgb_values_51 (to spi1_sck_c)
                  --------
                    0.285   (46.7% logic, 53.3% route), 1 logic levels.

 Clock Skew Details: 

      Source Clock Path spi1_sck to SLICE_1293:

   Name    Fanout   Delay (ns)          Site               Resource
ROUTE       188     0.815       K1.PADDI to     R10C3D.CLK spi1_sck_c
                  --------
                    0.815   (0.0% logic, 100.0% route), 0 logic levels.

      Destination Clock Path spi1_sck to SLICE_1297:

   Name    Fanout   Delay (ns)          Site               Resource
ROUTE       188     0.815       K1.PADDI to     R10C3B.CLK spi1_sck_c
                  --------
                    0.815   (0.0% logic, 100.0% route), 0 logic levels.


================================================================================
Preference: FREQUENCY NET "fpga_clk_8m_c" 8.000000 MHz ;
            0 items scored, 0 timing errors detected.
--------------------------------------------------------------------------------

Report Summary
--------------
----------------------------------------------------------------------------
Preference(MIN Delays)                  |   Constraint|       Actual|Levels
----------------------------------------------------------------------------
                                        |             |             |
FREQUENCY PORT "fpga_clk_8m" 8.000000   |             |             |
MHz ;                                   |            -|            -|   0  
                                        |             |             |
FREQUENCY NET "pll_clk" 128.000000 MHz  |             |             |
;                                       |     0.000 ns|     0.304 ns|   1  
                                        |             |             |
FREQUENCY PORT "spi1_sck" 42.500000 MHz |             |             |
;                                       |            -|            -|   1  
                                        |             |             |
FREQUENCY NET "fpga_clk_8m_c" 8.000000  |             |             |
MHz ;                                   |            -|            -|   0  
                                        |             |             |
----------------------------------------------------------------------------


All preferences were met.


Clock Domains Analysis
------------------------

Found 5 clocks:

Clock Domain: spi_mic_sck_c   Source: spi_mic_sck.PAD   Loads: 52
   No transfer within this clock domain is found

Clock Domain: spi1_sck_c   Source: spi1_sck.PAD   Loads: 188
   Covered under: FREQUENCY PORT "spi1_sck" 42.500000 MHz ;

Clock Domain: pll_feedback   Source: fpga_pll_i.CLKINTFB   Loads: 1
   No transfer within this clock domain is found

Clock Domain: pll_clk   Source: fpga_pll_i.CLKOP   Loads: 544
   Covered under: FREQUENCY NET "pll_clk" 128.000000 MHz ;

   Data transfers from:
   Clock Domain: spi1_sck_c   Source: spi1_sck.PAD
      Not reported because source and destination domains are unrelated.

Clock Domain: fpga_clk_8m_c   Source: fpga_clk_8m.PAD   Loads: 1
   No transfer within this clock domain is found


Timing summary (Hold):
---------------

Timing errors: 0  Score: 0
Cumulative negative slack: 0

Constraints cover 23068 paths, 4 nets, and 5672 connections (85.77% coverage)



Timing summary (Setup and Hold):
---------------

Timing errors: 32 (setup), 0 (hold)
Score: 4928 (setup), 0 (hold)
Cumulative negative slack: 4928 (4928+0)
--------------------------------------------------------------------------------

--------------------------------------------------------------------------------

