			Lattice Semiconductor Corporation.
			Lattice Programmer Diamond (64-bit) 3.13.0.56.2 Command Line (Database V3.11.1)



System Information:
-----------------------------------------------------
 Microsoft(R) Windows(R) 10.0  64-bit
 13th Gen Intel(R) Core(TM) i5-13600K 3494MHz


Connected to Lattice Cable Server.
USB V2.0 detected.

Check configuration setup: Start.
File D:/Data/OneDrive/Projects/UMH/Software/UMH Controller/FPGA/UMH_7_1/UMH_7_UMH_7_1.jed
has been modified since last check.Default using the modified file.
JTAG Chain Verification. No Errors.
Check configuration setup: Successful.
Device1 LCMXO2-2000HC: FLASH Erase,Program,Verify

Total erase time: 1410 ms.

Number of Loop = 141/1500
Execution time: 00 min : 18 sec
Operation Done. No errors.
Elapsed time: 00 min : 18 sec
Operation: successful.
