--------------------------------------------------------------------------------
Lattice Synthesis Timing Report, Version  
Tue Sep 08 18:58:49 2026

Copyright (c) 1991-1994 by NeoCAD Inc. All rights reserved.
Copyright (c) 1995 AT&T Corp.   All rights reserved.
Copyright (c) 1995-2001 Lucent Technologies Inc.  All rights reserved.
Copyright (c) 2001 Agere Systems   All rights reserved.
Copyright (c) 2002-2023 Lattice Semiconductor Corporation,  All rights reserved.

Report Information
------------------
Design:     umh_fpga_top
Constraint file:  
Report level:    verbose report, limited to 3 items per constraint
--------------------------------------------------------------------------------



================================================================================
Constraint: create_clock -period 1000.000000 -name clk3 [get_nets spi_mic_sck_c]
            504 items scored, 0 timing errors detected.
--------------------------------------------------------------------------------


Passed:  The following path meets requirements by 991.299ns

 Logical Details:  Cell type  Pin type       Cell name  (clock net +/-)

   Source:         FD1S3DX    CK             \mic_stream_i/bit_count_i5  (from spi_mic_sck_c +)
   Destination:    FD1P3DX    SP             \mic_stream_i/bit_count_i0  (to spi_mic_sck_c -)

   Delay:                   8.416ns  (22.8% logic, 77.2% route), 4 logic levels.

 Constraint Details:

      8.416ns data_path \mic_stream_i/bit_count_i5 to \mic_stream_i/bit_count_i0 meets
    1000.000ns delay constraint less
      0.285ns LCE_S requirement (totaling 999.715ns) by 991.299ns

 Path Details: \mic_stream_i/bit_count_i5 to \mic_stream_i/bit_count_i0

   Name    Fanout   Delay (ns)          Pins               Resource(Cell.Net)
L_CO        ---     0.444             CK to Q              \mic_stream_i/bit_count_i5 (from spi_mic_sck_c)
Route         5   e 1.462                                  \mic_stream_i/bit_count[5]
LUT4        ---     0.493              B to Z              \mic_stream_i/i4_4_lut
Route         1   e 0.941                                  \mic_stream_i/n10_adj_3368
LUT4        ---     0.493              B to Z              \mic_stream_i/i5_3_lut
Route        39   e 2.051                                  \mic_stream_i/n11_adj_3367
LUT4        ---     0.493              B to Z              \mic_stream_i/i15900_2_lut
Route        32   e 2.039                                  \mic_stream_i/sck_N_3318_enable_32
                  --------
                    8.416  (22.8% logic, 77.2% route), 4 logic levels.


Passed:  The following path meets requirements by 991.299ns

 Logical Details:  Cell type  Pin type       Cell name  (clock net +/-)

   Source:         FD1S3DX    CK             \mic_stream_i/bit_count_i5  (from spi_mic_sck_c +)
   Destination:    FD1P3DX    SP             \mic_stream_i/shift_register_i1  (to spi_mic_sck_c -)

   Delay:                   8.416ns  (22.8% logic, 77.2% route), 4 logic levels.

 Constraint Details:

      8.416ns data_path \mic_stream_i/bit_count_i5 to \mic_stream_i/shift_register_i1 meets
    1000.000ns delay constraint less
      0.285ns LCE_S requirement (totaling 999.715ns) by 991.299ns

 Path Details: \mic_stream_i/bit_count_i5 to \mic_stream_i/shift_register_i1

   Name    Fanout   Delay (ns)          Pins               Resource(Cell.Net)
L_CO        ---     0.444             CK to Q              \mic_stream_i/bit_count_i5 (from spi_mic_sck_c)
Route         5   e 1.462                                  \mic_stream_i/bit_count[5]
LUT4        ---     0.493              B to Z              \mic_stream_i/i4_4_lut
Route         1   e 0.941                                  \mic_stream_i/n10_adj_3368
LUT4        ---     0.493              B to Z              \mic_stream_i/i5_3_lut
Route        39   e 2.051                                  \mic_stream_i/n11_adj_3367
LUT4        ---     0.493              B to Z              \mic_stream_i/i15900_2_lut
Route        32   e 2.039                                  \mic_stream_i/sck_N_3318_enable_32
                  --------
                    8.416  (22.8% logic, 77.2% route), 4 logic levels.


Passed:  The following path meets requirements by 991.299ns

 Logical Details:  Cell type  Pin type       Cell name  (clock net +/-)

   Source:         FD1S3DX    CK             \mic_stream_i/bit_count_i5  (from spi_mic_sck_c +)
   Destination:    FD1P3DX    SP             \mic_stream_i/shift_register_i2  (to spi_mic_sck_c -)

   Delay:                   8.416ns  (22.8% logic, 77.2% route), 4 logic levels.

 Constraint Details:

      8.416ns data_path \mic_stream_i/bit_count_i5 to \mic_stream_i/shift_register_i2 meets
    1000.000ns delay constraint less
      0.285ns LCE_S requirement (totaling 999.715ns) by 991.299ns

 Path Details: \mic_stream_i/bit_count_i5 to \mic_stream_i/shift_register_i2

   Name    Fanout   Delay (ns)          Pins               Resource(Cell.Net)
L_CO        ---     0.444             CK to Q              \mic_stream_i/bit_count_i5 (from spi_mic_sck_c)
Route         5   e 1.462                                  \mic_stream_i/bit_count[5]
LUT4        ---     0.493              B to Z              \mic_stream_i/i4_4_lut
Route         1   e 0.941                                  \mic_stream_i/n10_adj_3368
LUT4        ---     0.493              B to Z              \mic_stream_i/i5_3_lut
Route        39   e 2.051                                  \mic_stream_i/n11_adj_3367
LUT4        ---     0.493              B to Z              \mic_stream_i/i15900_2_lut
Route        32   e 2.039                                  \mic_stream_i/sck_N_3318_enable_32
                  --------
                    8.416  (22.8% logic, 77.2% route), 4 logic levels.

Report: 8.701 ns is the maximum delay for this constraint.



================================================================================
Constraint: create_clock -period 1000.000000 -name clk2 [get_nets fpga_cs_n_c]
            4096 items scored, 0 timing errors detected.
--------------------------------------------------------------------------------


Passed:  The following path meets requirements by 980.931ns

 Logical Details:  Cell type  Pin type       Cell name  (clock net +/-)

   Source:         FD1S1D     CK             i5576  (from fpga_cs_n_c +)
   Destination:    FD1S1D     CD             i5512  (to fpga_cs_n_c +)

   Delay:                  18.909ns  (32.4% logic, 67.6% route), 13 logic levels.

 Constraint Details:

     18.909ns data_path i5576 to i5512 meets
    1000.000ns delay constraint less
      0.160ns L_S requirement (totaling 999.840ns) by 980.931ns

 Path Details: i5576 to i5512

   Name    Fanout   Delay (ns)          Pins               Resource(Cell.Net)
L_CO        ---     0.444             CK to Q              i5576 (from fpga_cs_n_c)
Route         4   e 1.398                                  n9788
LUT4        ---     0.493              B to Z              i9719_2_lut
Route         7   e 1.502                                  spi_byte_count[8]
LUT4        ---     0.493              A to Z              i2_2_lut_3_lut
Route         3   e 1.258                                  n18527
LUT4        ---     0.493              C to Z              i9911_2_lut_4_lut
Route         2   e 1.141                                  n14030
LUT4        ---     0.493              B to Z              i1_2_lut_adj_179
Route         4   e 1.340                                  n58_adj_3416
LUT4        ---     0.493              A to Z              i14633_3_lut
Route         2   e 1.141                                  n18752
LUT4        ---     0.493              D to Z              i3_4_lut
Route         9   e 1.574                                  n8872
LUT4        ---     0.493              A to Z              i1_2_lut_3_lut_adj_141
Route         1   e 0.941                                  n8873
A1_TO_FCO   ---     0.827           D[2] to COUT           add_2849_1
Route         1   e 0.020                                  n17155
FCI_TO_FCO  ---     0.157            CIN to COUT           add_2849_3
Route         1   e 0.020                                  n17156
FCI_TO_FCO  ---     0.157            CIN to COUT           add_2849_5
Route         1   e 0.020                                  n17157
FCI_TO_F    ---     0.598            CIN to S[2]           add_2849_7
Route         2   e 1.486                                  spi_channel_index_6__N_1731[6]
LUT4        ---     0.493              B to Z              i15446_2_lut
Route         1   e 0.941                                  spi_channel_index_6__N_1744
                  --------
                   18.909  (32.4% logic, 67.6% route), 13 logic levels.


Passed:  The following path meets requirements by 980.931ns

 Logical Details:  Cell type  Pin type       Cell name  (clock net +/-)

   Source:         FD1S1D     CK             i5576  (from fpga_cs_n_c +)
   Destination:    FD1S1D     CD             i5508  (to fpga_cs_n_c +)

   Delay:                  18.909ns  (32.4% logic, 67.6% route), 13 logic levels.

 Constraint Details:

     18.909ns data_path i5576 to i5508 meets
    1000.000ns delay constraint less
      0.160ns L_S requirement (totaling 999.840ns) by 980.931ns

 Path Details: i5576 to i5508

   Name    Fanout   Delay (ns)          Pins               Resource(Cell.Net)
L_CO        ---     0.444             CK to Q              i5576 (from fpga_cs_n_c)
Route         4   e 1.398                                  n9788
LUT4        ---     0.493              B to Z              i9719_2_lut
Route         7   e 1.502                                  spi_byte_count[8]
LUT4        ---     0.493              A to Z              i2_2_lut_3_lut
Route         3   e 1.258                                  n18527
LUT4        ---     0.493              C to Z              i9911_2_lut_4_lut
Route         2   e 1.141                                  n14030
LUT4        ---     0.493              B to Z              i1_2_lut_adj_179
Route         4   e 1.340                                  n58_adj_3416
LUT4        ---     0.493              A to Z              i14633_3_lut
Route         2   e 1.141                                  n18752
LUT4        ---     0.493              D to Z              i3_4_lut
Route         9   e 1.574                                  n8872
LUT4        ---     0.493              A to Z              i1_2_lut_3_lut_adj_141
Route         1   e 0.941                                  n8873
A1_TO_FCO   ---     0.827           D[2] to COUT           add_2849_1
Route         1   e 0.020                                  n17155
FCI_TO_FCO  ---     0.157            CIN to COUT           add_2849_3
Route         1   e 0.020                                  n17156
FCI_TO_FCO  ---     0.157            CIN to COUT           add_2849_5
Route         1   e 0.020                                  n17157
FCI_TO_F    ---     0.598            CIN to S[2]           add_2849_7
Route         2   e 1.486                                  spi_channel_index_6__N_1731[5]
LUT4        ---     0.493              B to Z              i15449_2_lut
Route         1   e 0.941                                  spi_channel_index_6__N_1754
                  --------
                   18.909  (32.4% logic, 67.6% route), 13 logic levels.


Passed:  The following path meets requirements by 981.028ns

 Logical Details:  Cell type  Pin type       Cell name  (clock net +/-)

   Source:         FD1S1D     CK             i5568  (from fpga_cs_n_c +)
   Destination:    FD1S1D     CD             i5512  (to fpga_cs_n_c +)

   Delay:                  18.812ns  (32.6% logic, 67.4% route), 13 logic levels.

 Constraint Details:

     18.812ns data_path i5568 to i5512 meets
    1000.000ns delay constraint less
      0.160ns L_S requirement (totaling 999.840ns) by 981.028ns

 Path Details: i5568 to i5512

   Name    Fanout   Delay (ns)          Pins               Resource(Cell.Net)
L_CO        ---     0.444             CK to Q              i5568 (from fpga_cs_n_c)
Route         4   e 1.398                                  n9780
LUT4        ---     0.493              B to Z              i9721_2_lut
Route         5   e 1.405                                  spi_byte_count[6]
LUT4        ---     0.493              B to Z              i2_2_lut_3_lut
Route         3   e 1.258                                  n18527
LUT4        ---     0.493              C to Z              i9911_2_lut_4_lut
Route         2   e 1.141                                  n14030
LUT4        ---     0.493              B to Z              i1_2_lut_adj_179
Route         4   e 1.340                                  n58_adj_3416
LUT4        ---     0.493              A to Z              i14633_3_lut
Route         2   e 1.141                                  n18752
LUT4        ---     0.493              D to Z              i3_4_lut
Route         9   e 1.574                                  n8872
LUT4        ---     0.493              A to Z              i1_2_lut_3_lut_adj_141
Route         1   e 0.941                                  n8873
A1_TO_FCO   ---     0.827           D[2] to COUT           add_2849_1
Route         1   e 0.020                                  n17155
FCI_TO_FCO  ---     0.157            CIN to COUT           add_2849_3
Route         1   e 0.020                                  n17156
FCI_TO_FCO  ---     0.157            CIN to COUT           add_2849_5
Route         1   e 0.020                                  n17157
FCI_TO_F    ---     0.598            CIN to S[2]           add_2849_7
Route         2   e 1.486                                  spi_channel_index_6__N_1731[6]
LUT4        ---     0.493              B to Z              i15446_2_lut
Route         1   e 0.941                                  spi_channel_index_6__N_1744
                  --------
                   18.812  (32.6% logic, 67.4% route), 13 logic levels.

Report: 19.069 ns is the maximum delay for this constraint.



================================================================================
Constraint: create_clock -period 1000.000000 -name clk1 [get_nets spi1_sck_c]
            4096 items scored, 0 timing errors detected.
--------------------------------------------------------------------------------


Passed:  The following path meets requirements by 980.731ns

 Logical Details:  Cell type  Pin type       Cell name  (clock net +/-)

   Source:         FD1S3BX    CK             spi_byte_count_i8_5577_5578_set  (from spi1_sck_c +)
   Destination:    FD1S3BX    PD             spi_channel_index_i5_5509_5510_set  (to spi1_sck_c +)

   Delay:                  19.109ns  (32.1% logic, 67.9% route), 13 logic levels.

 Constraint Details:

     19.109ns data_path spi_byte_count_i8_5577_5578_set to spi_channel_index_i5_5509_5510_set meets
    1000.000ns delay constraint less
      0.160ns L_S requirement (totaling 999.840ns) by 980.731ns

 Path Details: spi_byte_count_i8_5577_5578_set to spi_channel_index_i5_5509_5510_set

   Name    Fanout   Delay (ns)          Pins               Resource(Cell.Net)
L_CO        ---     0.444             CK to Q              spi_byte_count_i8_5577_5578_set (from spi1_sck_c)
Route         4   e 1.398                                  n9789
LUT4        ---     0.493              A to Z              i9719_2_lut
Route         7   e 1.502                                  spi_byte_count[8]
LUT4        ---     0.493              A to Z              i2_2_lut_3_lut
Route         3   e 1.258                                  n18527
LUT4        ---     0.493              C to Z              i9911_2_lut_4_lut
Route         2   e 1.141                                  n14030
LUT4        ---     0.493              B to Z              i1_2_lut_adj_179
Route         4   e 1.340                                  n58_adj_3416
LUT4        ---     0.493              A to Z              i14633_3_lut
Route         2   e 1.141                                  n18752
LUT4        ---     0.493              D to Z              i3_4_lut
Route         9   e 1.574                                  n8872
LUT4        ---     0.493              A to Z              i1_2_lut_3_lut_adj_141
Route         1   e 0.941                                  n8873
A1_TO_FCO   ---     0.827           D[2] to COUT           add_2849_1
Route         1   e 0.020                                  n17155
FCI_TO_FCO  ---     0.157            CIN to COUT           add_2849_3
Route         1   e 0.020                                  n17156
FCI_TO_FCO  ---     0.157            CIN to COUT           add_2849_5
Route         1   e 0.020                                  n17157
FCI_TO_F    ---     0.598            CIN to S[2]           add_2849_7
Route         2   e 1.486                                  spi_channel_index_6__N_1731[5]
LUT4        ---     0.493              B to Z              fpga_cs_n_N_339_I_0_2007_2_lut
Route         2   e 1.141                                  spi_channel_index_6__N_1732
                  --------
                   19.109  (32.1% logic, 67.9% route), 13 logic levels.


Passed:  The following path meets requirements by 980.731ns

 Logical Details:  Cell type  Pin type       Cell name  (clock net +/-)

   Source:         FD1S3BX    CK             spi_byte_count_i8_5577_5578_set  (from spi1_sck_c +)
   Destination:    FD1S3BX    PD             spi_channel_index_i6_5513_5514_set  (to spi1_sck_c +)

   Delay:                  19.109ns  (32.1% logic, 67.9% route), 13 logic levels.

 Constraint Details:

     19.109ns data_path spi_byte_count_i8_5577_5578_set to spi_channel_index_i6_5513_5514_set meets
    1000.000ns delay constraint less
      0.160ns L_S requirement (totaling 999.840ns) by 980.731ns

 Path Details: spi_byte_count_i8_5577_5578_set to spi_channel_index_i6_5513_5514_set

   Name    Fanout   Delay (ns)          Pins               Resource(Cell.Net)
L_CO        ---     0.444             CK to Q              spi_byte_count_i8_5577_5578_set (from spi1_sck_c)
Route         4   e 1.398                                  n9789
LUT4        ---     0.493              A to Z              i9719_2_lut
Route         7   e 1.502                                  spi_byte_count[8]
LUT4        ---     0.493              A to Z              i2_2_lut_3_lut
Route         3   e 1.258                                  n18527
LUT4        ---     0.493              C to Z              i9911_2_lut_4_lut
Route         2   e 1.141                                  n14030
LUT4        ---     0.493              B to Z              i1_2_lut_adj_179
Route         4   e 1.340                                  n58_adj_3416
LUT4        ---     0.493              A to Z              i14633_3_lut
Route         2   e 1.141                                  n18752
LUT4        ---     0.493              D to Z              i3_4_lut
Route         9   e 1.574                                  n8872
LUT4        ---     0.493              A to Z              i1_2_lut_3_lut_adj_141
Route         1   e 0.941                                  n8873
A1_TO_FCO   ---     0.827           D[2] to COUT           add_2849_1
Route         1   e 0.020                                  n17155
FCI_TO_FCO  ---     0.157            CIN to COUT           add_2849_3
Route         1   e 0.020                                  n17156
FCI_TO_FCO  ---     0.157            CIN to COUT           add_2849_5
Route         1   e 0.020                                  n17157
FCI_TO_F    ---     0.598            CIN to S[2]           add_2849_7
Route         2   e 1.486                                  spi_channel_index_6__N_1731[6]
LUT4        ---     0.493              B to Z              fpga_cs_n_N_339_I_0_2006_2_lut
Route         2   e 1.141                                  spi_channel_index_6__N_1730
                  --------
                   19.109  (32.1% logic, 67.9% route), 13 logic levels.


Passed:  The following path meets requirements by 980.731ns

 Logical Details:  Cell type  Pin type       Cell name  (clock net +/-)

   Source:         FD1S1D     CK             i5576  (from fpga_cs_n_c +)
   Destination:    FD1S3BX    PD             spi_channel_index_i5_5509_5510_set  (to spi1_sck_c +)

   Delay:                  19.109ns  (32.1% logic, 67.9% route), 13 logic levels.

 Constraint Details:

     19.109ns data_path i5576 to spi_channel_index_i5_5509_5510_set meets
    1000.000ns delay constraint less
      0.160ns L_S requirement (totaling 999.840ns) by 980.731ns

 Path Details: i5576 to spi_channel_index_i5_5509_5510_set

   Name    Fanout   Delay (ns)          Pins               Resource(Cell.Net)
L_CO        ---     0.444             CK to Q              i5576 (from fpga_cs_n_c)
Route         4   e 1.398                                  n9788
LUT4        ---     0.493              B to Z              i9719_2_lut
Route         7   e 1.502                                  spi_byte_count[8]
LUT4        ---     0.493              A to Z              i2_2_lut_3_lut
Route         3   e 1.258                                  n18527
LUT4        ---     0.493              C to Z              i9911_2_lut_4_lut
Route         2   e 1.141                                  n14030
LUT4        ---     0.493              B to Z              i1_2_lut_adj_179
Route         4   e 1.340                                  n58_adj_3416
LUT4        ---     0.493              A to Z              i14633_3_lut
Route         2   e 1.141                                  n18752
LUT4        ---     0.493              D to Z              i3_4_lut
Route         9   e 1.574                                  n8872
LUT4        ---     0.493              A to Z              i1_2_lut_3_lut_adj_141
Route         1   e 0.941                                  n8873
A1_TO_FCO   ---     0.827           D[2] to COUT           add_2849_1
Route         1   e 0.020                                  n17155
FCI_TO_FCO  ---     0.157            CIN to COUT           add_2849_3
Route         1   e 0.020                                  n17156
FCI_TO_FCO  ---     0.157            CIN to COUT           add_2849_5
Route         1   e 0.020                                  n17157
FCI_TO_F    ---     0.598            CIN to S[2]           add_2849_7
Route         2   e 1.486                                  spi_channel_index_6__N_1731[5]
LUT4        ---     0.493              B to Z              fpga_cs_n_N_339_I_0_2007_2_lut
Route         2   e 1.141                                  spi_channel_index_6__N_1732
                  --------
                   19.109  (32.1% logic, 67.9% route), 13 logic levels.

Report: 19.269 ns is the maximum delay for this constraint.



================================================================================
Constraint: create_clock -period 1000.000000 -name clk0 [get_nets fpga_clk_c]
            4096 items scored, 0 timing errors detected.
--------------------------------------------------------------------------------


Passed:  The following path meets requirements by 947.951ns

 Logical Details:  Cell type  Pin type       Cell name  (clock net +/-)

   Source:         FD1S3AX    CK             phase_acc_i1  (from fpga_clk_c +)
   Destination:    FD1P3AX    SP             running_1520  (to fpga_clk_c +)

   Delay:                  51.764ns  (34.1% logic, 65.9% route), 35 logic levels.

 Constraint Details:

     51.764ns data_path phase_acc_i1 to running_1520 meets
    1000.000ns delay constraint less
      0.285ns LCE_S requirement (totaling 999.715ns) by 947.951ns

 Path Details: phase_acc_i1 to running_1520

   Name    Fanout   Delay (ns)          Pins               Resource(Cell.Net)
L_CO        ---     0.444             CK to Q              phase_acc_i1 (from fpga_clk_c)
Route         2   e 1.198                                  phase_acc[1]
A1_TO_FCO   ---     0.827           A[2] to COUT           add_2850_1
Route         1   e 0.020                                  n17159
FCI_TO_F    ---     0.598            CIN to S[2]           add_2850_3
Route         2   e 1.486                                  phase_acc_next[2]
LUT4        ---     0.493              C to Z              phase_acc_next_31__I_0_i6_4_lut
Route         1   e 0.941                                  n6
LUT4        ---     0.493              A to Z              phase_acc_next_31__I_0_i8_3_lut
Route         1   e 0.941                                  n8_adj_3380
LUT4        ---     0.493              A to Z              phase_acc_next_31__I_0_i10_3_lut
Route         1   e 0.941                                  n10_adj_3391
LUT4        ---     0.493              A to Z              phase_acc_next_31__I_0_i12_3_lut
Route         1   e 0.941                                  n12_adj_3374
LUT4        ---     0.493              A to Z              phase_acc_next_31__I_0_i14_3_lut
Route         1   e 0.941                                  n14
LUT4        ---     0.493              A to Z              phase_acc_next_31__I_0_i16_3_lut
Route         1   e 0.941                                  n16
LUT4        ---     0.493              A to Z              phase_acc_next_31__I_0_i18_3_lut
Route         1   e 0.941                                  n18
LUT4        ---     0.493              A to Z              phase_acc_next_31__I_0_i20_3_lut
Route         1   e 0.941                                  n20
LUT4        ---     0.493              A to Z              phase_acc_next_31__I_0_i22_3_lut
Route         1   e 0.941                                  n22
LUT4        ---     0.493              A to Z              phase_acc_next_31__I_0_i24_3_lut
Route         1   e 0.941                                  n24
LUT4        ---     0.493              A to Z              phase_acc_next_31__I_0_i26_3_lut
Route         1   e 0.941                                  n26_adj_3413
LUT4        ---     0.493              A to Z              phase_acc_next_31__I_0_i28_3_lut
Route         1   e 0.941                                  n28
LUT4        ---     0.493              A to Z              phase_acc_next_31__I_0_i30_3_lut
Route         1   e 0.941                                  n30_adj_3414
LUT4        ---     0.493              A to Z              phase_acc_next_31__I_0_i32_3_lut
Route         1   e 0.941                                  n32
LUT4        ---     0.493              A to Z              phase_acc_next_31__I_0_i34_3_lut
Route         1   e 0.941                                  n34_adj_3415
LUT4        ---     0.493              A to Z              phase_acc_next_31__I_0_i36_3_lut
Route         1   e 0.941                                  n36
LUT4        ---     0.493              A to Z              phase_acc_next_31__I_0_i38_3_lut
Route         1   e 0.941                                  n38
LUT4        ---     0.493              A to Z              phase_acc_next_31__I_0_i40_3_lut
Route         1   e 0.941                                  n40_adj_3381
LUT4        ---     0.493              A to Z              phase_acc_next_31__I_0_i42_3_lut
Route         1   e 0.941                                  n42
LUT4        ---     0.493              A to Z              phase_acc_next_31__I_0_i44_3_lut
Route         1   e 0.941                                  n44_adj_3426
LUT4        ---     0.493              A to Z              phase_acc_next_31__I_0_i46_3_lut
Route         1   e 0.941                                  n46
LUT4        ---     0.493              A to Z              phase_acc_next_31__I_0_i48_3_lut
Route         1   e 0.941                                  n48
LUT4        ---     0.493              A to Z              phase_acc_next_31__I_0_i50_3_lut
Route         1   e 0.941                                  n50
LUT4        ---     0.493              A to Z              phase_acc_next_31__I_0_i52_3_lut
Route         1   e 0.941                                  n52
LUT4        ---     0.493              A to Z              phase_acc_next_31__I_0_i54_3_lut
Route         1   e 0.941                                  n54
LUT4        ---     0.493              A to Z              phase_acc_next_31__I_0_i56_3_lut
Route         1   e 0.941                                  n56
LUT4        ---     0.493              A to Z              phase_acc_next_31__I_0_i58_3_lut
Route         1   e 0.941                                  n58
LUT4        ---     0.493              A to Z              phase_acc_next_31__I_0_i60_3_lut
Route         1   e 0.941                                  n60
LUT4        ---     0.493              A to Z              phase_acc_next_31__I_0_i62_3_lut
Route         2   e 1.141                                  n62
LUT4        ---     0.493              A to Z              phase_acc_next_31__I_0_i64_3_lut
Route         1   e 0.941                                  carrier_wrap
LUT4        ---     0.493              C to Z              i2_3_lut_adj_214
Route        35   e 2.044                                  running_N_2903
LUT4        ---     0.493              C to Z              i2_3_lut_adj_219
Route         1   e 0.941                                  fpga_clk_c_enable_23
                  --------
                   51.764  (34.1% logic, 65.9% route), 35 logic levels.


Passed:  The following path meets requirements by 948.076ns

 Logical Details:  Cell type  Pin type       Cell name  (clock net +/-)

   Source:         FD1S3AX    CK             phase_acc_i1  (from fpga_clk_c +)
   Destination:    FD1P3IX    CD             apply_pending_1517  (to fpga_clk_c +)

   Delay:                  51.764ns  (34.1% logic, 65.9% route), 35 logic levels.

 Constraint Details:

     51.764ns data_path phase_acc_i1 to apply_pending_1517 meets
    1000.000ns delay constraint less
      0.160ns L_S requirement (totaling 999.840ns) by 948.076ns

 Path Details: phase_acc_i1 to apply_pending_1517

   Name    Fanout   Delay (ns)          Pins               Resource(Cell.Net)
L_CO        ---     0.444             CK to Q              phase_acc_i1 (from fpga_clk_c)
Route         2   e 1.198                                  phase_acc[1]
A1_TO_FCO   ---     0.827           A[2] to COUT           add_2850_1
Route         1   e 0.020                                  n17159
FCI_TO_F    ---     0.598            CIN to S[2]           add_2850_3
Route         2   e 1.486                                  phase_acc_next[2]
LUT4        ---     0.493              C to Z              phase_acc_next_31__I_0_i6_4_lut
Route         1   e 0.941                                  n6
LUT4        ---     0.493              A to Z              phase_acc_next_31__I_0_i8_3_lut
Route         1   e 0.941                                  n8_adj_3380
LUT4        ---     0.493              A to Z              phase_acc_next_31__I_0_i10_3_lut
Route         1   e 0.941                                  n10_adj_3391
LUT4        ---     0.493              A to Z              phase_acc_next_31__I_0_i12_3_lut
Route         1   e 0.941                                  n12_adj_3374
LUT4        ---     0.493              A to Z              phase_acc_next_31__I_0_i14_3_lut
Route         1   e 0.941                                  n14
LUT4        ---     0.493              A to Z              phase_acc_next_31__I_0_i16_3_lut
Route         1   e 0.941                                  n16
LUT4        ---     0.493              A to Z              phase_acc_next_31__I_0_i18_3_lut
Route         1   e 0.941                                  n18
LUT4        ---     0.493              A to Z              phase_acc_next_31__I_0_i20_3_lut
Route         1   e 0.941                                  n20
LUT4        ---     0.493              A to Z              phase_acc_next_31__I_0_i22_3_lut
Route         1   e 0.941                                  n22
LUT4        ---     0.493              A to Z              phase_acc_next_31__I_0_i24_3_lut
Route         1   e 0.941                                  n24
LUT4        ---     0.493              A to Z              phase_acc_next_31__I_0_i26_3_lut
Route         1   e 0.941                                  n26_adj_3413
LUT4        ---     0.493              A to Z              phase_acc_next_31__I_0_i28_3_lut
Route         1   e 0.941                                  n28
LUT4        ---     0.493              A to Z              phase_acc_next_31__I_0_i30_3_lut
Route         1   e 0.941                                  n30_adj_3414
LUT4        ---     0.493              A to Z              phase_acc_next_31__I_0_i32_3_lut
Route         1   e 0.941                                  n32
LUT4        ---     0.493              A to Z              phase_acc_next_31__I_0_i34_3_lut
Route         1   e 0.941                                  n34_adj_3415
LUT4        ---     0.493              A to Z              phase_acc_next_31__I_0_i36_3_lut
Route         1   e 0.941                                  n36
LUT4        ---     0.493              A to Z              phase_acc_next_31__I_0_i38_3_lut
Route         1   e 0.941                                  n38
LUT4        ---     0.493              A to Z              phase_acc_next_31__I_0_i40_3_lut
Route         1   e 0.941                                  n40_adj_3381
LUT4        ---     0.493              A to Z              phase_acc_next_31__I_0_i42_3_lut
Route         1   e 0.941                                  n42
LUT4        ---     0.493              A to Z              phase_acc_next_31__I_0_i44_3_lut
Route         1   e 0.941                                  n44_adj_3426
LUT4        ---     0.493              A to Z              phase_acc_next_31__I_0_i46_3_lut
Route         1   e 0.941                                  n46
LUT4        ---     0.493              A to Z              phase_acc_next_31__I_0_i48_3_lut
Route         1   e 0.941                                  n48
LUT4        ---     0.493              A to Z              phase_acc_next_31__I_0_i50_3_lut
Route         1   e 0.941                                  n50
LUT4        ---     0.493              A to Z              phase_acc_next_31__I_0_i52_3_lut
Route         1   e 0.941                                  n52
LUT4        ---     0.493              A to Z              phase_acc_next_31__I_0_i54_3_lut
Route         1   e 0.941                                  n54
LUT4        ---     0.493              A to Z              phase_acc_next_31__I_0_i56_3_lut
Route         1   e 0.941                                  n56
LUT4        ---     0.493              A to Z              phase_acc_next_31__I_0_i58_3_lut
Route         1   e 0.941                                  n58
LUT4        ---     0.493              A to Z              phase_acc_next_31__I_0_i60_3_lut
Route         1   e 0.941                                  n60
LUT4        ---     0.493              A to Z              phase_acc_next_31__I_0_i62_3_lut
Route         2   e 1.141                                  n62
LUT4        ---     0.493              A to Z              phase_acc_next_31__I_0_i64_3_lut
Route         1   e 0.941                                  carrier_wrap
LUT4        ---     0.493              C to Z              i2_3_lut_adj_214
Route        35   e 2.044                                  running_N_2903
LUT4        ---     0.493              A to Z              i3620_2_lut_3_lut
Route         1   e 0.941                                  n7832
                  --------
                   51.764  (34.1% logic, 65.9% route), 35 logic levels.


Passed:  The following path meets requirements by 948.903ns

 Logical Details:  Cell type  Pin type       Cell name  (clock net +/-)

   Source:         FD1S3AX    CK             phase_acc_i1  (from fpga_clk_c +)
   Destination:    FD1P3AX    SP             running_1520  (to fpga_clk_c +)

   Delay:                  50.812ns  (32.9% logic, 67.1% route), 34 logic levels.

 Constraint Details:

     50.812ns data_path phase_acc_i1 to running_1520 meets
    1000.000ns delay constraint less
      0.285ns LCE_S requirement (totaling 999.715ns) by 948.903ns

 Path Details: phase_acc_i1 to running_1520

   Name    Fanout   Delay (ns)          Pins               Resource(Cell.Net)
L_CO        ---     0.444             CK to Q              phase_acc_i1 (from fpga_clk_c)
Route         2   e 1.198                                  phase_acc[1]
A1_TO_F     ---     0.493           A[2] to S[2]           add_2850_1
Route         2   e 1.486                                  phase_acc_next[1]
LUT4        ---     0.493              A to Z              phase_acc_next_31__I_0_i6_4_lut
Route         1   e 0.941                                  n6
LUT4        ---     0.493              A to Z              phase_acc_next_31__I_0_i8_3_lut
Route         1   e 0.941                                  n8_adj_3380
LUT4        ---     0.493              A to Z              phase_acc_next_31__I_0_i10_3_lut
Route         1   e 0.941                                  n10_adj_3391
LUT4        ---     0.493              A to Z              phase_acc_next_31__I_0_i12_3_lut
Route         1   e 0.941                                  n12_adj_3374
LUT4        ---     0.493              A to Z              phase_acc_next_31__I_0_i14_3_lut
Route         1   e 0.941                                  n14
LUT4        ---     0.493              A to Z              phase_acc_next_31__I_0_i16_3_lut
Route         1   e 0.941                                  n16
LUT4        ---     0.493              A to Z              phase_acc_next_31__I_0_i18_3_lut
Route         1   e 0.941                                  n18
LUT4        ---     0.493              A to Z              phase_acc_next_31__I_0_i20_3_lut
Route         1   e 0.941                                  n20
LUT4        ---     0.493              A to Z              phase_acc_next_31__I_0_i22_3_lut
Route         1   e 0.941                                  n22
LUT4        ---     0.493              A to Z              phase_acc_next_31__I_0_i24_3_lut
Route         1   e 0.941                                  n24
LUT4        ---     0.493              A to Z              phase_acc_next_31__I_0_i26_3_lut
Route         1   e 0.941                                  n26_adj_3413
LUT4        ---     0.493              A to Z              phase_acc_next_31__I_0_i28_3_lut
Route         1   e 0.941                                  n28
LUT4        ---     0.493              A to Z              phase_acc_next_31__I_0_i30_3_lut
Route         1   e 0.941                                  n30_adj_3414
LUT4        ---     0.493              A to Z              phase_acc_next_31__I_0_i32_3_lut
Route         1   e 0.941                                  n32
LUT4        ---     0.493              A to Z              phase_acc_next_31__I_0_i34_3_lut
Route         1   e 0.941                                  n34_adj_3415
LUT4        ---     0.493              A to Z              phase_acc_next_31__I_0_i36_3_lut
Route         1   e 0.941                                  n36
LUT4        ---     0.493              A to Z              phase_acc_next_31__I_0_i38_3_lut
Route         1   e 0.941                                  n38
LUT4        ---     0.493              A to Z              phase_acc_next_31__I_0_i40_3_lut
Route         1   e 0.941                                  n40_adj_3381
LUT4        ---     0.493              A to Z              phase_acc_next_31__I_0_i42_3_lut
Route         1   e 0.941                                  n42
LUT4        ---     0.493              A to Z              phase_acc_next_31__I_0_i44_3_lut
Route         1   e 0.941                                  n44_adj_3426
LUT4        ---     0.493              A to Z              phase_acc_next_31__I_0_i46_3_lut
Route         1   e 0.941                                  n46
LUT4        ---     0.493              A to Z              phase_acc_next_31__I_0_i48_3_lut
Route         1   e 0.941                                  n48
LUT4        ---     0.493              A to Z              phase_acc_next_31__I_0_i50_3_lut
Route         1   e 0.941                                  n50
LUT4        ---     0.493              A to Z              phase_acc_next_31__I_0_i52_3_lut
Route         1   e 0.941                                  n52
LUT4        ---     0.493              A to Z              phase_acc_next_31__I_0_i54_3_lut
Route         1   e 0.941                                  n54
LUT4        ---     0.493              A to Z              phase_acc_next_31__I_0_i56_3_lut
Route         1   e 0.941                                  n56
LUT4        ---     0.493              A to Z              phase_acc_next_31__I_0_i58_3_lut
Route         1   e 0.941                                  n58
LUT4        ---     0.493              A to Z              phase_acc_next_31__I_0_i60_3_lut
Route         1   e 0.941                                  n60
LUT4        ---     0.493              A to Z              phase_acc_next_31__I_0_i62_3_lut
Route         2   e 1.141                                  n62
LUT4        ---     0.493              A to Z              phase_acc_next_31__I_0_i64_3_lut
Route         1   e 0.941                                  carrier_wrap
LUT4        ---     0.493              C to Z              i2_3_lut_adj_214
Route        35   e 2.044                                  running_N_2903
LUT4        ---     0.493              C to Z              i2_3_lut_adj_219
Route         1   e 0.941                                  fpga_clk_c_enable_23
                  --------
                   50.812  (32.9% logic, 67.1% route), 34 logic levels.

Report: 52.049 ns is the maximum delay for this constraint.


Timing Report Summary
--------------
--------------------------------------------------------------------------------
Constraint                              |   Constraint|       Actual|Levels
--------------------------------------------------------------------------------
                                        |             |             |
create_clock -period 1000.000000 -name  |             |             |
clk3 [get_nets spi_mic_sck_c]           |  1000.000 ns|     8.701 ns|     4  
                                        |             |             |
create_clock -period 1000.000000 -name  |             |             |
clk2 [get_nets fpga_cs_n_c]             |  1000.000 ns|    19.069 ns|    13  
                                        |             |             |
create_clock -period 1000.000000 -name  |             |             |
clk1 [get_nets spi1_sck_c]              |  1000.000 ns|    19.269 ns|    13  
                                        |             |             |
create_clock -period 1000.000000 -name  |             |             |
clk0 [get_nets fpga_clk_c]              |  1000.000 ns|    52.049 ns|    35  
                                        |             |             |
--------------------------------------------------------------------------------


All constraints were met.



Timing summary:
---------------

Timing errors: 0  Score: 0

Constraints cover  111059 paths, 2374 nets, and 7054 connections (78.1% coverage)


Peak memory: 126087168 bytes, TRCE: 47943680 bytes, DLYMAN: 819200 bytes
CPU_TIME_REPORT: 0 secs 
